Component: ARM Compiler 5.06 update 7 (build 960) Tool: armlink [4d3601]

==============================================================================

Section Cross References

    startup_stm32f10x_md.o(STACK) refers (Special) to heapauxi.o(.text) for __use_two_region_memory
    startup_stm32f10x_md.o(HEAP) refers (Special) to heapauxi.o(.text) for __use_two_region_memory
    startup_stm32f10x_md.o(RESET) refers (Special) to heapauxi.o(.text) for __use_two_region_memory
    startup_stm32f10x_md.o(RESET) refers to startup_stm32f10x_md.o(STACK) for __initial_sp
    startup_stm32f10x_md.o(RESET) refers to startup_stm32f10x_md.o(.text) for Reset_Handler
    startup_stm32f10x_md.o(RESET) refers to stm32f10x_it.o(i.NMI_Handler) for NMI_Handler
    startup_stm32f10x_md.o(RESET) refers to stm32f10x_it.o(i.HardFault_Handler) for HardFault_Handler
    startup_stm32f10x_md.o(RESET) refers to stm32f10x_it.o(i.MemManage_Handler) for MemManage_Handler
    startup_stm32f10x_md.o(RESET) refers to stm32f10x_it.o(i.BusFault_Handler) for BusFault_Handler
    startup_stm32f10x_md.o(RESET) refers to stm32f10x_it.o(i.UsageFault_Handler) for UsageFault_Handler
    startup_stm32f10x_md.o(RESET) refers to stm32f10x_it.o(i.SVC_Handler) for SVC_Handler
    startup_stm32f10x_md.o(RESET) refers to stm32f10x_it.o(i.DebugMon_Handler) for DebugMon_Handler
    startup_stm32f10x_md.o(RESET) refers to stm32f10x_it.o(i.PendSV_Handler) for PendSV_Handler
    startup_stm32f10x_md.o(RESET) refers to stm32f10x_it.o(i.SysTick_Handler) for SysTick_Handler
    startup_stm32f10x_md.o(.text) refers (Special) to heapauxi.o(.text) for __use_two_region_memory
    startup_stm32f10x_md.o(.text) refers to system_stm32f10x.o(i.SystemInit) for SystemInit
    startup_stm32f10x_md.o(.text) refers to __main.o(!!!main) for __main
    startup_stm32f10x_md.o(.text) refers to startup_stm32f10x_md.o(HEAP) for Heap_Mem
    startup_stm32f10x_md.o(.text) refers to startup_stm32f10x_md.o(STACK) for Stack_Mem
    system_stm32f10x.o(i.SetSysClock) refers to system_stm32f10x.o(i.SetSysClockTo72) for SetSysClockTo72
    system_stm32f10x.o(i.SystemCoreClockUpdate) refers to system_stm32f10x.o(.data) for SystemCoreClock
    system_stm32f10x.o(i.SystemInit) refers to system_stm32f10x.o(i.SetSysClock) for SetSysClock
    stm32f10x_adc.o(i.ADC_DeInit) refers to stm32f10x_rcc.o(i.RCC_APB2PeriphResetCmd) for RCC_APB2PeriphResetCmd
    stm32f10x_bkp.o(i.BKP_DeInit) refers to stm32f10x_rcc.o(i.RCC_BackupResetCmd) for RCC_BackupResetCmd
    stm32f10x_can.o(i.CAN_DeInit) refers to stm32f10x_rcc.o(i.RCC_APB1PeriphResetCmd) for RCC_APB1PeriphResetCmd
    stm32f10x_can.o(i.CAN_GetITStatus) refers to stm32f10x_can.o(i.CheckITStatus) for CheckITStatus
    stm32f10x_cec.o(i.CEC_DeInit) refers to stm32f10x_rcc.o(i.RCC_APB1PeriphResetCmd) for RCC_APB1PeriphResetCmd
    stm32f10x_dac.o(i.DAC_DeInit) refers to stm32f10x_rcc.o(i.RCC_APB1PeriphResetCmd) for RCC_APB1PeriphResetCmd
    stm32f10x_flash.o(i.FLASH_EnableWriteProtection) refers to stm32f10x_flash.o(i.FLASH_WaitForLastOperation) for FLASH_WaitForLastOperation
    stm32f10x_flash.o(i.FLASH_EraseAllBank1Pages) refers to stm32f10x_flash.o(i.FLASH_WaitForLastBank1Operation) for FLASH_WaitForLastBank1Operation
    stm32f10x_flash.o(i.FLASH_EraseAllPages) refers to stm32f10x_flash.o(i.FLASH_WaitForLastOperation) for FLASH_WaitForLastOperation
    stm32f10x_flash.o(i.FLASH_EraseOptionBytes) refers to stm32f10x_flash.o(i.FLASH_GetReadOutProtectionStatus) for FLASH_GetReadOutProtectionStatus
    stm32f10x_flash.o(i.FLASH_EraseOptionBytes) refers to stm32f10x_flash.o(i.FLASH_WaitForLastOperation) for FLASH_WaitForLastOperation
    stm32f10x_flash.o(i.FLASH_ErasePage) refers to stm32f10x_flash.o(i.FLASH_WaitForLastOperation) for FLASH_WaitForLastOperation
    stm32f10x_flash.o(i.FLASH_ProgramHalfWord) refers to stm32f10x_flash.o(i.FLASH_WaitForLastOperation) for FLASH_WaitForLastOperation
    stm32f10x_flash.o(i.FLASH_ProgramOptionByteData) refers to stm32f10x_flash.o(i.FLASH_WaitForLastOperation) for FLASH_WaitForLastOperation
    stm32f10x_flash.o(i.FLASH_ProgramWord) refers to stm32f10x_flash.o(i.FLASH_WaitForLastOperation) for FLASH_WaitForLastOperation
    stm32f10x_flash.o(i.FLASH_ReadOutProtection) refers to stm32f10x_flash.o(i.FLASH_WaitForLastOperation) for FLASH_WaitForLastOperation
    stm32f10x_flash.o(i.FLASH_UserOptionByteConfig) refers to stm32f10x_flash.o(i.FLASH_WaitForLastOperation) for FLASH_WaitForLastOperation
    stm32f10x_flash.o(i.FLASH_WaitForLastBank1Operation) refers to stm32f10x_flash.o(i.FLASH_GetBank1Status) for FLASH_GetBank1Status
    stm32f10x_flash.o(i.FLASH_WaitForLastOperation) refers to stm32f10x_flash.o(i.FLASH_GetBank1Status) for FLASH_GetBank1Status
    stm32f10x_gpio.o(i.GPIO_AFIODeInit) refers to stm32f10x_rcc.o(i.RCC_APB2PeriphResetCmd) for RCC_APB2PeriphResetCmd
    stm32f10x_gpio.o(i.GPIO_DeInit) refers to stm32f10x_rcc.o(i.RCC_APB2PeriphResetCmd) for RCC_APB2PeriphResetCmd
[...]
    ../clib/stdlib.c                         0x00000000   Number         0  exit.o ABSOLUTE
    ../fplib/dretinf.s                       0x00000000   Number         0  dretinf.o ABSOLUTE
    ../fplib/f2d.s                           0x00000000   Number         0  f2d.o ABSOLUTE
    ../fplib/fdiv.s                          0x00000000   Number         0  fdiv.o ABSOLUTE
    ../fplib/fflt.s                          0x00000000   Number         0  fflt_clz.o ABSOLUTE
    ../fplib/fmul.s                          0x00000000   Number         0  fmul.o ABSOLUTE
    ../fplib/fnaninf.s                       0x00000000   Number         0  fnaninf.o ABSOLUTE
    ../fplib/fpinit.s                        0x00000000   Number         0  fpinit.o ABSOLUTE
    ../fplib/fretinf.s                       0x00000000   Number         0  fretinf.o ABSOLUTE
    ../fplib/istatus.s                       0x00000000   Number         0  istatus.o ABSOLUTE
    ../fplib/printf1.s                       0x00000000   Number         0  printf1.o ABSOLUTE
    ../fplib/printf2.s                       0x00000000   Number         0  printf2.o ABSOLUTE
    ../fplib/printf2a.s                      0x00000000   Number         0  printf2a.o ABSOLUTE
    ../fplib/printf2b.s                      0x00000000   Number         0  printf2b.o ABSOLUTE
    ../fplib/usenofp.s                       0x00000000   Number         0  usenofp.o ABSOLUTE
    ../mathlib/fpclassify.c                  0x00000000   Number         0  fpclassify.o ABSOLUTE
    Hardware\AS5600.c                        0x00000000   Number         0  as5600.o ABSOLUTE
    Library\misc.c                           0x00000000   Number         0  misc.o ABSOLUTE
    Library\stm32f10x_adc.c                  0x00000000   Number         0  stm32f10x_adc.o ABSOLUTE
    Library\stm32f10x_bkp.c                  0x00000000   Number         0  stm32f10x_bkp.o ABSOLUTE
    Library\stm32f10x_can.c                  0x00000000   Number         0  stm32f10x_can.o ABSOLUTE
    Library\stm32f10x_cec.c                  0x00000000   Number         0  stm32f10x_cec.o ABSOLUTE
    Library\stm32f10x_crc.c                  0x00000000   Number         0  stm32f10x_crc.o ABSOLUTE
    Library\stm32f10x_dac.c                  0x00000000   Number         0  stm32f10x_dac.o ABSOLUTE
    Library\stm32f10x_dbgmcu.c               0x00000000   Number         0  stm32f10x_dbgmcu.o ABSOLUTE
    Library\stm32f10x_dma.c                  0x00000000   Number         0  stm32f10x_dma.o ABSOLUTE
    Library\stm32f10x_exti.c                 0x00000000   Number         0  stm32f10x_exti.o ABSOLUTE
    Library\stm32f10x_flash.c                0x00000000   Number         0  stm32f10x_flash.o ABSOLUTE
    Library\stm32f10x_fsmc.c                 0x00000000   Number         0  stm32f10x_fsmc.o ABSOLUTE
    Library\stm32f10x_gpio.c                 0x00000000   Number         0  stm32f10x_gpio.o ABSOLUTE
    Library\stm32f10x_i2c.c                  0x00000000   Number         0  stm32f10x_i2c.o ABSOLUTE
    Library\stm32f10x_iwdg.c                 0x00000000   Number         0  stm32f10x_iwdg.o ABSOLUTE
    Library\stm32f10x_pwr.c                  0x00000000   Number         0  stm32f10x_pwr.o ABSOLUTE
    Library\stm32f10x_rcc.c                  0x00000000   Number         0  stm32f10x_rcc.o ABSOLUTE
    Library\stm32f10x_rtc.c                  0x00000000   Number         0  stm32f10x_rtc.o ABSOLUTE
    Library\stm32f10x_sdio.c                 0x00000000   Number         0  stm32f10x_sdio.o ABSOLUTE
    Library\stm32f10x_spi.c                  0x00000000   Number         0  stm32f10x_spi.o ABSOLUTE
    Library\stm32f10x_tim.c                  0x00000000   Number         0  stm32f10x_tim.o ABSOLUTE
    Library\stm32f10x_usart.c                0x00000000   Number         0  stm32f10x_usart.o ABSOLUTE
    Library\stm32f10x_wwdg.c                 0x00000000   Number         0  stm32f10x_wwdg.o ABSOLUTE
    Start\\core_cm3.c                        0x00000000   Number         0  core_cm3.o ABSOLUTE
    Start\core_cm3.c                         0x00000000   Number         0  core_cm3.o ABSOLUTE
    Start\startup_stm32f10x_md.s             0x00000000   Number         0  startup_stm32f10x_md.o ABSOLUTE
    Start\system_stm32f10x.c                 0x00000000   Number         0  system_stm32f10x.o ABSOLUTE
    System\Delay.c                           0x00000000   Number         0  delay.o ABSOLUTE
    System\MYI2C.c                           0x00000000   Number         0  myi2c.o ABSOLUTE
    System\USART.c                           0x00000000   Number         0  usart.o ABSOLUTE
    User\main.c                              0x00000000   Number         0  main.o ABSOLUTE
    User\stm32f10x_it.c                      0x00000000   Number         0  stm32f10x_it.o ABSOLUTE
    dc.s                                     0x00000000   Number         0  dc.o ABSOLUTE
    RESET                                    0x08000000   Section      236  startup_stm32f10x_md.o(RESET)
    !!!main                                  0x080000ec   Section        8  __main.o(!!!main)
    !!!scatter                               0x080000f4   Section       52  __scatter.o(!!!scatter)
    !!handler_copy                           0x08000128   Section       26  __scatter_copy.o(!!handler_copy)
    !!handler_zi                             0x08000144   Section       28  __scatter_zi.o(!!handler_zi)
    .ARM.Collect$$_printf_percent$$00000000  0x08000160   Section        0  _printf_percent.o(.ARM.Collect$$_printf_percent$$00000000)
    .ARM.Collect$$_printf_percent$$00000001  0x08000160   Section        6  _printf_n.o(.ARM.Collect$$_printf_percent$$00000001)
    .ARM.Collect$$_printf_percent$$00000002  0x08000166   Section        6  _printf_p.o(.ARM.Collect$$_printf_percent$$00000002)
    .ARM.Collect$$_printf_percent$$00000003  0x0800016c   Section        6  _printf_f.o(.ARM.Collect$$_printf_percent$$00000003)
    .ARM.Collect$$_printf_percent$$00000004  0x08000172   Section        6  _printf_e.o(.ARM.Collect$$_printf_percent$$00000004)
    .ARM.Collect$$_printf_percent$$00000005  0x08000178   Section        6  _printf_g.o(.ARM.Collect$$_printf_percent$$00000005)
    .ARM.Collect$$_printf_percent$$00000006  0x0800017e   Section        6  _printf_a.o(.ARM.Collect$$_printf_percent$$00000006)
    .ARM.Collect$$_printf_percent$$00000007  0x08000184   Section       10  _printf_ll.o(.ARM.Collect$$_printf_percent$$00000007)
    .ARM.Collect$$_printf_percent$$00000008  0x0800018e   Section        6  _printf_i.o(.ARM.Collect$$_printf_percent$$00000008)
    .ARM.Collect$$_printf_percent$$00000009  0x08000194   Section        6  _printf_d.o(.ARM.Collect$$_printf_percent$$00000009)
    .ARM.Collect$$_printf_percent$$0000000A  0x0800019a   Section        6  _printf_u.o(.ARM.Collect$$_printf_percent$$0000000A)
    .ARM.Collect$$_printf_percent$$0000000B  0x080001a0   Section        6  _printf_o.o(.ARM.Collect$$_printf_percent$$0000000B)
    .ARM.Collect$$_printf_percent$$0000000C  0x080001a6   Section        6  _printf_x.o(.ARM.Collect$$_printf_percent$$0000000C)
    .ARM.Collect$$_printf_percent$$0000000D  0x080001ac   Section        6  _printf_lli.o(.ARM.Collect$$_printf_percent$$0000000D)
    .ARM.Collect$$_printf_percent$$0000000E  0x080001b2   Section        6  _printf_lld.o(.ARM.Collect$$_printf_percent$$0000000E)
    .ARM.Collect$$_printf_percent$$0000000F  0x080001b8   Section        6  _printf_llu.o(.ARM.Collect$$_printf_percent$$0000000F)
    .ARM.Collect$$_printf_percent$$00000010  0x080001be   Section        6  _printf_llo.o(.ARM.Collect$$_printf_percent$$00000010)
    .ARM.Collect$$_printf_percent$$00000011  0x080001c4   Section        6  _printf_llx.o(.ARM.Collect$$_printf_percent$$00000011)
    .ARM.Collect$$_printf_percent$$00000012  0x080001ca   Section       10  _printf_l.o(.ARM.Collect$$_printf_percent$$00000012)
    .ARM.Collect$$_printf_percent$$00000013  0x080001d4   Section        6  _printf_c.o(.ARM.Collect$$_printf_percent$$00000013)
    .ARM.Collect$$_printf_percent$$00000014  0x080001da   Section        6  _printf_s.o(.ARM.Collect$$_printf_percent$$00000014)
    .ARM.Collect$$_printf_percent$$00000015  0x080001e0   Section        6  _printf_lc.o(.ARM.Collect$$_printf_percent$$00000015)
    .ARM.Collect$$_printf_percent$$00000016  0x080001e6   Section        6  _printf_ls.o(.ARM.Collect$$_printf_percent$$00000016)
    .ARM.Collect$$_printf_percent$$00000017  0x080001ec   Section        4  _printf_percent_end.o(.ARM.Collect$$_printf_percent$$00000017)
    .ARM.Collect$$libinit$$00000000          0x080001f0   Section        2  libinit.o(.ARM.Collect$$libinit$$00000000)
    .ARM.Collect$$libinit$$00000002          0x080001f2   Section        0  libinit2.o(.ARM.Collect$$libinit$$00000002)
    .ARM.Collect$$libinit$$00000004          0x080001f2   Section        0  libinit2.o(.ARM.Collect$$libinit$$00000004)
    .ARM.Collect$$libinit$$0000000A          0x080001f2   Section        0  libinit2.o(.ARM.Collect$$libinit$$0000000A)
    .ARM.Collect$$libinit$$0000000C          0x080001f2   Section        0  libinit2.o(.ARM.Collect$$libinit$$0000000C)
    .ARM.Collect$$libinit$$0000000E          0x080001f2   Section        0  libinit2.o(.ARM.Collect$$libinit$$0000000E)
    .ARM.Collect$$libinit$$0000000F          0x080001f2   Section        6  libinit2.o(.ARM.Collect$$libinit$$0000000F)
    .ARM.Collect$$libinit$$00000011          0x080001f8   Section        0  libinit2.o(.ARM.Collect$$libinit$$00000011)
    .ARM.Collect$$libinit$$00000012          0x080001f8   Section       12  libinit2.o(.ARM.Collect$$libinit$$00000012)
    .ARM.Collect$$libinit$$00000013          0x08000204   Section        0  libinit2.o(.ARM.Collect$$libinit$$00000013)
    .ARM.Collect$$libinit$$00000015          0x08000204   Section        0  libinit2.o(.ARM.Collect$$libinit$$00000015)
    .ARM.Collect$$libinit$$00000016          0x08000204   Section       10  libinit2.o(.ARM.Collect$$libinit$$00000016)
    .ARM.Collect$$libinit$$00000017          0x0800020e   Section        0  libinit2.o(.ARM.Collect$$libinit$$00000017)
    .ARM.Collect$$libinit$$00000019          0x0800020e   Section        0  libinit2.o(.ARM.Collect$$libinit$$00000019)
    .ARM.Collect$$libinit$$0000001B          0x0800020e   Section        0  libinit2.o(.ARM.Collect$$libinit$$0000001B)
    .ARM.Collect$$libinit$$0000001D          0x0800020e   Section        0  libinit2.o(.ARM.Collect$$libinit$$0000001D)
    .ARM.Collect$$libinit$$0000001F          0x0800020e   Section        0  libinit2.o(.ARM.Collect$$libinit$$0000001F)
    .ARM.Collect$$libinit$$00000021          0x0800020e   Section        0  libinit2.o(.ARM.Collect$$libinit$$00000021)
    .ARM.Collect$$libinit$$00000023          0x0800020e   Section        0  libinit2.o(.ARM.Collect$$libinit$$00000023)
    .ARM.Collect$$libinit$$00000025          0x0800020e   Section        0  libinit2.o(.ARM.Collect$$libinit$$00000025)
    .ARM.Collect$$libinit$$0000002C          0x0800020e   Section        0  libinit2.o(.ARM.Collect$$libinit$$0000002C)
    .ARM.Collect$$libinit$$0000002E          0x0800020e   Section        0  libinit2.o(.ARM.Collect$$libinit$$0000002E)
    .ARM.Collect$$libinit$$00000030          0x0800020e   Section        0  libinit2.o(.ARM.Collect$$libinit$$00000030)
    .ARM.Collect$$libinit$$00000032          0x0800020e   Section        0  libinit2.o(.ARM.Collect$$libinit$$00000032)
    .ARM.Collect$$libinit$$00000033          0x0800020e   Section        2  libinit2.o(.ARM.Collect$$libinit$$00000033)
    .ARM.Collect$$libshutdown$$00000000      0x08000210   Section        2  libshutdown.o(.ARM.Collect$$libshutdown$$00000000)
    .ARM.Collect$$libshutdown$$00000002      0x08000212   Section        0  libshutdown2.o(.ARM.Collect$$libshutdown$$00000002)
    .ARM.Collect$$libshutdown$$00000004      0x08000212   Section        0  libshutdown2.o(.ARM.Collect$$libshutdown$$00000004)
    .ARM.Collect$$libshutdown$$00000006      0x08000212   Section        0  libshutdown2.o(.ARM.Collect$$libshutdown$$00000006)
    .ARM.Collect$$libshutdown$$00000009      0x08000212   Section        0  libshutdown2.o(.ARM.Collect$$libshutdown$$00000009)
    .ARM.Collect$$libshutdown$$0000000C      0x08000212   Section        0  libshutdown2.o(.ARM.Collect$$libshutdown$$0000000C)
    .ARM.Collect$$libshutdown$$0000000E      0x08000212   Section        0  libshutdown2.o(.ARM.Collect$$libshutdown$$0000000E)
    .ARM.Collect$$libshutdown$$00000011      0x08000212   Section        0  libshutdown2.o(.ARM.Collect$$libshutdown$$00000011)
    .ARM.Collect$$libshutdown$$00000012      0x08000212   Section        2  libshutdown2.o(.ARM.Collect$$libshutdown$$00000012)
    .ARM.Collect$$rtentry$$00000000          0x08000214   Section        0  __rtentry.o(.ARM.Collect$$rtentry$$00000000)
    .ARM.Collect$$rtentry$$00000002          0x08000214   Section        0  __rtentry2.o(.ARM.Collect$$rtentry$$00000002)
    .ARM.Collect$$rtentry$$00000004          0x08000214   Section        6  __rtentry4.o(.ARM.Collect$$rtentry$$00000004)
    .ARM.Collect$$rtentry$$00000009          0x0800021a   Section        0  __rtentry2.o(.ARM.Collect$$rtentry$$00000009)
    .ARM.Collect$$rtentry$$0000000A          0x0800021a   Section        4  __rtentry2.o(.ARM.Collect$$rtentry$$0000000A)
    .ARM.Collect$$rtentry$$0000000C          0x0800021e   Section        0  __rtentry2.o(.ARM.Collect$$rtentry$$0000000C)
    .ARM.Collect$$rtentry$$0000000D          0x0800021e   Section        8  __rtentry2.o(.ARM.Collect$$rtentry$$0000000D)
    .ARM.Collect$$rtexit$$00000000           0x08000226   Section        2  rtexit.o(.ARM.Collect$$rtexit$$00000000)
    .ARM.Collect$$rtexit$$00000002           0x08000228   Section        0  rtexit2.o(.ARM.Collect$$rtexit$$00000002)
    .ARM.Collect$$rtexit$$00000003           0x08000228   Section        4  rtexit2.o(.ARM.Collect$$rtexit$$00000003)
    .ARM.Collect$$rtexit$$00000004           0x0800022c   Section        6  rtexit2.o(.ARM.Collect$$rtexit$$00000004)
    .text                                    0x08000234   Section       64  startup_stm32f10x_md.o(.text)
    .text                                    0x08000274   Section        0  vsnprintf.o(.text)
    .text                                    0x080002a8   Section        0  heapauxi.o(.text)
    .text                                    0x080002ae   Section        0  _printf_pad.o(.text)
    .text                                    0x080002fc   Section        0  _printf_truncate.o(.text)
    .text                                    0x08000320   Section        0  _printf_str.o(.text)
    .text                                    0x08000374   Section        0  _printf_dec.o(.text)
    .text                                    0x080003ec   Section        0  _printf_charcount.o(.text)
    .text                                    0x08000414   Section        0  _printf_char_common.o(.text)
    _printf_input_char                       0x08000415   Thumb Code    10  _printf_char_common.o(.text)
    .text                                    0x08000444   Section        0  _sputc.o(.text)
    .text                                    0x0800044e   Section        0  _snputc.o(.text)
    .text                                    0x08000460   Section        0  _printf_wctomb.o(.text)
    .text                                    0x0800051c   Section        0  _printf_longlong_dec.o(.text)
    .text                                    0x08000598   Section        0  _printf_oct_int_ll.o(.text)
    _printf_longlong_oct_internal            0x08000599   Thumb Code     0  _printf_oct_int_ll.o(.text)
    .text                                    0x08000608   Section        0  _printf_hex_int_ll_ptr.o(.text)
    _printf_hex_common                       0x08000609   Thumb Code     0  _printf_hex_int_ll_ptr.o(.text)
    .text                                    0x0800069c   Section        0  __printf_flags_ss_wp.o(.text)
    .text                                    0x08000824   Section      138  lludiv10.o(.text)
    .text                                    0x080008ae   Section        0  _printf_intcommon.o(.text)
    .text                                    0x08000960   Section        0  _printf_fp_dec.o(.text)
    _fp_digits                               0x08000963   Thumb Code   432  _printf_fp_dec.o(.text)
    .text                                    0x08000d80   Section        0  _printf_fp_hex.o(.text)
    .text                                    0x0800107c   Section        0  _printf_char.o(.text)
    .text                                    0x080010a8   Section        0  _printf_wchar.o(.text)
    .text                                    0x080010d4   Section        0  _wcrtomb.o(.text)
    .text                                    0x08001114   Section       74  sys_stackheap_outer.o(.text)
    .text                                    0x08001160   Section       16  rt_ctype_table.o(.text)
    .text                                    0x08001170   Section        8  rt_locale_intlibspace.o(.text)
    .text                                    0x08001178   Section        0  _printf_fp_infnan.o(.text)
    .text                                    0x080011f8   Section        0  bigflt0.o(.text)
    .text                                    0x080012dc   Section        0  exit.o(.text)
    .text                                    0x080012f0   Section        8  libspace.o(.text)
    .text                                    0x080012f8   Section      128  strcmpv7m.o(.text)
    .text                                    0x08001378   Section        0  sys_exit.o(.text)
    .text                                    0x08001384   Section        2  use_no_semi.o(.text)
    .text                                    0x08001386   Section        0  indicate_semi.o(.text)
    CL$$btod_d2e                             0x08001386   Section       62  btod.o(CL$$btod_d2e)
    CL$$btod_d2e_denorm_low                  0x080013c4   Section       70  btod.o(CL$$btod_d2e_denorm_low)
    CL$$btod_d2e_norm_op1                    0x0800140a   Section       96  btod.o(CL$$btod_d2e_norm_op1)
    CL$$btod_div_common                      0x0800146a   Section      824  btod.o(CL$$btod_div_common)
    CL$$btod_e2e                             0x080017a2   Section      220  btod.o(CL$$btod_e2e)
    CL$$btod_ediv                            0x0800187e   Section       42  btod.o(CL$$btod_ediv)
    CL$$btod_emul                            0x080018a8   Section       42  btod.o(CL$$btod_emul)
    CL$$btod_mult_common                     0x080018d2   Section      580  btod.o(CL$$btod_mult_common)
    i.AS5600_CheckMagnetStatus               0x08001b16   Section        0  as5600.o(i.AS5600_CheckMagnetStatus)
    i.AS5600_GetAGC                          0x08001b52   Section        0  as5600.o(i.AS5600_GetAGC)
    i.AS5600_GetAngle                        0x08001b6c   Section        0  as5600.o(i.AS5600_GetAngle)
    i.AS5600_GetErrorString                  0x08001ba0   Section        0  as5600.o(i.AS5600_GetErrorString)
    i.AS5600_GetMagnitude                    0x08001c2c   Section        0  as5600.o(i.AS5600_GetMagnitude)
    i.AS5600_GetRawAngle                     0x08001c5e   Section        0  as5600.o(i.AS5600_GetRawAngle)
    i.AS5600_GetStatus                       0x08001c90   Section        0  as5600.o(i.AS5600_GetStatus)
    i.AS5600_Init                            0x08001cac   Section        0  as5600.o(i.AS5600_Init)
    i.AS5600_IsConnected                     0x08001cd4   Section        0  as5600.o(i.AS5600_IsConnected)
    i.AS5600_RawToDegree                     0x08001ce8   Section        0  as5600.o(i.AS5600_RawToDegree)
    i.AS5600_RawToRadian                     0x08001d0c   Section        0  as5600.o(i.AS5600_RawToRadian)
    i.AS5600_ReadAll                         0x08001d3c   Section        0  as5600.o(i.AS5600_ReadAll)
    i.BusFault_Handler                       0x08001daa   Section        0  stm32f10x_it.o(i.BusFault_Handler)
    i.DebugMon_Handler                       0x08001dae   Section        0  stm32f10x_it.o(i.DebugMon_Handler)
    i.Delay_ms                               0x08001db0   Section        0  delay.o(i.Delay_ms)
    i.Delay_us                               0x08001dc8   Section        0  delay.o(i.Delay_us)
    i.GPIO_Init                              0x08001df6   Section        0  stm32f10x_gpio.o(i.GPIO_Init)
    i.HardFault_Handler                      0x08001f0c   Section        0  stm32f10x_it.o(i.HardFault_Handler)
    i.I2C_Cmd                                0x08001f10   Section        0  stm32f10x_i2c.o(i.I2C_Cmd)
    i.I2C_DeInit                             0x08001f28   Section        0  stm32f10x_i2c.o(i.I2C_DeInit)
    i.I2C_Init                               0x08001f60   Section        0  stm32f10x_i2c.o(i.I2C_Init)
    i.I2C_Read                               0x0800204c   Section        0  myi2c.o(i.I2C_Read)
    i.I2C_ReadByte                           0x0800210c   Section        0  myi2c.o(i.I2C_ReadByte)
    i.I2C_ReceiveByte                        0x08002124   Section        0  myi2c.o(i.I2C_ReceiveByte)
    i.I2C_SendAddress                        0x08002170   Section        0  myi2c.o(i.I2C_SendAddress)
    i.I2C_SendByte                           0x080021a8   Section        0  myi2c.o(i.I2C_SendByte)
    i.I2C_Start                              0x080021d4   Section        0  myi2c.o(i.I2C_Start)
    i.I2C_Stop                               0x08002204   Section        0  myi2c.o(i.I2C_Stop)
    i.I2C_WaitBTF                            0x08002218   Section        0  myi2c.o(i.I2C_WaitBTF)
    i.MYI2C_Init                             0x0800223c   Section        0  myi2c.o(i.MYI2C_Init)
    i.MemManage_Handler                      0x080022b8   Section        0  stm32f10x_it.o(i.MemManage_Handler)
    i.NMI_Handler                            0x080022bc   Section        0  stm32f10x_it.o(i.NMI_Handler)
    i.PendSV_Handler                         0x080022be   Section        0  stm32f10x_it.o(i.PendSV_Handler)
    i.RCC_APB1PeriphClockCmd                 0x080022c0   Section        0  stm32f10x_rcc.o(i.RCC_APB1PeriphClockCmd)
    i.RCC_APB1PeriphResetCmd                 0x080022e0   Section        0  stm32f10x_rcc.o(i.RCC_APB1PeriphResetCmd)
    i.RCC_APB2PeriphClockCmd                 0x08002300   Section        0  stm32f10x_rcc.o(i.RCC_APB2PeriphClockCmd)
    i.RCC_GetClocksFreq                      0x08002320   Section        0  stm32f10x_rcc.o(i.RCC_GetClocksFreq)
    i.SVC_Handler                            0x080023f4   Section        0  stm32f10x_it.o(i.SVC_Handler)
    i.SetSysClock                            0x080023f6   Section        0  system_stm32f10x.o(i.SetSysClock)
    SetSysClock                              0x080023f7   Thumb Code     8  system_stm32f10x.o(i.SetSysClock)
    i.SetSysClockTo72                        0x08002400   Section        0  system_stm32f10x.o(i.SetSysClockTo72)
    SetSysClockTo72                          0x08002401   Thumb Code   214  system_stm32f10x.o(i.SetSysClockTo72)
    i.SysTick_Handler                        0x080024e0   Section        0  stm32f10x_it.o(i.SysTick_Handler)
    i.SystemInit                             0x080024e4   Section        0  system_stm32f10x.o(i.SystemInit)
    i.USART1_Init                            0x08002544   Section        0  usart.o(i.USART1_Init)
    i.USART1_Printf                          0x080025c8   Section        0  usart.o(i.USART1_Printf)
    i.USART1_SendByte                        0x080025f0   Section        0  usart.o(i.USART1_SendByte)
    i.USART1_SendNewLine                     0x08002620   Section        0  usart.o(i.USART1_SendNewLine)
    i.USART1_SendString                      0x08002630   Section        0  usart.o(i.USART1_SendString)
    i.USART_Cmd                              0x08002650   Section        0  stm32f10x_usart.o(i.USART_Cmd)
    i.USART_GetFlagStatus                    0x08002668   Section        0  stm32f10x_usart.o(i.USART_GetFlagStatus)
    i.USART_Init                             0x08002684   Section        0  stm32f10x_usart.o(i.USART_Init)
    i.USART_SendData                         0x0800275c   Section        0  stm32f10x_usart.o(i.USART_SendData)
    i.UsageFault_Handler                     0x08002764   Section        0  stm32f10x_it.o(i.UsageFault_Handler)
    i.__ARM_fpclassify                       0x08002768   Section        0  fpclassify.o(i.__ARM_fpclassify)
    i._is_digit                              0x08002790   Section        0  __printf_wp.o(i._is_digit)
    i.main                                   0x080027a0   Section        0  main.o(i.main)
    locale$$code                             0x08002ec4   Section       44  lc_numeric_c.o(locale$$code)
    locale$$code                             0x08002ef0   Section       44  lc_ctype_c.o(locale$$code)
    x$fpl$dretinf                            0x08002f1c   Section       12  dretinf.o(x$fpl$dretinf)
    x$fpl$f2d                                0x08002f28   Section       86  f2d.o(x$fpl$f2d)
    x$fpl$fdiv                               0x08002f80   Section      388  fdiv.o(x$fpl$fdiv)
    _fdiv1                                   0x08002f81   Thumb Code     0  fdiv.o(x$fpl$fdiv)
    x$fpl$ffltu                              0x08003104   Section       38  fflt_clz.o(x$fpl$ffltu)
    x$fpl$fmul                               0x0800312c   Section      258  fmul.o(x$fpl$fmul)
    x$fpl$fnaninf                            0x0800322e   Section      140  fnaninf.o(x$fpl$fnaninf)
    x$fpl$fretinf                            0x080032ba   Section       10  fretinf.o(x$fpl$fretinf)
    x$fpl$printf1                            0x080032c4   Section        4  printf1.o(x$fpl$printf1)
    x$fpl$printf2                            0x080032c8   Section        4  printf2.o(x$fpl$printf2)
    .constdata                               0x080032cc   Section        8  _printf_wctomb.o(.constdata)
    x$fpl$usenofp                            0x080032cc   Section        0  usenofp.o(x$fpl$usenofp)
    initial_mbstate                          0x080032cc   Data           8  _printf_wctomb.o(.constdata)
    .constdata                               0x080032d4   Section       40  _printf_hex_int_ll_ptr.o(.constdata)
    uc_hextab                                0x080032d4   Data          20  _printf_hex_int_ll_ptr.o(.constdata)
    lc_hextab                                0x080032e8   Data          20  _printf_hex_int_ll_ptr.o(.constdata)
    .constdata                               0x080032fc   Section       17  __printf_flags_ss_wp.o(.constdata)
    maptable                                 0x080032fc   Data          17  __printf_flags_ss_wp.o(.constdata)
    .constdata                               0x0800330d   Section       38  _printf_fp_hex.o(.constdata)
    lc_hextab                                0x0800330d   Data          19  _printf_fp_hex.o(.constdata)
    uc_hextab                                0x08003320   Data          19  _printf_fp_hex.o(.constdata)
    .constdata                               0x08003334   Section      148  bigflt0.o(.constdata)
    tenpwrs_x                                0x08003334   Data          60  bigflt0.o(.constdata)
    tenpwrs_i                                0x08003370   Data          64  bigflt0.o(.constdata)
    .conststring                             0x080033c8   Section      141  main.o(.conststring)
    locale$$data                             0x08003478   Section       28  lc_numeric_c.o(locale$$data)
    __lcnum_c_name                           0x0800347c   Data           2  lc_numeric_c.o(locale$$data)
    __lcnum_c_start                          0x08003484   Data           0  lc_numeric_c.o(locale$$data)
    __lcnum_c_point                          0x08003490   Data           0  lc_numeric_c.o(locale$$data)
    __lcnum_c_thousands                      0x08003492   Data           0  lc_numeric_c.o(locale$$data)
    __lcnum_c_grouping                       0x08003493   Data           0  lc_numeric_c.o(locale$$data)
    locale$$data                             0x08003494   Section      272  lc_ctype_c.o(locale$$data)
    __lcnum_c_end                            0x08003494   Data           0  lc_numeric_c.o(locale$$data)
    __lcctype_c_name                         0x08003498   Data           2  lc_ctype_c.o(locale$$data)
    __lcctype_c_start                        0x080034a0   Data           0  lc_ctype_c.o(locale$$data)
    __lcctype_c_end                          0x080035a4   Data           0  lc_ctype_c.o(locale$$data)
    .data                                    0x20000000   Section       20  stm32f10x_rcc.o(.data)
    APBAHBPrescTable                         0x20000000   Data          16  stm32f10x_rcc.o(.data)
    ADCPrescTable                            0x20000010   Data           4  stm32f10x_rcc.o(.data)
    .data                                    0x20000014   Section        4  usart.o(.data)
    current_baudrate                         0x20000014   Data           4  usart.o(.data)
    .data                                    0x20000018   Section        8  as5600.o(.data)
    last_angle                               0x20000018   Data           2  as5600.o(.data)
    total_turns                              0x2000001c   Data           4  as5600.o(.data)
    .bss                                     0x20000020   Section       96  libspace.o(.bss)
    HEAP                                     0x20000080   Section      512  startup_stm32f10x_md.o(HEAP)
    Heap_Mem                                 0x20000080   Data         512  startup_stm32f10x_md.o(HEAP)
    STACK                                    0x20000280   Section     1024  startup_stm32f10x_md.o(STACK)
    Stack_Mem                                0x20000280   Data        1024  startup_stm32f10x_md.o(STACK)
    __initial_sp                             0x20000680   Data           0  startup_stm32f10x_md.o(STACK)

    Global Symbols

    Symbol Name                              Value     Ov Type        Size  Object(Section)

    BuildAttributes$$THM_ISAv4$P$D$K$B$S$PE$A:L22UL41UL21$X:L11$S22US41US21$IEEE1$IW$USESV6$~STKCKD$USESV7$~SHL$OTIME$ROPI$IEEEJ$EBA8$UX$STANDARDLIB$REQ8$PRES8$EABIv2 0x00000000   Number         0  anon$$obj.o ABSOLUTE
    __ARM_use_no_argv                        0x00000000   Number         0  main.o ABSOLUTE
    _printf_flags                            0x00000000   Number         0  printf_stubs.o ABSOLUTE
    _printf_return_value                     0x00000000   Number         0  printf_stubs.o ABSOLUTE
    _printf_sizespec                         0x00000000   Number         0  printf_stubs.o ABSOLUTE
    _printf_widthprec                        0x00000000   Number         0  printf_stubs.o ABSOLUTE
    __ARM_exceptions_init                     - Undefined Weak Reference
    __alloca_initialize                       - Undefined Weak Reference
    __arm_fini_                               - Undefined Weak Reference
    __arm_preinit_                            - Undefined Weak Reference
    __cpp_initialize__aeabi_                  - Undefined Weak Reference
    __cxa_finalize                            - Undefined Weak Reference
    __sigvec_lookup                           - Undefined Weak Reference
    _atexit_init                              - Undefined Weak Reference
    _call_atexit_fns                          - Undefined Weak Reference
    _clock_init                               - Undefined Weak Reference
    _fp_trap_init                             - Undefined Weak Reference
    _fp_trap_shutdown                         - Undefined Weak Reference
    _get_lc_collate                           - Undefined Weak Reference
    _get_lc_monetary                          - Undefined Weak Reference
    _get_lc_time                              - Undefined Weak Reference
    _getenv_init                              - Undefined Weak Reference
    _handle_redirection                       - Undefined Weak Reference
    _init_alloc                               - Undefined Weak Reference
    _init_user_alloc                          - Undefined Weak Reference
    _initio                                   - Undefined Weak Reference
    _printf_mbtowc                            - Undefined Weak Reference
    _printf_wc                                - Undefined Weak Reference
    _rand_init                                - Undefined Weak Reference
    _signal_finish                            - Undefined Weak Reference
    _signal_init                              - Undefined Weak Reference
    _terminate_alloc                          - Undefined Weak Reference
    _terminate_user_alloc                     - Undefined Weak Reference
    _terminateio                              - Undefined Weak Reference
    __Vectors_Size                           0x000000ec   Number         0  startup_stm32f10x_md.o ABSOLUTE
    __Vectors                                0x08000000   Data           4  startup_stm32f10x_md.o(RESET)
    __Vectors_End                            0x080000ec   Data           0  startup_stm32f10x_md.o(RESET)
    __main                                   0x080000ed   Thumb Code     8  __main.o(!!!main)
    __scatterload                            0x080000f5   Thumb Code     0  __scatter.o(!!!scatter)
    __scatterload_rt2                        0x080000f5   Thumb Code    44  __scatter.o(!!!scatter)
    __scatterload_rt2_thumb_only             0x080000f5   Thumb Code     0  __scatter.o(!!!scatter)
    __scatterload_null                       0x08000103   Thumb Code     0  __scatter.o(!!!scatter)
    __scatterload_copy                       0x08000129   Thumb Code    26  __scatter_copy.o(!!handler_copy)
    __scatterload_zeroinit                   0x08000145   Thumb Code    28  __scatter_zi.o(!!handler_zi)
    _printf_n                                0x08000161   Thumb Code     0  _printf_n.o(.ARM.Collect$$_printf_percent$$00000001)
    _printf_percent                          0x08000161   Thumb Code     0  _printf_percent.o(.ARM.Collect$$_printf_percent$$00000000)
    _printf_p                                0x08000167   Thumb Code     0  _printf_p.o(.ARM.Collect$$_printf_percent$$00000002)
    _printf_f                                0x0800016d   Thumb Code     0  _printf_f.o(.ARM.Collect$$_printf_percent$$00000003)
    _printf_e                                0x08000173   Thumb Code     0  _printf_e.o(.ARM.Collect$$_printf_percent$$00000004)
    _printf_g                                0x08000179   Thumb Code     0  _printf_g.o(.ARM.Collect$$_printf_percent$$00000005)
    _printf_a                                0x0800017f   Thumb Code     0  _printf_a.o(.ARM.Collect$$_printf_percent$$00000006)
    _printf_ll                               0x08000185   Thumb Code     0  _printf_ll.o(.ARM.Collect$$_printf_percent$$00000007)
    _printf_i                                0x0800018f   Thumb Code     0  _printf_i.o(.ARM.Collect$$_printf_percent$$00000008)
    _printf_d                                0x08000195   Thumb Code     0  _printf_d.o(.ARM.Collect$$_printf_percent$$00000009)
    _printf_u                                0x0800019b   Thumb Code     0  _printf_u.o(.ARM.Collect$$_printf_percent$$0000000A)
    _printf_o                                0x080001a1   Thumb Code     0  _printf_o.o(.ARM.Collect$$_printf_percent$$0000000B)
    _printf_x                                0x080001a7   Thumb Code     0  _printf_x.o(.ARM.Collect$$_printf_percent$$0000000C)
    _printf_lli                              0x080001ad   Thumb Code     0  _printf_lli.o(.ARM.Collect$$_printf_percent$$0000000D)
    _printf_lld                              0x080001b3   Thumb Code     0  _printf_lld.o(.ARM.Collect$$_printf_percent$$0000000E)
    _printf_llu                              0x080001b9   Thumb Code     0  _printf_llu.o(.ARM.Collect$$_printf_percent$$0000000F)
    _printf_llo                              0x080001bf   Thumb Code     0  _printf_llo.o(.ARM.Collect$$_printf_percent$$00000010)
    _printf_llx                              0x080001c5   Thumb Code     0  _printf_llx.o(.ARM.Collect$$_printf_percent$$00000011)
    _printf_l                                0x080001cb   Thumb Code     0  _printf_l.o(.ARM.Collect$$_printf_percent$$00000012)
    _printf_c                                0x080001d5   Thumb Code     0  _printf_c.o(.ARM.Collect$$_printf_percent$$00000013)
    _printf_s                                0x080001db   Thumb Code     0  _printf_s.o(.ARM.Collect$$_printf_percent$$00000014)
    _printf_lc                               0x080001e1   Thumb Code     0  _printf_lc.o(.ARM.Collect$$_printf_percent$$00000015)
    _printf_ls                               0x080001e7   Thumb Code     0  _printf_ls.o(.ARM.Collect$$_printf_percent$$00000016)
    _printf_percent_end                      0x080001ed   Thumb Code     0  _printf_percent_end.o(.ARM.Collect$$_printf_percent$$00000017)
    __rt_lib_init                            0x080001f1   Thumb Code     0  libinit.o(.ARM.Collect$$libinit$$00000000)
    __rt_lib_init_fp_1                       0x080001f3   Thumb Code     0  libinit2.o(.ARM.Collect$$libinit$$00000002)
    __rt_lib_init_heap_1                     0x080001f3   Thumb Code     0  libinit2.o(.ARM.Collect$$libinit$$0000000A)
    __rt_lib_init_lc_common                  0x080001f3   Thumb Code     0  libinit2.o(.ARM.Collect$$libinit$$0000000F)
    __rt_lib_init_preinit_1                  0x080001f3   Thumb Code     0  libinit2.o(.ARM.Collect$$libinit$$00000004)
    __rt_lib_init_rand_1                     0x080001f3   Thumb Code     0  libinit2.o(.ARM.Collect$$libinit$$0000000E)
    __rt_lib_init_user_alloc_1               0x080001f3   Thumb Code     0  libinit2.o(.ARM.Collect$$libinit$$0000000C)
    __rt_lib_init_lc_collate_1               0x080001f9   Thumb Code     0  libinit2.o(.ARM.Collect$$libinit$$00000011)
    __rt_lib_init_lc_ctype_2                 0x080001f9   Thumb Code     0  libinit2.o(.ARM.Collect$$libinit$$00000012)
    __rt_lib_init_lc_ctype_1                 0x08000205   Thumb Code     0  libinit2.o(.ARM.Collect$$libinit$$00000013)
    __rt_lib_init_lc_monetary_1              0x08000205   Thumb Code     0  libinit2.o(.ARM.Collect$$libinit$$00000015)
    __rt_lib_init_lc_numeric_2               0x08000205   Thumb Code     0  libinit2.o(.ARM.Collect$$libinit$$00000016)
    __rt_lib_init_alloca_1                   0x0800020f   Thumb Code     0  libinit2.o(.ARM.Collect$$libinit$$0000002E)
    __rt_lib_init_argv_1                     0x0800020f   Thumb Code     0  libinit2.o(.ARM.Collect$$libinit$$0000002C)
    __rt_lib_init_atexit_1                   0x0800020f   Thumb Code     0  libinit2.o(.ARM.Collect$$libinit$$0000001B)
    __rt_lib_init_clock_1                    0x0800020f   Thumb Code     0  libinit2.o(.ARM.Collect$$libinit$$00000021)
    __rt_lib_init_cpp_1                      0x0800020f   Thumb Code     0  libinit2.o(.ARM.Collect$$libinit$$00000032)
    __rt_lib_init_exceptions_1               0x0800020f   Thumb Code     0  libinit2.o(.ARM.Collect$$libinit$$00000030)
    __rt_lib_init_fp_trap_1                  0x0800020f   Thumb Code     0  libinit2.o(.ARM.Collect$$libinit$$0000001F)
    __rt_lib_init_getenv_1                   0x0800020f   Thumb Code     0  libinit2.o(.ARM.Collect$$libinit$$00000023)
    __rt_lib_init_lc_numeric_1               0x0800020f   Thumb Code     0  libinit2.o(.ARM.Collect$$libinit$$00000017)
    __rt_lib_init_lc_time_1                  0x0800020f   Thumb Code     0  libinit2.o(.ARM.Collect$$libinit$$00000019)
    __rt_lib_init_return                     0x0800020f   Thumb Code     0  libinit2.o(.ARM.Collect$$libinit$$00000033)
    __rt_lib_init_signal_1                   0x0800020f   Thumb Code     0  libinit2.o(.ARM.Collect$$libinit$$0000001D)
    __rt_lib_init_stdio_1                    0x0800020f   Thumb Code     0  libinit2.o(.ARM.Collect$$libinit$$00000025)
    __rt_lib_shutdown                        0x08000211   Thumb Code     0  libshutdown.o(.ARM.Collect$$libshutdown$$00000000)
    __rt_lib_shutdown_cpp_1                  0x08000213   Thumb Code     0  libshutdown2.o(.ARM.Collect$$libshutdown$$00000004)
    __rt_lib_shutdown_fini_1                 0x08000213   Thumb Code     0  libshutdown2.o(.ARM.Collect$$libshutdown$$00000002)
    __rt_lib_shutdown_fp_trap_1              0x08000213   Thumb Code     0  libshutdown2.o(.ARM.Collect$$libshutdown$$00000009)
    __rt_lib_shutdown_heap_1                 0x08000213   Thumb Code     0  libshutdown2.o(.ARM.Collect$$libshutdown$$00000011)
    __rt_lib_shutdown_return                 0x08000213   Thumb Code     0  libshutdown2.o(.ARM.Collect$$libshutdown$$00000012)
    __rt_lib_shutdown_signal_1               0x08000213   Thumb Code     0  libshutdown2.o(.ARM.Collect$$libshutdown$$0000000C)
    __rt_lib_shutdown_stdio_1                0x08000213   Thumb Code     0  libshutdown2.o(.ARM.Collect$$libshutdown$$00000006)
    __rt_lib_shutdown_user_alloc_1           0x08000213   Thumb Code     0  libshutdown2.o(.ARM.Collect$$libshutdown$$0000000E)
    __rt_entry                               0x08000215   Thumb Code     0  __rtentry.o(.ARM.Collect$$rtentry$$00000000)
    __rt_entry_presh_1                       0x08000215   Thumb Code     0  __rtentry2.o(.ARM.Collect$$rtentry$$00000002)
    __rt_entry_sh                            0x08000215   Thumb Code     0  __rtentry4.o(.ARM.Collect$$rtentry$$00000004)
    __rt_entry_li                            0x0800021b   Thumb Code     0  __rtentry2.o(.ARM.Collect$$rtentry$$0000000A)
    __rt_entry_postsh_1                      0x0800021b   Thumb Code     0  __rtentry2.o(.ARM.Collect$$rtentry$$00000009)
    __rt_entry_main                          0x0800021f   Thumb Code     0  __rtentry2.o(.ARM.Collect$$rtentry$$0000000D)
    __rt_entry_postli_1                      0x0800021f   Thumb Code     0  __rtentry2.o(.ARM.Collect$$rtentry$$0000000C)
    __rt_exit                                0x08000227   Thumb Code     0  rtexit.o(.ARM.Collect$$rtexit$$00000000)
    __rt_exit_ls                             0x08000229   Thumb Code     0  rtexit2.o(.ARM.Collect$$rtexit$$00000003)
    __rt_exit_prels_1                        0x08000229   Thumb Code     0  rtexit2.o(.ARM.Collect$$rtexit$$00000002)
    __rt_exit_exit                           0x0800022d   Thumb Code     0  rtexit2.o(.ARM.Collect$$rtexit$$00000004)
    Reset_Handler                            0x08000235   Thumb Code     8  startup_stm32f10x_md.o(.text)
    ADC1_2_IRQHandler                        0x0800024f   Thumb Code     0  startup_stm32f10x_md.o(.text)
    CAN1_RX1_IRQHandler                      0x0800024f   Thumb Code     0  startup_stm32f10x_md.o(.text)
    CAN1_SCE_IRQHandler                      0x0800024f   Thumb Code     0  startup_stm32f10x_md.o(.text)
    DMA1_Channel1_IRQHandler                 0x0800024f   Thumb Code     0  startup_stm32f10x_md.o(.text)
    DMA1_Channel2_IRQHandler                 0x0800024f   Thumb Code     0  startup_stm32f10x_md.o(.text)
    DMA1_Channel3_IRQHandler                 0x0800024f   Thumb Code     0  startup_stm32f10x_md.o(.text)
    DMA1_Channel4_IRQHandler                 0x0800024f   Thumb Code     0  startup_stm32f10x_md.o(.text)
    DMA1_Channel5_IRQHandler                 0x0800024f   Thumb Code     0  startup_stm32f10x_md.o(.text)
    DMA1_Channel6_IRQHandler                 0x0800024f   Thumb Code     0  startup_stm32f10x_md.o(.text)
    DMA1_Channel7_IRQHandler                 0x0800024f   Thumb Code     0  startup_stm32f10x_md.o(.text)
    EXTI0_IRQHandler                         0x0800024f   Thumb Code     0  startup_stm32f10x_md.o(.text)
    EXTI15_10_IRQHandler                     0x0800024f   Thumb Code     0  startup_stm32f10x_md.o(.text)
    EXTI1_IRQHandler                         0x0800024f   Thumb Code     0  startup_stm32f10x_md.o(.text)
    EXTI2_IRQHandler                         0x0800024f   Thumb Code     0  startup_stm32f10x_md.o(.text)
    EXTI3_IRQHandler                         0x0800024f   Thumb Code     0  startup_stm32f10x_md.o(.text)
    EXTI4_IRQHandler                         0x0800024f   Thumb Code     0  startup_stm32f10x_md.o(.text)
    EXTI9_5_IRQHandler                       0x0800024f   Thumb Code     0  startup_stm32f10x_md.o(.text)
    FLASH_IRQHandler                         0x0800024f   Thumb Code     0  startup_stm32f10x_md.o(.text)
    I2C1_ER_IRQHandler                       0x0800024f   Thumb Code     0  startup_stm32f10x_md.o(.text)
    I2C1_EV_IRQHandler                       0x0800024f   Thumb Code     0  startup_stm32f10x_md.o(.text)
    I2C2_ER_IRQHandler                       0x0800024f   Thumb Code     0  startup_stm32f10x_md.o(.text)
    I2C2_EV_IRQHandler                       0x0800024f   Thumb Code     0  startup_stm32f10x_md.o(.text)
    PVD_IRQHandler                           0x0800024f   Thumb Code     0  startup_stm32f10x_md.o(.text)
    RCC_IRQHandler                           0x0800024f   Thumb Code     0  startup_stm32f10x_md.o(.text)
    RTCAlarm_IRQHandler                      0x0800024f   Thumb Code     0  startup_stm32f10x_md.o(.text)
    RTC_IRQHandler                           0x0800024f   Thumb Code     0  startup_stm32f10x_md.o(.text)
    SPI1_IRQHandler                          0x0800024f   Thumb Code     0  startup_stm32f10x_md.o(.text)
    SPI2_IRQHandler                          0x0800024f   Thumb Code     0  startup_stm32f10x_md.o(.text)
    TAMPER_IRQHandler                        0x0800024f   Thumb Code     0  startup_stm32f10x_md.o(.text)
    TIM1_BRK_IRQHandler                      0x0800024f   Thumb Code     0  startup_stm32f10x_md.o(.text)
    TIM1_CC_IRQHandler                       0x0800024f   Thumb Code     0  startup_stm32f10x_md.o(.text)
    TIM1_TRG_COM_IRQHandler                  0x0800024f   Thumb Code     0  startup_stm32f10x_md.o(.text)
    TIM1_UP_IRQHandler                       0x0800024f   Thumb Code     0  startup_stm32f10x_md.o(.text)
    TIM2_IRQHandler                          0x0800024f   Thumb Code     0  startup_stm32f10x_md.o(.text)
    TIM3_IRQHandler                          0x0800024f   Thumb Code     0  startup_stm32f10x_md.o(.text)
    TIM4_IRQHandler                          0x0800024f   Thumb Code     0  startup_stm32f10x_md.o(.text)
    USART1_IRQHandler                        0x0800024f   Thumb Code     0  startup_stm32f10x_md.o(.text)
    USART2_IRQHandler                        0x0800024f   Thumb Code     0  startup_stm32f10x_md.o(.text)
    USART3_IRQHandler                        0x0800024f   Thumb Code     0  startup_stm32f10x_md.o(.text)
    USBWakeUp_IRQHandler                     0x0800024f   Thumb Code     0  startup_stm32f10x_md.o(.text)
    USB_HP_CAN1_TX_IRQHandler                0x0800024f   Thumb Code     0  startup_stm32f10x_md.o(.text)
    USB_LP_CAN1_RX0_IRQHandler               0x0800024f   Thumb Code     0  startup_stm32f10x_md.o(.text)
    WWDG_IRQHandler                          0x0800024f   Thumb Code     0  startup_stm32f10x_md.o(.text)
    __user_initial_stackheap                 0x08000251   Thumb Code     0  startup_stm32f10x_md.o(.text)
    vsnprintf                                0x08000275   Thumb Code    48  vsnprintf.o(.text)
    __use_two_region_memory                  0x080002a9   Thumb Code     2  heapauxi.o(.text)
    __rt_heap_escrow$2region                 0x080002ab   Thumb Code     2  heapauxi.o(.text)
    __rt_heap_expand$2region                 0x080002ad   Thumb Code     2  heapauxi.o(.text)
    _printf_pre_padding                      0x080002af   Thumb Code    44  _printf_pad.o(.text)
    _printf_post_padding                     0x080002db   Thumb Code    34  _printf_pad.o(.text)
    _printf_truncate_signed                  0x080002fd   Thumb Code    18  _printf_truncate.o(.text)
    _printf_truncate_unsigned                0x0800030f   Thumb Code    18  _printf_truncate.o(.text)
    _printf_str                              0x08000321   Thumb Code    82  _printf_str.o(.text)
    _printf_int_dec                          0x08000375   Thumb Code   104  _printf_dec.o(.text)
    _printf_charcount                        0x080003ed   Thumb Code    40  _printf_charcount.o(.text)
    _printf_char_common                      0x0800041f   Thumb Code    32  _printf_char_common.o(.text)
    _sputc                                   0x08000445   Thumb Code    10  _sputc.o(.text)
    _snputc                                  0x0800044f   Thumb Code    16  _snputc.o(.text)
    _printf_wctomb                           0x08000461   Thumb Code   182  _printf_wctomb.o(.text)
    _printf_longlong_dec                     0x0800051d   Thumb Code   108  _printf_longlong_dec.o(.text)
    _printf_longlong_oct                     0x08000599   Thumb Code    66  _printf_oct_int_ll.o(.text)
    _printf_int_oct                          0x080005db   Thumb Code    24  _printf_oct_int_ll.o(.text)
    _printf_ll_oct                           0x080005f3   Thumb Code    12  _printf_oct_int_ll.o(.text)
    _printf_longlong_hex                     0x08000609   Thumb Code    86  _printf_hex_int_ll_ptr.o(.text)
    _printf_int_hex                          0x0800065f   Thumb Code    28  _printf_hex_int_ll_ptr.o(.text)
    _printf_ll_hex                           0x0800067b   Thumb Code    12  _printf_hex_int_ll_ptr.o(.text)
    _printf_hex_ptr                          0x08000687   Thumb Code    18  _printf_hex_int_ll_ptr.o(.text)
    __printf                                 0x0800069d   Thumb Code   388  __printf_flags_ss_wp.o(.text)
    _ll_udiv10                               0x08000825   Thumb Code   138  lludiv10.o(.text)
    _printf_int_common                       0x080008af   Thumb Code   178  _printf_intcommon.o(.text)
    __lib_sel_fp_printf                      0x08000961   Thumb Code     2  _printf_fp_dec.o(.text)
    _printf_fp_dec_real                      0x08000b13   Thumb Code   620  _printf_fp_dec.o(.text)
    _printf_fp_hex_real                      0x08000d81   Thumb Code   756  _printf_fp_hex.o(.text)
    _printf_cs_common                        0x0800107d   Thumb Code    20  _printf_char.o(.text)
    _printf_char                             0x08001091   Thumb Code    16  _printf_char.o(.text)
    _printf_string                           0x080010a1   Thumb Code     8  _printf_char.o(.text)
    _printf_lcs_common                       0x080010a9   Thumb Code    20  _printf_wchar.o(.text)
    _printf_wchar                            0x080010bd   Thumb Code    16  _printf_wchar.o(.text)
    _printf_wstring                          0x080010cd   Thumb Code     8  _printf_wchar.o(.text)
    _wcrtomb                                 0x080010d5   Thumb Code    64  _wcrtomb.o(.text)
    __user_setup_stackheap                   0x08001115   Thumb Code    74  sys_stackheap_outer.o(.text)
    __rt_ctype_table                         0x08001161   Thumb Code    16  rt_ctype_table.o(.text)
    __rt_locale                              0x08001171   Thumb Code     8  rt_locale_intlibspace.o(.text)
    _printf_fp_infnan                        0x08001179   Thumb Code   112  _printf_fp_infnan.o(.text)
    _btod_etento                             0x080011f9   Thumb Code   224  bigflt0.o(.text)
    exit                                     0x080012dd   Thumb Code    18  exit.o(.text)
    __user_libspace                          0x080012f1   Thumb Code     8  libspace.o(.text)
    __user_perproc_libspace                  0x080012f1   Thumb Code     0  libspace.o(.text)
    __user_perthread_libspace                0x080012f1   Thumb Code     0  libspace.o(.text)
    strcmp                                   0x080012f9   Thumb Code   128  strcmpv7m.o(.text)
    _sys_exit                                0x08001379   Thumb Code     8  sys_exit.o(.text)
    __I$use$semihosting                      0x08001385   Thumb Code     0  use_no_semi.o(.text)
    __use_no_semihosting_swi                 0x08001385   Thumb Code     2  use_no_semi.o(.text)
    __semihosting_library_function           0x08001387   Thumb Code     0  indicate_semi.o(.text)
    _btod_d2e                                0x08001387   Thumb Code    62  btod.o(CL$$btod_d2e)
    _d2e_denorm_low                          0x080013c5   Thumb Code    70  btod.o(CL$$btod_d2e_denorm_low)
    _d2e_norm_op1                            0x0800140b   Thumb Code    96  btod.o(CL$$btod_d2e_norm_op1)
    __btod_div_common                        0x0800146b   Thumb Code   696  btod.o(CL$$btod_div_common)
    _e2e                                     0x080017a3   Thumb Code   220  btod.o(CL$$btod_e2e)
    _btod_ediv                               0x0800187f   Thumb Code    42  btod.o(CL$$btod_ediv)
    _btod_emul                               0x080018a9   Thumb Code    42  btod.o(CL$$btod_emul)
    __btod_mult_common                       0x080018d3   Thumb Code   580  btod.o(CL$$btod_mult_common)
    AS5600_CheckMagnetStatus                 0x08001b17   Thumb Code    60  as5600.o(i.AS5600_CheckMagnetStatus)
    AS5600_GetAGC                            0x08001b53   Thumb Code    26  as5600.o(i.AS5600_GetAGC)
    AS5600_GetAngle                          0x08001b6d   Thumb Code    50  as5600.o(i.AS5600_GetAngle)
    AS5600_GetErrorString                    0x08001ba1   Thumb Code    40  as5600.o(i.AS5600_GetErrorString)
    AS5600_GetMagnitude                      0x08001c2d   Thumb Code    50  as5600.o(i.AS5600_GetMagnitude)
    AS5600_GetRawAngle                       0x08001c5f   Thumb Code    50  as5600.o(i.AS5600_GetRawAngle)
    AS5600_GetStatus                         0x08001c91   Thumb Code    26  as5600.o(i.AS5600_GetStatus)
    AS5600_Init                              0x08001cad   Thumb Code    36  as5600.o(i.AS5600_Init)
    AS5600_IsConnected                       0x08001cd5   Thumb Code    18  as5600.o(i.AS5600_IsConnected)
    AS5600_RawToDegree                       0x08001ce9   Thumb Code    30  as5600.o(i.AS5600_RawToDegree)
    AS5600_RawToRadian                       0x08001d0d   Thumb Code    44  as5600.o(i.AS5600_RawToRadian)
    AS5600_ReadAll                           0x08001d3d   Thumb Code   110  as5600.o(i.AS5600_ReadAll)
    BusFault_Handler                         0x08001dab   Thumb Code     4  stm32f10x_it.o(i.BusFault_Handler)
    DebugMon_Handler                         0x08001daf   Thumb Code     2  stm32f10x_it.o(i.DebugMon_Handler)
    Delay_ms                                 0x08001db1   Thumb Code    24  delay.o(i.Delay_ms)
    Delay_us                                 0x08001dc9   Thumb Code    46  delay.o(i.Delay_us)
    GPIO_Init                                0x08001df7   Thumb Code   278  stm32f10x_gpio.o(i.GPIO_Init)
    HardFault_Handler                        0x08001f0d   Thumb Code     4  stm32f10x_it.o(i.HardFault_Handler)
    I2C_Cmd                                  0x08001f11   Thumb Code    24  stm32f10x_i2c.o(i.I2C_Cmd)
    I2C_DeInit                               0x08001f29   Thumb Code    50  stm32f10x_i2c.o(i.I2C_DeInit)
    I2C_Init                                 0x08001f61   Thumb Code   222  stm32f10x_i2c.o(i.I2C_Init)
    I2C_Read                                 0x0800204d   Thumb Code   188  myi2c.o(i.I2C_Read)
    I2C_ReadByte                             0x0800210d   Thumb Code    22  myi2c.o(i.I2C_ReadByte)
    I2C_ReceiveByte                          0x08002125   Thumb Code    72  myi2c.o(i.I2C_ReceiveByte)
    I2C_SendAddress                          0x08002171   Thumb Code    50  myi2c.o(i.I2C_SendAddress)
    I2C_SendByte                             0x080021a9   Thumb Code    38  myi2c.o(i.I2C_SendByte)
    I2C_Start                                0x080021d5   Thumb Code    44  myi2c.o(i.I2C_Start)
    I2C_Stop                                 0x08002205   Thumb Code    14  myi2c.o(i.I2C_Stop)
    I2C_WaitBTF                              0x08002219   Thumb Code    30  myi2c.o(i.I2C_WaitBTF)
    MYI2C_Init                               0x0800223d   Thumb Code   110  myi2c.o(i.MYI2C_Init)
    MemManage_Handler                        0x080022b9   Thumb Code     4  stm32f10x_it.o(i.MemManage_Handler)
    NMI_Handler                              0x080022bd   Thumb Code     2  stm32f10x_it.o(i.NMI_Handler)
    PendSV_Handler                           0x080022bf   Thumb Code     2  stm32f10x_it.o(i.PendSV_Handler)
    RCC_APB1PeriphClockCmd                   0x080022c1   Thumb Code    26  stm32f10x_rcc.o(i.RCC_APB1PeriphClockCmd)
    RCC_APB1PeriphResetCmd                   0x080022e1   Thumb Code    26  stm32f10x_rcc.o(i.RCC_APB1PeriphResetCmd)
    RCC_APB2PeriphClockCmd                   0x08002301   Thumb Code    26  stm32f10x_rcc.o(i.RCC_APB2PeriphClockCmd)
    RCC_GetClocksFreq                        0x08002321   Thumb Code   192  stm32f10x_rcc.o(i.RCC_GetClocksFreq)
    SVC_Handler                              0x080023f5   Thumb Code     2  stm32f10x_it.o(i.SVC_Handler)
    SysTick_Handler                          0x080024e1   Thumb Code     2  stm32f10x_it.o(i.SysTick_Handler)
    SystemInit                               0x080024e5   Thumb Code    78  system_stm32f10x.o(i.SystemInit)
    USART1_Init                              0x08002545   Thumb Code   120  usart.o(i.USART1_Init)
    USART1_Printf                            0x080025c9   Thumb Code    40  usart.o(i.USART1_Printf)
    USART1_SendByte                          0x080025f1   Thumb Code    42  usart.o(i.USART1_SendByte)
    USART1_SendNewLine                       0x08002621   Thumb Code    16  usart.o(i.USART1_SendNewLine)
    USART1_SendString                        0x08002631   Thumb Code    32  usart.o(i.USART1_SendString)
    USART_Cmd                                0x08002651   Thumb Code    24  stm32f10x_usart.o(i.USART_Cmd)
    USART_GetFlagStatus                      0x08002669   Thumb Code    26  stm32f10x_usart.o(i.USART_GetFlagStatus)
    USART_Init                               0x08002685   Thumb Code   210  stm32f10x_usart.o(i.USART_Init)
    USART_SendData                           0x0800275d   Thumb Code     8  stm32f10x_usart.o(i.USART_SendData)
    UsageFault_Handler                       0x08002765   Thumb Code     4  stm32f10x_it.o(i.UsageFault_Handler)
    __ARM_fpclassify                         0x08002769   Thumb Code    40  fpclassify.o(i.__ARM_fpclassify)
    _is_digit                                0x08002791   Thumb Code    14  __printf_wp.o(i._is_digit)
    main                                     0x080027a1   Thumb Code  1490  main.o(i.main)
    _get_lc_numeric                          0x08002ec5   Thumb Code    44  lc_numeric_c.o(locale$$code)
    _get_lc_ctype                            0x08002ef1   Thumb Code    44  lc_ctype_c.o(locale$$code)
    __fpl_dretinf                            0x08002f1d   Thumb Code    12  dretinf.o(x$fpl$dretinf)
    __aeabi_f2d                              0x08002f29   Thumb Code     0  f2d.o(x$fpl$f2d)
    _f2d                                     0x08002f29   Thumb Code    86  f2d.o(x$fpl$f2d)
    __aeabi_fdiv                             0x08002f81   Thumb Code     0  fdiv.o(x$fpl$fdiv)
    _fdiv                                    0x08002f81   Thumb Code   384  fdiv.o(x$fpl$fdiv)
    __aeabi_ui2f                             0x08003105   Thumb Code     0  fflt_clz.o(x$fpl$ffltu)
    _ffltu                                   0x08003105   Thumb Code    38  fflt_clz.o(x$fpl$ffltu)
    __aeabi_fmul                             0x0800312d   Thumb Code     0  fmul.o(x$fpl$fmul)
    _fmul                                    0x0800312d   Thumb Code   258  fmul.o(x$fpl$fmul)
    __fpl_fnaninf                            0x0800322f   Thumb Code   140  fnaninf.o(x$fpl$fnaninf)
    __fpl_fretinf                            0x080032bb   Thumb Code    10  fretinf.o(x$fpl$fretinf)
    _printf_fp_dec                           0x080032c5   Thumb Code     4  printf1.o(x$fpl$printf1)
    _printf_fp_hex                           0x080032c9   Thumb Code     4  printf2.o(x$fpl$printf2)
    __I$use$fp                               0x080032cc   Number         0  usenofp.o(x$fpl$usenofp)
    Region$$Table$$Base                      0x08003458   Number         0  anon$$obj.o(Region$$Table)
    Region$$Table$$Limit                     0x08003478   Number         0  anon$$obj.o(Region$$Table)
    __ctype                                  0x080034a1   Data           0  lc_ctype_c.o(locale$$data)
    __libspace_start                         0x20000020   Data          96  libspace.o(.bss)
    __temporary_stack_top$libspace           0x20000080   Data           0  libspace.o(.bss)



==============================================================================

Memory Map of the image

  Image Entry point : 0x080000ed

  Load Region LR_IROM1 (Base: 0x08000000, Size: 0x000035c4, Max: 0x00010000, ABSOLUTE)

    Execution Region ER_IROM1 (Exec base: 0x08000000, Load base: 0x08000000, Size: 0x000035a4, Max: 0x00010000, ABSOLUTE)

    Exec Addr    Load Addr    Size         Type   Attr      Idx    E Section Name        Object

    0x08000000   0x08000000   0x000000ec   Data   RO            3    RESET               startup_stm32f10x_md.o
    0x080000ec   0x080000ec   0x00000008   Code   RO         3716  * !!!main             c_w.l(__main.o)
    0x080000f4   0x080000f4   0x00000034   Code   RO         4061    !!!scatter          c_w.l(__scatter.o)
    0x08000128   0x08000128   0x0000001a   Code   RO         4063    !!handler_copy      c_w.l(__scatter_copy.o)
    0x08000142   0x08000142   0x00000002   PAD
    0x08000144   0x08000144   0x0000001c   Code   RO         4065    !!handler_zi        c_w.l(__scatter_zi.o)
    0x08000160   0x08000160   0x00000000   Code   RO         3816    .ARM.Collect$$_printf_percent$$00000000  c_w.l(_printf_percent.o)
    0x08000160   0x08000160   0x00000006   Code   RO         3805    .ARM.Collect$$_printf_percent$$00000001  c_w.l(_printf_n.o)
    0x08000166   0x08000166   0x00000006   Code   RO         3807    .ARM.Collect$$_printf_percent$$00000002  c_w.l(_printf_p.o)
    0x0800016c   0x0800016c   0x00000006   Code   RO         3812    .ARM.Collect$$_printf_percent$$00000003  c_w.l(_printf_f.o)
    0x08000172   0x08000172   0x00000006   Code   RO         3813    .ARM.Collect$$_printf_percent$$00000004  c_w.l(_printf_e.o)
    0x08000178   0x08000178   0x00000006   Code   RO         3814    .ARM.Collect$$_printf_percent$$00000005  c_w.l(_printf_g.o)
    0x0800017e   0x0800017e   0x00000006   Code   RO         3815    .ARM.Collect$$_printf_percent$$00000006  c_w.l(_printf_a.o)
    0x08000184   0x08000184   0x0000000a   Code   RO         3820    .ARM.Collect$$_printf_percent$$00000007  c_w.l(_printf_ll.o)
    0x0800018e   0x0800018e   0x00000006   Code   RO         3809    .ARM.Collect$$_printf_percent$$00000008  c_w.l(_printf_i.o)
    0x08000194   0x08000194   0x00000006   Code   RO         3810    .ARM.Collect$$_printf_percent$$00000009  c_w.l(_printf_d.o)
    0x0800019a   0x0800019a   0x00000006   Code   RO         3811    .ARM.Collect$$_printf_percent$$0000000A  c_w.l(_printf_u.o)
    0x080001a0   0x080001a0   0x00000006   Code   RO         3808    .ARM.Collect$$_printf_percent$$0000000B  c_w.l(_printf_o.o)
    0x080001a6   0x080001a6   0x00000006   Code   RO         3806    .ARM.Collect$$_printf_percent$$0000000C  c_w.l(_printf_x.o)
    0x080001ac   0x080001ac   0x00000006   Code   RO         3817    .ARM.Collect$$_printf_percent$$0000000D  c_w.l(_printf_lli.o)
    0x080001b2   0x080001b2   0x00000006   Code   RO         3818    .ARM.Collect$$_printf_percent$$0000000E  c_w.l(_printf_lld.o)
    0x080001b8   0x080001b8   0x00000006   Code   RO         3819    .ARM.Collect$$_printf_percent$$0000000F  c_w.l(_printf_llu.o)
    0x080001be   0x080001be   0x00000006   Code   RO         3824    .ARM.Collect$$_printf_percent$$00000010  c_w.l(_printf_llo.o)
    0x080001c4   0x080001c4   0x00000006   Code   RO         3825    .ARM.Collect$$_printf_percent$$00000011  c_w.l(_printf_llx.o)
    0x080001ca   0x080001ca   0x0000000a   Code   RO         3821    .ARM.Collect$$_printf_percent$$00000012  c_w.l(_printf_l.o)
    0x080001d4   0x080001d4   0x00000006   Code   RO         3803    .ARM.Collect$$_printf_percent$$00000013  c_w.l(_printf_c.o)
    0x080001da   0x080001da   0x00000006   Code   RO         3804    .ARM.Collect$$_printf_percent$$00000014  c_w.l(_printf_s.o)
    0x080001e0   0x080001e0   0x00000006   Code   RO         3822    .ARM.Collect$$_printf_percent$$00000015  c_w.l(_printf_lc.o)
    0x080001e6   0x080001e6   0x00000006   Code   RO         3823    .ARM.Collect$$_printf_percent$$00000016  c_w.l(_printf_ls.o)
    0x080001ec   0x080001ec   0x00000004   Code   RO         3871    .ARM.Collect$$_printf_percent$$00000017  c_w.l(_printf_percent_end.o)
    0x080001f0   0x080001f0   0x00000002   Code   RO         3920    .ARM.Collect$$libinit$$00000000  c_w.l(libinit.o)
    0x080001f2   0x080001f2   0x00000000   Code   RO         3936    .ARM.Collect$$libinit$$00000002  c_w.l(libinit2.o)
    0x080001f2   0x080001f2   0x00000000   Code   RO         3938    .ARM.Collect$$libinit$$00000004  c_w.l(libinit2.o)
    0x080001f2   0x080001f2   0x00000000   Code   RO         3941    .ARM.Collect$$libinit$$0000000A  c_w.l(libinit2.o)
    0x080001f2   0x080001f2   0x00000000   Code   RO         3943    .ARM.Collect$$libinit$$0000000C  c_w.l(libinit2.o)
    0x080001f2   0x080001f2   0x00000000   Code   RO         3945    .ARM.Collect$$libinit$$0000000E  c_w.l(libinit2.o)
    0x080001f2   0x080001f2   0x00000006   Code   RO         3946    .ARM.Collect$$libinit$$0000000F  c_w.l(libinit2.o)
    0x080001f8   0x080001f8   0x00000000   Code   RO         3948    .ARM.Collect$$libinit$$00000011  c_w.l(libinit2.o)
    0x080001f8   0x080001f8   0x0000000c   Code   RO         3949    .ARM.Collect$$libinit$$00000012  c_w.l(libinit2.o)
    0x08000204   0x08000204   0x00000000   Code   RO         3950    .ARM.Collect$$libinit$$00000013  c_w.l(libinit2.o)
    0x08000204   0x08000204   0x00000000   Code   RO         3952    .ARM.Collect$$libinit$$00000015  c_w.l(libinit2.o)
    0x08000204   0x08000204   0x0000000a   Code   RO         3953    .ARM.Collect$$libinit$$00000016  c_w.l(libinit2.o)
    0x0800020e   0x0800020e   0x00000000   Code   RO         3954    .ARM.Collect$$libinit$$00000017  c_w.l(libinit2.o)
    0x0800020e   0x0800020e   0x00000000   Code   RO         3956    .ARM.Collect$$libinit$$00000019  c_w.l(libinit2.o)
    0x0800020e   0x0800020e   0x00000000   Code   RO         3958    .ARM.Collect$$libinit$$0000001B  c_w.l(libinit2.o)
    0x0800020e   0x0800020e   0x00000000   Code   RO         3960    .ARM.Collect$$libinit$$0000001D  c_w.l(libinit2.o)
    0x0800020e   0x0800020e   0x00000000   Code   RO         3962    .ARM.Collect$$libinit$$0000001F  c_w.l(libinit2.o)
    0x0800020e   0x0800020e   0x00000000   Code   RO         3964    .ARM.Collect$$libinit$$00000021  c_w.l(libinit2.o)
    0x0800020e   0x0800020e   0x00000000   Code   RO         3966    .ARM.Collect$$libinit$$00000023  c_w.l(libinit2.o)
    0x0800020e   0x0800020e   0x00000000   Code   RO         3968    .ARM.Collect$$libinit$$00000025  c_w.l(libinit2.o)
    0x0800020e   0x0800020e   0x00000000   Code   RO         3972    .ARM.Collect$$libinit$$0000002C  c_w.l(libinit2.o)
    0x0800020e   0x0800020e   0x00000000   Code   RO         3974    .ARM.Collect$$libinit$$0000002E  c_w.l(libinit2.o)
    0x0800020e   0x0800020e   0x00000000   Code   RO         3976    .ARM.Collect$$libinit$$00000030  c_w.l(libinit2.o)
    0x0800020e   0x0800020e   0x00000000   Code   RO         3978    .ARM.Collect$$libinit$$00000032  c_w.l(libinit2.o)
    0x0800020e   0x0800020e   0x00000002   Code   RO         3979    .ARM.Collect$$libinit$$00000033  c_w.l(libinit2.o)
    0x08000210   0x08000210   0x00000002   Code   RO         3999    .ARM.Collect$$libshutdown$$00000000  c_w.l(libshutdown.o)
    0x08000212   0x08000212   0x00000000   Code   RO         4012    .ARM.Collect$$libshutdown$$00000002  c_w.l(libshutdown2.o)
    0x08000212   0x08000212   0x00000000   Code   RO         4014    .ARM.Collect$$libshutdown$$00000004  c_w.l(libshutdown2.o)
    0x08000212   0x08000212   0x00000000   Code   RO         4016    .ARM.Collect$$libshutdown$$00000006  c_w.l(libshutdown2.o)
    0x08000212   0x08000212   0x00000000   Code   RO         4019    .ARM.Collect$$libshutdown$$00000009  c_w.l(libshutdown2.o)
    0x08000212   0x08000212   0x00000000   Code   RO         4022    .ARM.Collect$$libshutdown$$0000000C  c_w.l(libshutdown2.o)
    0x08000212   0x08000212   0x00000000   Code   RO         4024    .ARM.Collect$$libshutdown$$0000000E  c_w.l(libshutdown2.o)
    0x08000212   0x08000212   0x00000000   Code   RO         4027    .ARM.Collect$$libshutdown$$00000011  c_w.l(libshutdown2.o)
    0x08000212   0x08000212   0x00000002   Code   RO         4028    .ARM.Collect$$libshutdown$$00000012  c_w.l(libshutdown2.o)
    0x08000214   0x08000214   0x00000000   Code   RO         3732    .ARM.Collect$$rtentry$$00000000  c_w.l(__rtentry.o)
    0x08000214   0x08000214   0x00000000   Code   RO         3842    .ARM.Collect$$rtentry$$00000002  c_w.l(__rtentry2.o)
    0x08000214   0x08000214   0x00000006   Code   RO         3854    .ARM.Collect$$rtentry$$00000004  c_w.l(__rtentry4.o)
    0x0800021a   0x0800021a   0x00000000   Code   RO         3844    .ARM.Collect$$rtentry$$00000009  c_w.l(__rtentry2.o)
    0x0800021a   0x0800021a   0x00000004   Code   RO         3845    .ARM.Collect$$rtentry$$0000000A  c_w.l(__rtentry2.o)
    0x0800021e   0x0800021e   0x00000000   Code   RO         3847    .ARM.Collect$$rtentry$$0000000C  c_w.l(__rtentry2.o)
    0x0800021e   0x0800021e   0x00000008   Code   RO         3848    .ARM.Collect$$rtentry$$0000000D  c_w.l(__rtentry2.o)
    0x08000226   0x08000226   0x00000002   Code   RO         3928    .ARM.Collect$$rtexit$$00000000  c_w.l(rtexit.o)
    0x08000228   0x08000228   0x00000000   Code   RO         3981    .ARM.Collect$$rtexit$$00000002  c_w.l(rtexit2.o)
    0x08000228   0x08000228   0x00000004   Code   RO         3982    .ARM.Collect$$rtexit$$00000003  c_w.l(rtexit2.o)
    0x0800022c   0x0800022c   0x00000006   Code   RO         3983    .ARM.Collect$$rtexit$$00000004  c_w.l(rtexit2.o)
    0x08000232   0x08000232   0x00000002   PAD
    0x08000234   0x08000234   0x00000040   Code   RO            4    .text               startup_stm32f10x_md.o
    0x08000274   0x08000274   0x00000034   Code   RO         3710    .text               c_w.l(vsnprintf.o)
    0x080002a8   0x080002a8   0x00000006   Code   RO         3714    .text               c_w.l(heapauxi.o)
    0x080002ae   0x080002ae   0x0000004e   Code   RO         3735    .text               c_w.l(_printf_pad.o)
    0x080002fc   0x080002fc   0x00000024   Code   RO         3737    .text               c_w.l(_printf_truncate.o)
    0x08000320   0x08000320   0x00000052   Code   RO         3739    .text               c_w.l(_printf_str.o)
    0x08000372   0x08000372   0x00000002   PAD
    0x08000374   0x08000374   0x00000078   Code   RO         3741    .text               c_w.l(_printf_dec.o)
    0x080003ec   0x080003ec   0x00000028   Code   RO         3743    .text               c_w.l(_printf_charcount.o)
    0x08000414   0x08000414   0x00000030   Code   RO         3745    .text               c_w.l(_printf_char_common.o)
    0x08000444   0x08000444   0x0000000a   Code   RO         3747    .text               c_w.l(_sputc.o)
    0x0800044e   0x0800044e   0x00000010   Code   RO         3749    .text               c_w.l(_snputc.o)
    0x0800045e   0x0800045e   0x00000002   PAD
    0x08000460   0x08000460   0x000000bc   Code   RO         3751    .text               c_w.l(_printf_wctomb.o)
    0x0800051c   0x0800051c   0x0000007c   Code   RO         3754    .text               c_w.l(_printf_longlong_dec.o)
    0x08000598   0x08000598   0x00000070   Code   RO         3760    .text               c_w.l(_printf_oct_int_ll.o)
    0x08000608   0x08000608   0x00000094   Code   RO         3780    .text               c_w.l(_printf_hex_int_ll_ptr.o)
    0x0800069c   0x0800069c   0x00000188   Code   RO         3800    .text               c_w.l(__printf_flags_ss_wp.o)
    0x08000824   0x08000824   0x0000008a   Code   RO         3856    .text               c_w.l(lludiv10.o)
    0x080008ae   0x080008ae   0x000000b2   Code   RO         3858    .text               c_w.l(_printf_intcommon.o)
    0x08000960   0x08000960   0x0000041e   Code   RO         3860    .text               c_w.l(_printf_fp_dec.o)
    0x08000d7e   0x08000d7e   0x00000002   PAD
    0x08000d80   0x08000d80   0x000002fc   Code   RO         3862    .text               c_w.l(_printf_fp_hex.o)
    0x0800107c   0x0800107c   0x0000002c   Code   RO         3867    .text               c_w.l(_printf_char.o)
    0x080010a8   0x080010a8   0x0000002c   Code   RO         3869    .text               c_w.l(_printf_wchar.o)
    0x080010d4   0x080010d4   0x00000040   Code   RO         3872    .text               c_w.l(_wcrtomb.o)
    0x08001114   0x08001114   0x0000004a   Code   RO         3874    .text               c_w.l(sys_stackheap_outer.o)
    0x0800115e   0x0800115e   0x00000002   PAD
    0x08001160   0x08001160   0x00000010   Code   RO         3876    .text               c_w.l(rt_ctype_table.o)
    0x08001170   0x08001170   0x00000008   Code   RO         3881    .text               c_w.l(rt_locale_intlibspace.o)
    0x08001178   0x08001178   0x00000080   Code   RO         3883    .text               c_w.l(_printf_fp_infnan.o)
    0x080011f8   0x080011f8   0x000000e4   Code   RO         3885    .text               c_w.l(bigflt0.o)
    0x080012dc   0x080012dc   0x00000012   Code   RO         3913    .text               c_w.l(exit.o)
    0x080012ee   0x080012ee   0x00000002   PAD
    0x080012f0   0x080012f0   0x00000008   Code   RO         3925    .text               c_w.l(libspace.o)
    0x080012f8   0x080012f8   0x00000080   Code   RO         3933    .text               c_w.l(strcmpv7m.o)
    0x08001378   0x08001378   0x0000000c   Code   RO         3991    .text               c_w.l(sys_exit.o)
    0x08001384   0x08001384   0x00000002   Code   RO         4002    .text               c_w.l(use_no_semi.o)
    0x08001386   0x08001386   0x00000000   Code   RO         4004    .text               c_w.l(indicate_semi.o)
    0x08001386   0x08001386   0x0000003e   Code   RO         3888    CL$$btod_d2e        c_w.l(btod.o)
    0x080013c4   0x080013c4   0x00000046   Code   RO         3890    CL$$btod_d2e_denorm_low  c_w.l(btod.o)
    0x0800140a   0x0800140a   0x00000060   Code   RO         3889    CL$$btod_d2e_norm_op1  c_w.l(btod.o)
    0x0800146a   0x0800146a   0x00000338   Code   RO         3898    CL$$btod_div_common  c_w.l(btod.o)
    0x080017a2   0x080017a2   0x000000dc   Code   RO         3895    CL$$btod_e2e        c_w.l(btod.o)
    0x0800187e   0x0800187e   0x0000002a   Code   RO         3892    CL$$btod_ediv       c_w.l(btod.o)
    0x080018a8   0x080018a8   0x0000002a   Code   RO         3891    CL$$btod_emul       c_w.l(btod.o)
    0x080018d2   0x080018d2   0x00000244   Code   RO         3897    CL$$btod_mult_common  c_w.l(btod.o)
    0x08001b16   0x08001b16   0x0000003c   Code   RO         3514    i.AS5600_CheckMagnetStatus  as5600.o
    0x08001b52   0x08001b52   0x0000001a   Code   RO         3515    i.AS5600_GetAGC     as5600.o
    0x08001b6c   0x08001b6c   0x00000032   Code   RO         3516    i.AS5600_GetAngle   as5600.o
    0x08001b9e   0x08001b9e   0x00000002   PAD
    0x08001ba0   0x08001ba0   0x0000008c   Code   RO         3518    i.AS5600_GetErrorString  as5600.o
    0x08001c2c   0x08001c2c   0x00000032   Code   RO         3519    i.AS5600_GetMagnitude  as5600.o
    0x08001c5e   0x08001c5e   0x00000032   Code   RO         3520    i.AS5600_GetRawAngle  as5600.o
    0x08001c90   0x08001c90   0x0000001a   Code   RO         3521    i.AS5600_GetStatus  as5600.o
    0x08001caa   0x08001caa   0x00000002   PAD
    0x08001cac   0x08001cac   0x00000028   Code   RO         3522    i.AS5600_Init       as5600.o
    0x08001cd4   0x08001cd4   0x00000012   Code   RO         3523    i.AS5600_IsConnected  as5600.o
    0x08001ce6   0x08001ce6   0x00000002   PAD
    0x08001ce8   0x08001ce8   0x00000024   Code   RO         3526    i.AS5600_RawToDegree  as5600.o
    0x08001d0c   0x08001d0c   0x00000030   Code   RO         3527    i.AS5600_RawToRadian  as5600.o
    0x08001d3c   0x08001d3c   0x0000006e   Code   RO         3528    i.AS5600_ReadAll    as5600.o
    0x08001daa   0x08001daa   0x00000004   Code   RO         3645    i.BusFault_Handler  stm32f10x_it.o
    0x08001dae   0x08001dae   0x00000002   Code   RO         3646    i.DebugMon_Handler  stm32f10x_it.o
    0x08001db0   0x08001db0   0x00000018   Code   RO         3196    i.Delay_ms          delay.o
    0x08001dc8   0x08001dc8   0x0000002e   Code   RO         3198    i.Delay_us          delay.o
    0x08001df6   0x08001df6   0x00000116   Code   RO         1347    i.GPIO_Init         stm32f10x_gpio.o
    0x08001f0c   0x08001f0c   0x00000004   Code   RO         3647    i.HardFault_Handler  stm32f10x_it.o
    0x08001f10   0x08001f10   0x00000018   Code   RO         1464    i.I2C_Cmd           stm32f10x_i2c.o
    0x08001f28   0x08001f28   0x00000038   Code   RO         1467    i.I2C_DeInit        stm32f10x_i2c.o
    0x08001f60   0x08001f60   0x000000ec   Code   RO         1478    i.I2C_Init          stm32f10x_i2c.o
    0x0800204c   0x0800204c   0x000000c0   Code   RO         3220    i.I2C_Read          myi2c.o
    0x0800210c   0x0800210c   0x00000016   Code   RO         3221    i.I2C_ReadByte      myi2c.o
    0x08002122   0x08002122   0x00000002   PAD
    0x08002124   0x08002124   0x0000004c   Code   RO         3222    i.I2C_ReceiveByte   myi2c.o
    0x08002170   0x08002170   0x00000038   Code   RO         3223    i.I2C_SendAddress   myi2c.o
    0x080021a8   0x080021a8   0x0000002c   Code   RO         3224    i.I2C_SendByte      myi2c.o
    0x080021d4   0x080021d4   0x00000030   Code   RO         3225    i.I2C_Start         myi2c.o
    0x08002204   0x08002204   0x00000014   Code   RO         3226    i.I2C_Stop          myi2c.o
    0x08002218   0x08002218   0x00000024   Code   RO         3227    i.I2C_WaitBTF       myi2c.o
    0x0800223c   0x0800223c   0x0000007c   Code   RO         3230    i.MYI2C_Init        myi2c.o
    0x080022b8   0x080022b8   0x00000004   Code   RO         3648    i.MemManage_Handler  stm32f10x_it.o
    0x080022bc   0x080022bc   0x00000002   Code   RO         3649    i.NMI_Handler       stm32f10x_it.o
    0x080022be   0x080022be   0x00000002   Code   RO         3650    i.PendSV_Handler    stm32f10x_it.o
    0x080022c0   0x080022c0   0x00000020   Code   RO         1775    i.RCC_APB1PeriphClockCmd  stm32f10x_rcc.o
    0x080022e0   0x080022e0   0x00000020   Code   RO         1776    i.RCC_APB1PeriphResetCmd  stm32f10x_rcc.o
    0x08002300   0x08002300   0x00000020   Code   RO         1777    i.RCC_APB2PeriphClockCmd  stm32f10x_rcc.o
    0x08002320   0x08002320   0x000000d4   Code   RO         1785    i.RCC_GetClocksFreq  stm32f10x_rcc.o
    0x080023f4   0x080023f4   0x00000002   Code   RO         3651    i.SVC_Handler       stm32f10x_it.o
    0x080023f6   0x080023f6   0x00000008   Code   RO           24    i.SetSysClock       system_stm32f10x.o
    0x080023fe   0x080023fe   0x00000002   PAD
    0x08002400   0x08002400   0x000000e0   Code   RO           25    i.SetSysClockTo72   system_stm32f10x.o
    0x080024e0   0x080024e0   0x00000002   Code   RO         3652    i.SysTick_Handler   stm32f10x_it.o
    0x080024e2   0x080024e2   0x00000002   PAD
    0x080024e4   0x080024e4   0x00000060   Code   RO           27    i.SystemInit        system_stm32f10x.o
    0x08002544   0x08002544   0x00000084   Code   RO         3387    i.USART1_Init       usart.o
    0x080025c8   0x080025c8   0x00000028   Code   RO         3390    i.USART1_Printf     usart.o
    0x080025f0   0x080025f0   0x00000030   Code   RO         3395    i.USART1_SendByte   usart.o
    0x08002620   0x08002620   0x00000010   Code   RO         3398    i.USART1_SendNewLine  usart.o
    0x08002630   0x08002630   0x00000020   Code   RO         3399    i.USART1_SendString  usart.o
    0x08002650   0x08002650   0x00000018   Code   RO         2960    i.USART_Cmd         stm32f10x_usart.o
    0x08002668   0x08002668   0x0000001a   Code   RO         2963    i.USART_GetFlagStatus  stm32f10x_usart.o
    0x08002682   0x08002682   0x00000002   PAD
    0x08002684   0x08002684   0x000000d8   Code   RO         2967    i.USART_Init        stm32f10x_usart.o
    0x0800275c   0x0800275c   0x00000008   Code   RO         2977    i.USART_SendData    stm32f10x_usart.o
    0x08002764   0x08002764   0x00000004   Code   RO         3653    i.UsageFault_Handler  stm32f10x_it.o
    0x08002768   0x08002768   0x00000028   Code   RO         3923    i.__ARM_fpclassify  m_ws.l(fpclassify.o)
    0x08002790   0x08002790   0x0000000e   Code   RO         3793    i._is_digit         c_w.l(__printf_wp.o)
    0x0800279e   0x0800279e   0x00000002   PAD
    0x080027a0   0x080027a0   0x00000724   Code   RO         3623    i.main              main.o
    0x08002ec4   0x08002ec4   0x0000002c   Code   RO         3911    locale$$code        c_w.l(lc_numeric_c.o)
    0x08002ef0   0x08002ef0   0x0000002c   Code   RO         3931    locale$$code        c_w.l(lc_ctype_c.o)
    0x08002f1c   0x08002f1c   0x0000000c   Code   RO         3826    x$fpl$dretinf       fz_ws.l(dretinf.o)
    0x08002f28   0x08002f28   0x00000056   Code   RO         3718    x$fpl$f2d           fz_ws.l(f2d.o)
    0x08002f7e   0x08002f7e   0x00000002   PAD
    0x08002f80   0x08002f80   0x00000184   Code   RO         3721    x$fpl$fdiv          fz_ws.l(fdiv.o)
    0x08003104   0x08003104   0x00000026   Code   RO         3724    x$fpl$ffltu         fz_ws.l(fflt_clz.o)
    0x0800312a   0x0800312a   0x00000002   PAD
    0x0800312c   0x0800312c   0x00000102   Code   RO         3730    x$fpl$fmul          fz_ws.l(fmul.o)
    0x0800322e   0x0800322e   0x0000008c   Code   RO         3828    x$fpl$fnaninf       fz_ws.l(fnaninf.o)
    0x080032ba   0x080032ba   0x0000000a   Code   RO         3830    x$fpl$fretinf       fz_ws.l(fretinf.o)
    0x080032c4   0x080032c4   0x00000004   Code   RO         3832    x$fpl$printf1       fz_ws.l(printf1.o)
    0x080032c8   0x080032c8   0x00000004   Code   RO         3834    x$fpl$printf2       fz_ws.l(printf2.o)
    0x080032cc   0x080032cc   0x00000000   Code   RO         3840    x$fpl$usenofp       fz_ws.l(usenofp.o)
    0x080032cc   0x080032cc   0x00000008   Data   RO         3752    .constdata          c_w.l(_printf_wctomb.o)
    0x080032d4   0x080032d4   0x00000028   Data   RO         3781    .constdata          c_w.l(_printf_hex_int_ll_ptr.o)
    0x080032fc   0x080032fc   0x00000011   Data   RO         3801    .constdata          c_w.l(__printf_flags_ss_wp.o)
    0x0800330d   0x0800330d   0x00000026   Data   RO         3863    .constdata          c_w.l(_printf_fp_hex.o)
    0x08003333   0x08003333   0x00000001   PAD
    0x08003334   0x08003334   0x00000094   Data   RO         3886    .constdata          c_w.l(bigflt0.o)
    0x080033c8   0x080033c8   0x0000008d   Data   RO         3624    .conststring        main.o
    0x08003455   0x08003455   0x00000003   PAD
    0x08003458   0x08003458   0x00000020   Data   RO         4059    Region$$Table       anon$$obj.o
    0x08003478   0x08003478   0x0000001c   Data   RO         3910    locale$$data        c_w.l(lc_numeric_c.o)
    0x08003494   0x08003494   0x00000110   Data   RO         3930    locale$$data        c_w.l(lc_ctype_c.o)


    Execution Region RW_IRAM1 (Exec base: 0x20000000, Load base: 0x080035a4, Size: 0x00000680, Max: 0x00005000, ABSOLUTE)

    Exec Addr    Load Addr    Size         Type   Attr      Idx    E Section Name        Object

    0x20000000   0x080035a4   0x00000014   Data   RW         1805    .data               stm32f10x_rcc.o
    0x20000014   0x080035b8   0x00000004   Data   RW         3402    .data               usart.o
    0x20000018   0x080035bc   0x00000008   Data   RW         3529    .data               as5600.o
    0x20000020        -       0x00000060   Zero   RW         3926    .bss                c_w.l(libspace.o)
    0x20000080        -       0x00000200   Zero   RW            2    HEAP                startup_stm32f10x_md.o
    0x20000280        -       0x00000400   Zero   RW            1    STACK               startup_stm32f10x_md.o


==============================================================================

Image component sizes


      Code (inc. data)   RO Data    RW Data    ZI Data      Debug   Object Name

       654        120          0          8          0       8365   as5600.o
         0          0          0          0          0       4508   core_cm3.o
        70          0          0          0          0        930   delay.o
      1828       1248        141          0          0       2155   main.o
         0          0          0          0          0     201688   misc.o
       618         50          0          0          0      27711   myi2c.o
        64         26        236          0       1536        804   startup_stm32f10x_md.o
       278          0          0          0          0      10212   stm32f10x_gpio.o
       316         20          0          0          0      11306   stm32f10x_i2c.o
        26          0          0          0          0       3766   stm32f10x_it.o
       308         38          0         20          0      13535   stm32f10x_rcc.o
       274          6          0          0          0       9852   stm32f10x_usart.o
       328         28          0          0          0      10557   system_stm32f10x.o
       268         18          0          4          0       3501   usart.o

    ----------------------------------------------------------------------
      5046       1554        412         32       1536     308890   Object Totals
         0          0         32          0          0          0   (incl. Generated)
        14          0          3          0          0          0   (incl. Padding)

    ----------------------------------------------------------------------

      Code (inc. data)   RO Data    RW Data    ZI Data      Debug   Library Member Name

         8          0          0          0          0         68   __main.o
       392          4         17          0          0         92   __printf_flags_ss_wp.o
        14          0          0          0          0         68   __printf_wp.o
         0          0          0          0          0          0   __rtentry.o
        12          0          0          0          0          0   __rtentry2.o
         6          0          0          0          0          0   __rtentry4.o
        52          8          0          0          0          0   __scatter.o
        26          0          0          0          0          0   __scatter_copy.o
        28          0          0          0          0          0   __scatter_zi.o
         6          0          0          0          0          0   _printf_a.o
         6          0          0          0          0          0   _printf_c.o
        44          0          0          0          0        108   _printf_char.o
        48          6          0          0          0         96   _printf_char_common.o
        40          0          0          0          0         68   _printf_charcount.o
         6          0          0          0          0          0   _printf_d.o
       120         16          0          0          0         92   _printf_dec.o
         6          0          0          0          0          0   _printf_e.o
         6          0          0          0          0          0   _printf_f.o
      1054          0          0          0          0        216   _printf_fp_dec.o
       764          8         38          0          0        100   _printf_fp_hex.o
       128         16          0          0          0         84   _printf_fp_infnan.o
         6          0          0          0          0          0   _printf_g.o
       148          4         40          0          0        160   _printf_hex_int_ll_ptr.o
         6          0          0          0          0          0   _printf_i.o
       178          0          0          0          0         88   _printf_intcommon.o
        10          0          0          0          0          0   _printf_l.o
         6          0          0          0          0          0   _printf_lc.o
        10          0          0          0          0          0   _printf_ll.o
         6          0          0          0          0          0   _printf_lld.o
         6          0          0          0          0          0   _printf_lli.o
         6          0          0          0          0          0   _printf_llo.o
         6          0          0          0          0          0   _printf_llu.o
         6          0          0          0          0          0   _printf_llx.o
       124         16          0          0          0         92   _printf_longlong_dec.o
         6          0          0          0          0          0   _printf_ls.o
         6          0          0          0          0          0   _printf_n.o
         6          0          0          0          0          0   _printf_o.o
       112         10          0          0          0        124   _printf_oct_int_ll.o
         6          0          0          0          0          0   _printf_p.o
        78          0          0          0          0        108   _printf_pad.o
         0          0          0          0          0          0   _printf_percent.o
         4          0          0          0          0          0   _printf_percent_end.o
         6          0          0          0          0          0   _printf_s.o
        82          0          0          0          0         80   _printf_str.o
        36          0          0          0          0         84   _printf_truncate.o
         6          0          0          0          0          0   _printf_u.o
        44          0          0          0          0        108   _printf_wchar.o
       188          6          8          0          0         92   _printf_wctomb.o
         6          0          0          0          0          0   _printf_x.o
        16          0          0          0          0         68   _snputc.o
        10          0          0          0          0         68   _sputc.o
        64          0          0          0          0         92   _wcrtomb.o
       228          4        148          0          0         96   bigflt0.o
      1936        128          0          0          0        672   btod.o
        18          0          0          0          0         80   exit.o
         6          0          0          0          0        152   heapauxi.o
         0          0          0          0          0          0   indicate_semi.o
        44         10        272          0          0         76   lc_ctype_c.o
        44         10         28          0          0         76   lc_numeric_c.o
         2          0          0          0          0          0   libinit.o
        30          0          0          0          0          0   libinit2.o
         2          0          0          0          0          0   libshutdown.o
         2          0          0          0          0          0   libshutdown2.o
         8          4          0          0         96         68   libspace.o
       138          0          0          0          0         80   lludiv10.o
        16          4          0          0          0         76   rt_ctype_table.o
         8          4          0          0          0         68   rt_locale_intlibspace.o
         2          0          0          0          0          0   rtexit.o
        10          0          0          0          0          0   rtexit2.o
       128          0          0          0          0         68   strcmpv7m.o
        12          4          0          0          0         68   sys_exit.o
        74          0          0          0          0         80   sys_stackheap_outer.o
         2          0          0          0          0         68   use_no_semi.o
        52          4          0          0          0         80   vsnprintf.o
        12          0          0          0          0         68   dretinf.o
        86          4          0          0          0         84   f2d.o
       388         76          0          0          0         96   fdiv.o
        38          0          0          0          0         68   fflt_clz.o
       258          4          0          0          0         84   fmul.o
       140          4          0          0          0         84   fnaninf.o
        10          0          0          0          0         68   fretinf.o
         4          0          0          0          0         68   printf1.o
         4          0          0          0          0         68   printf2.o
         0          0          0          0          0          0   usenofp.o
        40          0          0          0          0         68   fpclassify.o

    ----------------------------------------------------------------------
      7722        354        552          0         96       4720   Library Totals
        20          0          1          0          0          0   (incl. Padding)

    ----------------------------------------------------------------------

      Code (inc. data)   RO Data    RW Data    ZI Data      Debug   Library Name

      6722        266        551          0         96       3964   c_w.l
       940         88          0          0          0        688   fz_ws.l
        40          0          0          0          0         68   m_ws.l

    ----------------------------------------------------------------------
      7722        354        552          0         96       4720   Library Totals

    ----------------------------------------------------------------------

==============================================================================


      Code (inc. data)   RO Data    RW Data    ZI Data      Debug   

     12768       1908        964         32       1632     308406   Grand Totals
     12768       1908        964         32       1632     308406   ELF Image Totals
     12768       1908        964         32          0          0   ROM Totals

==============================================================================

    Total RO  Size (Code + RO Data)                13732 (  13.41kB)
    Total RW  Size (RW Data + ZI Data)              1664 (   1.63kB)
    Total ROM Size (Code + RO Data + RW Data)      13764 (  13.44kB)

==============================================================================

