Component: ARM Compiler 5.06 update 7 (build 960) Tool: armlink [4d3601]

==============================================================================

Section Cross References

    startup_stm32f10x_md.o(STACK) refers (Special) to heapauxi.o(.text) for __use_two_region_memory
    startup_stm32f10x_md.o(HEAP) refers (Special) to heapauxi.o(.text) for __use_two_region_memory
    startup_stm32f10x_md.o(RESET) refers (Special) to heapauxi.o(.text) for __use_two_region_memory
    startup_stm32f10x_md.o(RESET) refers to startup_stm32f10x_md.o(STACK) for __initial_sp
    startup_stm32f10x_md.o(RESET) refers to startup_stm32f10x_md.o(.text) for Reset_Handler
    startup_stm32f10x_md.o(RESET) refers to stm32f10x_it.o(i.NMI_Handler) for NMI_Handler
    startup_stm32f10x_md.o(RESET) refers to stm32f10x_it.o(i.HardFault_Handler) for HardFault_Handler
    startup_stm32f10x_md.o(RESET) refers to stm32f10x_it.o(i.MemManage_Handler) for MemManage_Handler
    startup_stm32f10x_md.o(RESET) refers to stm32f10x_it.o(i.BusFault_Handler) for BusFault_Handler
    startup_stm32f10x_md.o(RESET) refers to stm32f10x_it.o(i.UsageFault_Handler) for UsageFault_Handler
    startup_stm32f10x_md.o(RESET) refers to stm32f10x_it.o(i.SVC_Handler) for SVC_Handler
    startup_stm32f10x_md.o(RESET) refers to stm32f10x_it.o(i.DebugMon_Handler) for DebugMon_Handler
    startup_stm32f10x_md.o(RESET) refers to stm32f10x_it.o(i.PendSV_Handler) for PendSV_Handler
    startup_stm32f10x_md.o(RESET) refers to stm32f10x_it.o(i.SysTick_Handler) for SysTick_Handler
    startup_stm32f10x_md.o(.text) refers (Special) to heapauxi.o(.text) for __use_two_region_memory
    startup_stm32f10x_md.o(.text) refers to system_stm32f10x.o(i.SystemInit) for SystemInit
    startup_stm32f10x_md.o(.text) refers to __main.o(!!!main) for __main
    startup_stm32f10x_md.o(.text) refers to startup_stm32f10x_md.o(HEAP) for Heap_Mem
    startup_stm32f10x_md.o(.text) refers to startup_stm32f10x_md.o(STACK) for Stack_Mem
    system_stm32f10x.o(i.SetSysClock) refers to system_stm32f10x.o(i.SetSysClockTo72) for SetSysClockTo72
    system_stm32f10x.o(i.SystemCoreClockUpdate) refers to system_stm32f10x.o(.data) for SystemCoreClock
    system_stm32f10x.o(i.SystemInit) refers to system_stm32f10x.o(i.SetSysClock) for SetSysClock
    stm32f10x_adc.o(i.ADC_DeInit) refers to stm32f10x_rcc.o(i.RCC_APB2PeriphResetCmd) for RCC_APB2PeriphResetCmd
    stm32f10x_bkp.o(i.BKP_DeInit) refers to stm32f10x_rcc.o(i.RCC_BackupResetCmd) for RCC_BackupResetCmd
    stm32f10x_can.o(i.CAN_DeInit) refers to stm32f10x_rcc.o(i.RCC_APB1PeriphResetCmd) for RCC_APB1PeriphResetCmd
    stm32f10x_can.o(i.CAN_GetITStatus) refers to stm32f10x_can.o(i.CheckITStatus) for CheckITStatus
    stm32f10x_cec.o(i.CEC_DeInit) refers to stm32f10x_rcc.o(i.RCC_APB1PeriphResetCmd) for RCC_APB1PeriphResetCmd
    stm32f10x_dac.o(i.DAC_DeInit) refers to stm32f10x_rcc.o(i.RCC_APB1PeriphResetCmd) for RCC_APB1PeriphResetCmd
    stm32f10x_flash.o(i.FLASH_EnableWriteProtection) refers to stm32f10x_flash.o(i.FLASH_WaitForLastOperation) for FLASH_WaitForLastOperation
    stm32f10x_flash.o(i.FLASH_EraseAllBank1Pages) refers to stm32f10x_flash.o(i.FLASH_WaitForLastBank1Operation) for FLASH_WaitForLastBank1Operation
    stm32f10x_flash.o(i.FLASH_EraseAllPages) refers to stm32f10x_flash.o(i.FLASH_WaitForLastOperation) for FLASH_WaitForLastOperation
    stm32f10x_flash.o(i.FLASH_EraseOptionBytes) refers to stm32f10x_flash.o(i.FLASH_GetReadOutProtectionStatus) for FLASH_GetReadOutProtectionStatus
    stm32f10x_flash.o(i.FLASH_EraseOptionBytes) refers to stm32f10x_flash.o(i.FLASH_WaitForLastOperation) for FLASH_WaitForLastOperation
    stm32f10x_flash.o(i.FLASH_ErasePage) refers to stm32f10x_flash.o(i.FLASH_WaitForLastOperation) for FLASH_WaitForLastOperation
    stm32f10x_flash.o(i.FLASH_ProgramHalfWord) refers to stm32f10x_flash.o(i.FLASH_WaitForLastOperation) for FLASH_WaitForLastOperation
    stm32f10x_flash.o(i.FLASH_ProgramOptionByteData) refers to stm32f10x_flash.o(i.FLASH_WaitForLastOperation) for FLASH_WaitForLastOperation
    stm32f10x_flash.o(i.FLASH_ProgramWord) refers to stm32f10x_flash.o(i.FLASH_WaitForLastOperation) for FLASH_WaitForLastOperation
    stm32f10x_flash.o(i.FLASH_ReadOutProtection) refers to stm32f10x_flash.o(i.FLASH_WaitForLastOperation) for FLASH_WaitForLastOperation
    stm32f10x_flash.o(i.FLASH_UserOptionByteConfig) refers to stm32f10x_flash.o(i.FLASH_WaitForLastOperation) for FLASH_WaitForLastOperation
    stm32f10x_flash.o(i.FLASH_WaitForLastBank1Operation) refers to stm32f10x_flash.o(i.FLASH_GetBank1Status) for FLASH_GetBank1Status
    stm32f10x_flash.o(i.FLASH_WaitForLastOperation) refers to stm32f10x_flash.o(i.FLASH_GetBank1Status) for FLASH_GetBank1Status
    stm32f10x_gpio.o(i.GPIO_AFIODeInit) refers to stm32f10x_rcc.o(i.RCC_APB2PeriphResetCmd) for RCC_APB2PeriphResetCmd
    stm32f10x_gpio.o(i.GPIO_DeInit) refers to stm32f10x_rcc.o(i.RCC_APB2PeriphResetCmd) for RCC_APB2PeriphResetCmd
[...]
    i.Delay_Init                             0x08001c08   Section        0  delay.o(i.Delay_Init)
    i.FOC_AngleToRadian                      0x08001c68   Section        0  foc.o(i.FOC_AngleToRadian)
    i.FOC_Clarke_Transform                   0x08001c98   Section        0  foc.o(i.FOC_Clarke_Transform)
    i.FOC_Enable                             0x08001ccc   Section        0  foc.o(i.FOC_Enable)
    i.FOC_GetControlStatus                   0x08001ce0   Section        0  foc.o(i.FOC_GetControlStatus)
    i.FOC_Init                               0x08001ce8   Section        0  foc.o(i.FOC_Init)
    i.FOC_LimitVoltage                       0x08001d44   Section        0  foc.o(i.FOC_LimitVoltage)
    i.FOC_MainLoop                           0x08001d6c   Section        0  foc.o(i.FOC_MainLoop)
    i.FOC_PI_Calculate                       0x08001e20   Section        0  foc.o(i.FOC_PI_Calculate)
    i.FOC_PI_Init                            0x08001e8e   Section        0  foc.o(i.FOC_PI_Init)
    i.FOC_PI_Reset                           0x08001ea2   Section        0  foc.o(i.FOC_PI_Reset)
    i.FOC_SVPWM_CalculateTimes               0x08001eac   Section        0  foc.o(i.FOC_SVPWM_CalculateTimes)
    i.FOC_SVPWM_Generate                     0x08001fb4   Section        0  foc.o(i.FOC_SVPWM_Generate)
    i.FOC_SVPWM_GeneratePWM                  0x08002020   Section        0  foc.o(i.FOC_SVPWM_GeneratePWM)
    i.FOC_SVPWM_GetSector                    0x080021ec   Section        0  foc.o(i.FOC_SVPWM_GetSector)
    i.FOC_SetControl                         0x08002288   Section        0  foc.o(i.FOC_SetControl)
    i.FOC_SpeedControl                       0x080022a4   Section        0  foc.o(i.FOC_SpeedControl)
    i.GPIO_Init                              0x080022dc   Section        0  stm32f10x_gpio.o(i.GPIO_Init)
    i.GPIO_ResetBits                         0x080023f2   Section        0  stm32f10x_gpio.o(i.GPIO_ResetBits)
    i.GPIO_SetBits                           0x080023f6   Section        0  stm32f10x_gpio.o(i.GPIO_SetBits)
    i.HardFault_Handler                      0x080023fa   Section        0  stm32f10x_it.o(i.HardFault_Handler)
    i.I2C_Cmd                                0x080023fe   Section        0  stm32f10x_i2c.o(i.I2C_Cmd)
    i.I2C_DeInit                             0x08002418   Section        0  stm32f10x_i2c.o(i.I2C_DeInit)
    i.I2C_Init                               0x08002450   Section        0  stm32f10x_i2c.o(i.I2C_Init)
    i.I2C_Read                               0x0800253c   Section        0  myi2c.o(i.I2C_Read)
    i.I2C_ReadByte                           0x080025fc   Section        0  myi2c.o(i.I2C_ReadByte)
    i.I2C_ReceiveByte                        0x08002614   Section        0  myi2c.o(i.I2C_ReceiveByte)
    i.I2C_SendAddress                        0x08002660   Section        0  myi2c.o(i.I2C_SendAddress)
    i.I2C_SendByte                           0x08002698   Section        0  myi2c.o(i.I2C_SendByte)
    i.I2C_Start                              0x080026c4   Section        0  myi2c.o(i.I2C_Start)
    i.I2C_Stop                               0x080026f4   Section        0  myi2c.o(i.I2C_Stop)
    i.I2C_WaitBTF                            0x08002708   Section        0  myi2c.o(i.I2C_WaitBTF)
    i.MS8313_DisableOutput                   0x0800272c   Section        0  ms8313.o(i.MS8313_DisableOutput)
    i.MS8313_EnableOutput                    0x08002750   Section        0  ms8313.o(i.MS8313_EnableOutput)
    i.MS8313_GPIO_Init                       0x08002774   Section        0  ms8313.o(i.MS8313_GPIO_Init)
    MS8313_GPIO_Init                         0x08002775   Thumb Code    72  ms8313.o(i.MS8313_GPIO_Init)
    i.MS8313_Init                            0x080027c0   Section        0  ms8313.o(i.MS8313_Init)
    i.MS8313_SetDutyCycle                    0x080027d4   Section        0  ms8313.o(i.MS8313_SetDutyCycle)
    i.MS8313_SetThreePhaseDuty               0x08002808   Section        0  ms8313.o(i.MS8313_SetThreePhaseDuty)
    i.MS8313_StopAll                         0x0800282a   Section        0  ms8313.o(i.MS8313_StopAll)
    i.MS8313_TIM2_Init                       0x08002838   Section        0  ms8313.o(i.MS8313_TIM2_Init)
    MS8313_TIM2_Init                         0x08002839   Thumb Code   134  ms8313.o(i.MS8313_TIM2_Init)
    i.MYI2C_Init                             0x080028c0   Section        0  myi2c.o(i.MYI2C_Init)
    i.MemManage_Handler                      0x0800293c   Section        0  stm32f10x_it.o(i.MemManage_Handler)
    i.NMI_Handler                            0x08002940   Section        0  stm32f10x_it.o(i.NMI_Handler)
    i.PendSV_Handler                         0x08002942   Section        0  stm32f10x_it.o(i.PendSV_Handler)
    i.RCC_APB1PeriphClockCmd                 0x08002944   Section        0  stm32f10x_rcc.o(i.RCC_APB1PeriphClockCmd)
    i.RCC_APB1PeriphResetCmd                 0x08002964   Section        0  stm32f10x_rcc.o(i.RCC_APB1PeriphResetCmd)
    i.RCC_APB2PeriphClockCmd                 0x08002984   Section        0  stm32f10x_rcc.o(i.RCC_APB2PeriphClockCmd)
    i.RCC_GetClocksFreq                      0x080029a4   Section        0  stm32f10x_rcc.o(i.RCC_GetClocksFreq)
    i.SVC_Handler                            0x08002a78   Section        0  stm32f10x_it.o(i.SVC_Handler)
    i.SetSysClock                            0x08002a7a   Section        0  system_stm32f10x.o(i.SetSysClock)
    SetSysClock                              0x08002a7b   Thumb Code     8  system_stm32f10x.o(i.SetSysClock)
    i.SetSysClockTo72                        0x08002a84   Section        0  system_stm32f10x.o(i.SetSysClockTo72)
    SetSysClockTo72                          0x08002a85   Thumb Code   214  system_stm32f10x.o(i.SetSysClockTo72)
    i.SysTick_Handler                        0x08002b64   Section        0  stm32f10x_it.o(i.SysTick_Handler)
    i.SystemInit                             0x08002b74   Section        0  system_stm32f10x.o(i.SystemInit)
    i.TIM_Cmd                                0x08002bd4   Section        0  stm32f10x_tim.o(i.TIM_Cmd)
    i.TIM_OC1Init                            0x08002bec   Section        0  stm32f10x_tim.o(i.TIM_OC1Init)
    i.TIM_OC1PreloadConfig                   0x08002c84   Section        0  stm32f10x_tim.o(i.TIM_OC1PreloadConfig)
    i.TIM_OC2Init                            0x08002c98   Section        0  stm32f10x_tim.o(i.TIM_OC2Init)
    i.TIM_OC2PreloadConfig                   0x08002d3c   Section        0  stm32f10x_tim.o(i.TIM_OC2PreloadConfig)
    i.TIM_OC3Init                            0x08002d58   Section        0  stm32f10x_tim.o(i.TIM_OC3Init)
    i.TIM_OC3PreloadConfig                   0x08002df8   Section        0  stm32f10x_tim.o(i.TIM_OC3PreloadConfig)
    i.TIM_TimeBaseInit                       0x08002e0c   Section        0  stm32f10x_tim.o(i.TIM_TimeBaseInit)
    i.USART1_Init                            0x08002eb0   Section        0  usart.o(i.USART1_Init)
    i.USART1_Printf                          0x08002f34   Section        0  usart.o(i.USART1_Printf)
    i.USART1_SendByte                        0x08002f5c   Section        0  usart.o(i.USART1_SendByte)
    i.USART1_SendString                      0x08002f8c   Section        0  usart.o(i.USART1_SendString)
    i.USART_Cmd                              0x08002fac   Section        0  stm32f10x_usart.o(i.USART_Cmd)
    i.USART_GetFlagStatus                    0x08002fc4   Section        0  stm32f10x_usart.o(i.USART_GetFlagStatus)
    i.USART_Init                             0x08002fe0   Section        0  stm32f10x_usart.o(i.USART_Init)
    i.USART_SendData                         0x080030b8   Section        0  stm32f10x_usart.o(i.USART_SendData)
    i.UsageFault_Handler                     0x080030c0   Section        0  stm32f10x_it.o(i.UsageFault_Handler)
    i.__ARM_fpclassify                       0x080030c4   Section        0  fpclassify.o(i.__ARM_fpclassify)
    i.__mathlib_flt_infnan                   0x080030ec   Section        0  funder.o(i.__mathlib_flt_infnan)
    i.__mathlib_flt_invalid                  0x080030f2   Section        0  funder.o(i.__mathlib_flt_invalid)
    i.__mathlib_rredf2                       0x080030fc   Section        0  rredf.o(i.__mathlib_rredf2)
    i._is_digit                              0x08003264   Section        0  __printf_wp.o(i._is_digit)
    i.cosf                                   0x08003274   Section        0  cosf.o(i.cosf)
    i.main                                   0x080033f0   Section        0  main.o(i.main)
    locale$$code                             0x0800353c   Section       44  lc_numeric_c.o(locale$$code)
    locale$$code                             0x08003568   Section       44  lc_ctype_c.o(locale$$code)
    x$fpl$dretinf                            0x08003594   Section       12  dretinf.o(x$fpl$dretinf)
    x$fpl$f2d                                0x080035a0   Section       86  f2d.o(x$fpl$f2d)
    x$fpl$fadd                               0x080035f8   Section      196  faddsub_clz.o(x$fpl$fadd)
    _fadd1                                   0x08003607   Thumb Code     0  faddsub_clz.o(x$fpl$fadd)
    x$fpl$fcheck1                            0x080036bc   Section       12  fcheck1.o(x$fpl$fcheck1)
    x$fpl$fcmpinf                            0x080036c8   Section       24  fcmpi.o(x$fpl$fcmpinf)
    x$fpl$fdiv                               0x080036e0   Section      388  fdiv.o(x$fpl$fdiv)
    _fdiv1                                   0x080036e1   Thumb Code     0  fdiv.o(x$fpl$fdiv)
    x$fpl$ffix                               0x08003864   Section       54  ffix.o(x$fpl$ffix)
    x$fpl$ffixu                              0x0800389c   Section       62  ffixu.o(x$fpl$ffixu)
    x$fpl$fflt                               0x080038dc   Section       48  fflt_clz.o(x$fpl$fflt)
    x$fpl$ffltu                              0x0800390c   Section       38  fflt_clz.o(x$fpl$ffltu)
    x$fpl$fleqf                              0x08003934   Section      104  fleqf.o(x$fpl$fleqf)
    x$fpl$fmul                               0x0800399c   Section      258  fmul.o(x$fpl$fmul)
    x$fpl$fnaninf                            0x08003a9e   Section      140  fnaninf.o(x$fpl$fnaninf)
    x$fpl$fretinf                            0x08003b2a   Section       10  fretinf.o(x$fpl$fretinf)
    x$fpl$frleqf                             0x08003b34   Section       98  frleqf.o(x$fpl$frleqf)
    x$fpl$frnd                               0x08003b98   Section       96  frnd.o(x$fpl$frnd)
    x$fpl$frsb                               0x08003bf8   Section       20  faddsub_clz.o(x$fpl$frsb)
    x$fpl$fsub                               0x08003c0c   Section      234  faddsub_clz.o(x$fpl$fsub)
    _fsub1                                   0x08003c1b   Thumb Code     0  faddsub_clz.o(x$fpl$fsub)
    x$fpl$printf1                            0x08003cf6   Section        4  printf1.o(x$fpl$printf1)
    x$fpl$printf2                            0x08003cfa   Section        4  printf2.o(x$fpl$printf2)
    x$fpl$retnan                             0x08003cfe   Section      100  retnan.o(x$fpl$retnan)
    x$fpl$scalbnf                            0x08003d62   Section       76  scalbnf.o(x$fpl$scalbnf)
    x$fpl$trapveneer                         0x08003dae   Section       48  trapv.o(x$fpl$trapveneer)
    x$fpl$usenofp                            0x08003dde   Section        0  usenofp.o(x$fpl$usenofp)
    .constdata                               0x08003de0   Section        8  _printf_wctomb.o(.constdata)
    initial_mbstate                          0x08003de0   Data           8  _printf_wctomb.o(.constdata)
    .constdata                               0x08003de8   Section       40  _printf_hex_int_ll_ptr.o(.constdata)
    uc_hextab                                0x08003de8   Data          20  _printf_hex_int_ll_ptr.o(.constdata)
    lc_hextab                                0x08003dfc   Data          20  _printf_hex_int_ll_ptr.o(.constdata)
    .constdata                               0x08003e10   Section       17  __printf_flags_ss_wp.o(.constdata)
    maptable                                 0x08003e10   Data          17  __printf_flags_ss_wp.o(.constdata)
    .constdata                               0x08003e24   Section       32  rredf.o(.constdata)
    twooverpi                                0x08003e24   Data          32  rredf.o(.constdata)
    .constdata                               0x08003e44   Section       38  _printf_fp_hex.o(.constdata)
    lc_hextab                                0x08003e44   Data          19  _printf_fp_hex.o(.constdata)
    uc_hextab                                0x08003e57   Data          19  _printf_fp_hex.o(.constdata)
    .constdata                               0x08003e6c   Section      148  bigflt0.o(.constdata)
    tenpwrs_x                                0x08003e6c   Data          60  bigflt0.o(.constdata)
    tenpwrs_i                                0x08003ea8   Data          64  bigflt0.o(.constdata)
    locale$$data                             0x08003f20   Section       28  lc_numeric_c.o(locale$$data)
    __lcnum_c_name                           0x08003f24   Data           2  lc_numeric_c.o(locale$$data)
    __lcnum_c_start                          0x08003f2c   Data           0  lc_numeric_c.o(locale$$data)
    __lcnum_c_point                          0x08003f38   Data           0  lc_numeric_c.o(locale$$data)
    __lcnum_c_thousands                      0x08003f3a   Data           0  lc_numeric_c.o(locale$$data)
    __lcnum_c_grouping                       0x08003f3b   Data           0  lc_numeric_c.o(locale$$data)
    locale$$data                             0x08003f3c   Section      272  lc_ctype_c.o(locale$$data)
    __lcnum_c_end                            0x08003f3c   Data           0  lc_numeric_c.o(locale$$data)
    __lcctype_c_name                         0x08003f40   Data           2  lc_ctype_c.o(locale$$data)
    __lcctype_c_start                        0x08003f48   Data           0  lc_ctype_c.o(locale$$data)
    __lcctype_c_end                          0x0800404c   Data           0  lc_ctype_c.o(locale$$data)
    .data                                    0x20000000   Section       20  system_stm32f10x.o(.data)
    .data                                    0x20000014   Section       20  stm32f10x_rcc.o(.data)
    APBAHBPrescTable                         0x20000014   Data          16  stm32f10x_rcc.o(.data)
    ADCPrescTable                            0x20000024   Data           4  stm32f10x_rcc.o(.data)
    .data                                    0x20000028   Section        4  delay.o(.data)
    .data                                    0x2000002c   Section        4  usart.o(.data)
    current_baudrate                         0x2000002c   Data           4  usart.o(.data)
    .data                                    0x20000030   Section       12  as5600.o(.data)
    last_angle                               0x20000030   Data           2  as5600.o(.data)
    total_turns                              0x20000034   Data           4  as5600.o(.data)
    total_angle                              0x20000038   Data           4  as5600.o(.data)
    .data                                    0x2000003c   Section        1  ms8313.o(.data)
    output_enabled                           0x2000003c   Data           1  ms8313.o(.data)
    .data                                    0x2000003d   Section        1  foc.o(.data)
    foc_initialized                          0x2000003d   Data           1  foc.o(.data)
    .data                                    0x20000040   Section        6  main.o(.data)
    debug_time                               0x20000040   Data           4  main.o(.data)
    last_angle                               0x20000044   Data           2  main.o(.data)
    .bss                                     0x20000048   Section       68  foc.o(.bss)
    foc_control                              0x20000048   Data          68  foc.o(.bss)
    .bss                                     0x2000008c   Section       96  libspace.o(.bss)
    HEAP                                     0x200000f0   Section      512  startup_stm32f10x_md.o(HEAP)
    Heap_Mem                                 0x200000f0   Data         512  startup_stm32f10x_md.o(HEAP)
    STACK                                    0x200002f0   Section     1024  startup_stm32f10x_md.o(STACK)
    Stack_Mem                                0x200002f0   Data        1024  startup_stm32f10x_md.o(STACK)
    __initial_sp                             0x200006f0   Data           0  startup_stm32f10x_md.o(STACK)

    Global Symbols

    Symbol Name                              Value     Ov Type        Size  Object(Section)

    BuildAttributes$$THM_ISAv4$P$D$K$B$S$PE$A:L22UL41UL21$X:L11$S22US41US21$IEEE1$IW$USESV6$~STKCKD$USESV7$~SHL$OTIME$ROPI$IEEEX$EBA8$UX$STANDARDLIB$REQ8$PRES8$EABIv2 0x00000000   Number         0  anon$$obj.o ABSOLUTE
    __ARM_use_no_argv                        0x00000000   Number         0  main.o ABSOLUTE
    _printf_flags                            0x00000000   Number         0  printf_stubs.o ABSOLUTE
    _printf_return_value                     0x00000000   Number         0  printf_stubs.o ABSOLUTE
    _printf_sizespec                         0x00000000   Number         0  printf_stubs.o ABSOLUTE
    _printf_widthprec                        0x00000000   Number         0  printf_stubs.o ABSOLUTE
    __ARM_exceptions_init                     - Undefined Weak Reference
    __alloca_initialize                       - Undefined Weak Reference
    __arm_fini_                               - Undefined Weak Reference
    __arm_preinit_                            - Undefined Weak Reference
    __cpp_initialize__aeabi_                  - Undefined Weak Reference
    __cxa_finalize                            - Undefined Weak Reference
    __sigvec_lookup                           - Undefined Weak Reference
    _atexit_init                              - Undefined Weak Reference
    _call_atexit_fns                          - Undefined Weak Reference
    _clock_init                               - Undefined Weak Reference
    _fp_trap_init                             - Undefined Weak Reference
    _fp_trap_shutdown                         - Undefined Weak Reference
    _get_lc_collate                           - Undefined Weak Reference
    _get_lc_monetary                          - Undefined Weak Reference
    _get_lc_time                              - Undefined Weak Reference
    _getenv_init                              - Undefined Weak Reference
    _handle_redirection                       - Undefined Weak Reference
    _init_alloc                               - Undefined Weak Reference
    _init_user_alloc                          - Undefined Weak Reference
    _initio                                   - Undefined Weak Reference
    _printf_mbtowc                            - Undefined Weak Reference
    _printf_wc                                - Undefined Weak Reference
    _rand_init                                - Undefined Weak Reference
    _signal_finish                            - Undefined Weak Reference
    _signal_init                              - Undefined Weak Reference
    _terminate_alloc                          - Undefined Weak Reference
    _terminate_user_alloc                     - Undefined Weak Reference
    _terminateio                              - Undefined Weak Reference
    __Vectors_Size                           0x000000ec   Number         0  startup_stm32f10x_md.o ABSOLUTE
    __Vectors                                0x08000000   Data           4  startup_stm32f10x_md.o(RESET)
    __Vectors_End                            0x080000ec   Data           0  startup_stm32f10x_md.o(RESET)
    __main                                   0x080000ed   Thumb Code     8  __main.o(!!!main)
    __scatterload                            0x080000f5   Thumb Code     0  __scatter.o(!!!scatter)
    __scatterload_rt2                        0x080000f5   Thumb Code    44  __scatter.o(!!!scatter)
    __scatterload_rt2_thumb_only             0x080000f5   Thumb Code     0  __scatter.o(!!!scatter)
    __scatterload_null                       0x08000103   Thumb Code     0  __scatter.o(!!!scatter)
    __scatterload_copy                       0x08000129   Thumb Code    26  __scatter_copy.o(!!handler_copy)
    __scatterload_zeroinit                   0x08000145   Thumb Code    28  __scatter_zi.o(!!handler_zi)
    _printf_n                                0x08000161   Thumb Code     0  _printf_n.o(.ARM.Collect$$_printf_percent$$00000001)
    _printf_percent                          0x08000161   Thumb Code     0  _printf_percent.o(.ARM.Collect$$_printf_percent$$00000000)
    _printf_p                                0x08000167   Thumb Code     0  _printf_p.o(.ARM.Collect$$_printf_percent$$00000002)
    _printf_f                                0x0800016d   Thumb Code     0  _printf_f.o(.ARM.Collect$$_printf_percent$$00000003)
    _printf_e                                0x08000173   Thumb Code     0  _printf_e.o(.ARM.Collect$$_printf_percent$$00000004)
    _printf_g                                0x08000179   Thumb Code     0  _printf_g.o(.ARM.Collect$$_printf_percent$$00000005)
    _printf_a                                0x0800017f   Thumb Code     0  _printf_a.o(.ARM.Collect$$_printf_percent$$00000006)
    _printf_ll                               0x08000185   Thumb Code     0  _printf_ll.o(.ARM.Collect$$_printf_percent$$00000007)
    _printf_i                                0x0800018f   Thumb Code     0  _printf_i.o(.ARM.Collect$$_printf_percent$$00000008)
    _printf_d                                0x08000195   Thumb Code     0  _printf_d.o(.ARM.Collect$$_printf_percent$$00000009)
    _printf_u                                0x0800019b   Thumb Code     0  _printf_u.o(.ARM.Collect$$_printf_percent$$0000000A)
    _printf_o                                0x080001a1   Thumb Code     0  _printf_o.o(.ARM.Collect$$_printf_percent$$0000000B)
    _printf_x                                0x080001a7   Thumb Code     0  _printf_x.o(.ARM.Collect$$_printf_percent$$0000000C)
    _printf_lli                              0x080001ad   Thumb Code     0  _printf_lli.o(.ARM.Collect$$_printf_percent$$0000000D)
    _printf_lld                              0x080001b3   Thumb Code     0  _printf_lld.o(.ARM.Collect$$_printf_percent$$0000000E)
    _printf_llu                              0x080001b9   Thumb Code     0  _printf_llu.o(.ARM.Collect$$_printf_percent$$0000000F)
    _printf_llo                              0x080001bf   Thumb Code     0  _printf_llo.o(.ARM.Collect$$_printf_percent$$00000010)
    _printf_llx                              0x080001c5   Thumb Code     0  _printf_llx.o(.ARM.Collect$$_printf_percent$$00000011)
    _printf_l                                0x080001cb   Thumb Code     0  _printf_l.o(.ARM.Collect$$_printf_percent$$00000012)
    _printf_c                                0x080001d5   Thumb Code     0  _printf_c.o(.ARM.Collect$$_printf_percent$$00000013)
    _printf_s                                0x080001db   Thumb Code     0  _printf_s.o(.ARM.Collect$$_printf_percent$$00000014)
    _printf_lc                               0x080001e1   Thumb Code     0  _printf_lc.o(.ARM.Collect$$_printf_percent$$00000015)
    _printf_ls                               0x080001e7   Thumb Code     0  _printf_ls.o(.ARM.Collect$$_printf_percent$$00000016)
    _printf_percent_end                      0x080001ed   Thumb Code     0  _printf_percent_end.o(.ARM.Collect$$_printf_percent$$00000017)
    __rt_lib_init                            0x080001f1   Thumb Code     0  libinit.o(.ARM.Collect$$libinit$$00000000)
    __rt_lib_init_fp_1                       0x080001f3   Thumb Code     0  libinit2.o(.ARM.Collect$$libinit$$00000002)
    __rt_lib_init_heap_1                     0x080001f3   Thumb Code     0  libinit2.o(.ARM.Collect$$libinit$$0000000A)
    __rt_lib_init_lc_common                  0x080001f3   Thumb Code     0  libinit2.o(.ARM.Collect$$libinit$$0000000F)
    __rt_lib_init_preinit_1                  0x080001f3   Thumb Code     0  libinit2.o(.ARM.Collect$$libinit$$00000004)
    __rt_lib_init_rand_1                     0x080001f3   Thumb Code     0  libinit2.o(.ARM.Collect$$libinit$$0000000E)
    __rt_lib_init_user_alloc_1               0x080001f3   Thumb Code     0  libinit2.o(.ARM.Collect$$libinit$$0000000C)
    __rt_lib_init_lc_collate_1               0x080001f9   Thumb Code     0  libinit2.o(.ARM.Collect$$libinit$$00000011)
    __rt_lib_init_lc_ctype_2                 0x080001f9   Thumb Code     0  libinit2.o(.ARM.Collect$$libinit$$00000012)
    __rt_lib_init_lc_ctype_1                 0x08000205   Thumb Code     0  libinit2.o(.ARM.Collect$$libinit$$00000013)
    __rt_lib_init_lc_monetary_1              0x08000205   Thumb Code     0  libinit2.o(.ARM.Collect$$libinit$$00000015)
    __rt_lib_init_lc_numeric_2               0x08000205   Thumb Code     0  libinit2.o(.ARM.Collect$$libinit$$00000016)
    __rt_lib_init_alloca_1                   0x0800020f   Thumb Code     0  libinit2.o(.ARM.Collect$$libinit$$0000002E)
    __rt_lib_init_argv_1                     0x0800020f   Thumb Code     0  libinit2.o(.ARM.Collect$$libinit$$0000002C)
    __rt_lib_init_atexit_1                   0x0800020f   Thumb Code     0  libinit2.o(.ARM.Collect$$libinit$$0000001B)
    __rt_lib_init_clock_1                    0x0800020f   Thumb Code     0  libinit2.o(.ARM.Collect$$libinit$$00000021)
    __rt_lib_init_cpp_1                      0x0800020f   Thumb Code     0  libinit2.o(.ARM.Collect$$libinit$$00000032)
    __rt_lib_init_exceptions_1               0x0800020f   Thumb Code     0  libinit2.o(.ARM.Collect$$libinit$$00000030)
    __rt_lib_init_fp_trap_1                  0x0800020f   Thumb Code     0  libinit2.o(.ARM.Collect$$libinit$$0000001F)
    __rt_lib_init_getenv_1                   0x0800020f   Thumb Code     0  libinit2.o(.ARM.Collect$$libinit$$00000023)
    __rt_lib_init_lc_numeric_1               0x0800020f   Thumb Code     0  libinit2.o(.ARM.Collect$$libinit$$00000017)
    __rt_lib_init_lc_time_1                  0x0800020f   Thumb Code     0  libinit2.o(.ARM.Collect$$libinit$$00000019)
    __rt_lib_init_return                     0x0800020f   Thumb Code     0  libinit2.o(.ARM.Collect$$libinit$$00000033)
    __rt_lib_init_signal_1                   0x0800020f   Thumb Code     0  libinit2.o(.ARM.Collect$$libinit$$0000001D)
    __rt_lib_init_stdio_1                    0x0800020f   Thumb Code     0  libinit2.o(.ARM.Collect$$libinit$$00000025)
    __rt_lib_shutdown                        0x08000211   Thumb Code     0  libshutdown.o(.ARM.Collect$$libshutdown$$00000000)
    __rt_lib_shutdown_cpp_1                  0x08000213   Thumb Code     0  libshutdown2.o(.ARM.Collect$$libshutdown$$00000004)
    __rt_lib_shutdown_fini_1                 0x08000213   Thumb Code     0  libshutdown2.o(.ARM.Collect$$libshutdown$$00000002)
    __rt_lib_shutdown_fp_trap_1              0x08000213   Thumb Code     0  libshutdown2.o(.ARM.Collect$$libshutdown$$00000009)
    __rt_lib_shutdown_heap_1                 0x08000213   Thumb Code     0  libshutdown2.o(.ARM.Collect$$libshutdown$$00000011)
    __rt_lib_shutdown_return                 0x08000213   Thumb Code     0  libshutdown2.o(.ARM.Collect$$libshutdown$$00000012)
    __rt_lib_shutdown_signal_1               0x08000213   Thumb Code     0  libshutdown2.o(.ARM.Collect$$libshutdown$$0000000C)
    __rt_lib_shutdown_stdio_1                0x08000213   Thumb Code     0  libshutdown2.o(.ARM.Collect$$libshutdown$$00000006)
    __rt_lib_shutdown_user_alloc_1           0x08000213   Thumb Code     0  libshutdown2.o(.ARM.Collect$$libshutdown$$0000000E)
    __rt_entry                               0x08000215   Thumb Code     0  __rtentry.o(.ARM.Collect$$rtentry$$00000000)
    __rt_entry_presh_1                       0x08000215   Thumb Code     0  __rtentry2.o(.ARM.Collect$$rtentry$$00000002)
    __rt_entry_sh                            0x08000215   Thumb Code     0  __rtentry4.o(.ARM.Collect$$rtentry$$00000004)
    __rt_entry_li                            0x0800021b   Thumb Code     0  __rtentry2.o(.ARM.Collect$$rtentry$$0000000A)
    __rt_entry_postsh_1                      0x0800021b   Thumb Code     0  __rtentry2.o(.ARM.Collect$$rtentry$$00000009)
    __rt_entry_main                          0x0800021f   Thumb Code     0  __rtentry2.o(.ARM.Collect$$rtentry$$0000000D)
    __rt_entry_postli_1                      0x0800021f   Thumb Code     0  __rtentry2.o(.ARM.Collect$$rtentry$$0000000C)
    __rt_exit                                0x08000227   Thumb Code     0  rtexit.o(.ARM.Collect$$rtexit$$00000000)
    __rt_exit_ls                             0x08000229   Thumb Code     0  rtexit2.o(.ARM.Collect$$rtexit$$00000003)
    __rt_exit_prels_1                        0x08000229   Thumb Code     0  rtexit2.o(.ARM.Collect$$rtexit$$00000002)
    __rt_exit_exit                           0x0800022d   Thumb Code     0  rtexit2.o(.ARM.Collect$$rtexit$$00000004)
    Reset_Handler                            0x08000235   Thumb Code     8  startup_stm32f10x_md.o(.text)
    ADC1_2_IRQHandler                        0x0800024f   Thumb Code     0  startup_stm32f10x_md.o(.text)
    CAN1_RX1_IRQHandler                      0x0800024f   Thumb Code     0  startup_stm32f10x_md.o(.text)
    CAN1_SCE_IRQHandler                      0x0800024f   Thumb Code     0  startup_stm32f10x_md.o(.text)
    DMA1_Channel1_IRQHandler                 0x0800024f   Thumb Code     0  startup_stm32f10x_md.o(.text)
    DMA1_Channel2_IRQHandler                 0x0800024f   Thumb Code     0  startup_stm32f10x_md.o(.text)
    DMA1_Channel3_IRQHandler                 0x0800024f   Thumb Code     0  startup_stm32f10x_md.o(.text)
    DMA1_Channel4_IRQHandler                 0x0800024f   Thumb Code     0  startup_stm32f10x_md.o(.text)
    DMA1_Channel5_IRQHandler                 0x0800024f   Thumb Code     0  startup_stm32f10x_md.o(.text)
    DMA1_Channel6_IRQHandler                 0x0800024f   Thumb Code     0  startup_stm32f10x_md.o(.text)
    DMA1_Channel7_IRQHandler                 0x0800024f   Thumb Code     0  startup_stm32f10x_md.o(.text)
    EXTI0_IRQHandler                         0x0800024f   Thumb Code     0  startup_stm32f10x_md.o(.text)
    EXTI15_10_IRQHandler                     0x0800024f   Thumb Code     0  startup_stm32f10x_md.o(.text)
    EXTI1_IRQHandler                         0x0800024f   Thumb Code     0  startup_stm32f10x_md.o(.text)
    EXTI2_IRQHandler                         0x0800024f   Thumb Code     0  startup_stm32f10x_md.o(.text)
    EXTI3_IRQHandler                         0x0800024f   Thumb Code     0  startup_stm32f10x_md.o(.text)
    EXTI4_IRQHandler                         0x0800024f   Thumb Code     0  startup_stm32f10x_md.o(.text)
    EXTI9_5_IRQHandler                       0x0800024f   Thumb Code     0  startup_stm32f10x_md.o(.text)
    FLASH_IRQHandler                         0x0800024f   Thumb Code     0  startup_stm32f10x_md.o(.text)
    I2C1_ER_IRQHandler                       0x0800024f   Thumb Code     0  startup_stm32f10x_md.o(.text)
    I2C1_EV_IRQHandler                       0x0800024f   Thumb Code     0  startup_stm32f10x_md.o(.text)
    I2C2_ER_IRQHandler                       0x0800024f   Thumb Code     0  startup_stm32f10x_md.o(.text)
    I2C2_EV_IRQHandler                       0x0800024f   Thumb Code     0  startup_stm32f10x_md.o(.text)
    PVD_IRQHandler                           0x0800024f   Thumb Code     0  startup_stm32f10x_md.o(.text)
    RCC_IRQHandler                           0x0800024f   Thumb Code     0  startup_stm32f10x_md.o(.text)
    RTCAlarm_IRQHandler                      0x0800024f   Thumb Code     0  startup_stm32f10x_md.o(.text)
    RTC_IRQHandler                           0x0800024f   Thumb Code     0  startup_stm32f10x_md.o(.text)
    SPI1_IRQHandler                          0x0800024f   Thumb Code     0  startup_stm32f10x_md.o(.text)
    SPI2_IRQHandler                          0x0800024f   Thumb Code     0  startup_stm32f10x_md.o(.text)
    TAMPER_IRQHandler                        0x0800024f   Thumb Code     0  startup_stm32f10x_md.o(.text)
    TIM1_BRK_IRQHandler                      0x0800024f   Thumb Code     0  startup_stm32f10x_md.o(.text)
    TIM1_CC_IRQHandler                       0x0800024f   Thumb Code     0  startup_stm32f10x_md.o(.text)
    TIM1_TRG_COM_IRQHandler                  0x0800024f   Thumb Code     0  startup_stm32f10x_md.o(.text)
    TIM1_UP_IRQHandler                       0x0800024f   Thumb Code     0  startup_stm32f10x_md.o(.text)
    TIM2_IRQHandler                          0x0800024f   Thumb Code     0  startup_stm32f10x_md.o(.text)
    TIM3_IRQHandler                          0x0800024f   Thumb Code     0  startup_stm32f10x_md.o(.text)
    TIM4_IRQHandler                          0x0800024f   Thumb Code     0  startup_stm32f10x_md.o(.text)
    USART1_IRQHandler                        0x0800024f   Thumb Code     0  startup_stm32f10x_md.o(.text)
    USART2_IRQHandler                        0x0800024f   Thumb Code     0  startup_stm32f10x_md.o(.text)
    USART3_IRQHandler                        0x0800024f   Thumb Code     0  startup_stm32f10x_md.o(.text)
    USBWakeUp_IRQHandler                     0x0800024f   Thumb Code     0  startup_stm32f10x_md.o(.text)
    USB_HP_CAN1_TX_IRQHandler                0x0800024f   Thumb Code     0  startup_stm32f10x_md.o(.text)
    USB_LP_CAN1_RX0_IRQHandler               0x0800024f   Thumb Code     0  startup_stm32f10x_md.o(.text)
    WWDG_IRQHandler                          0x0800024f   Thumb Code     0  startup_stm32f10x_md.o(.text)
    __user_initial_stackheap                 0x08000251   Thumb Code     0  startup_stm32f10x_md.o(.text)
    vsnprintf                                0x08000275   Thumb Code    48  vsnprintf.o(.text)
    __use_two_region_memory                  0x080002a9   Thumb Code     2  heapauxi.o(.text)
    __rt_heap_escrow$2region                 0x080002ab   Thumb Code     2  heapauxi.o(.text)
    __rt_heap_expand$2region                 0x080002ad   Thumb Code     2  heapauxi.o(.text)
    __read_errno                             0x080002af   Thumb Code    10  _rserrno.o(.text)
    __set_errno                              0x080002b9   Thumb Code    12  _rserrno.o(.text)
    _printf_pre_padding                      0x080002c5   Thumb Code    44  _printf_pad.o(.text)
    _printf_post_padding                     0x080002f1   Thumb Code    34  _printf_pad.o(.text)
    _printf_truncate_signed                  0x08000313   Thumb Code    18  _printf_truncate.o(.text)
    _printf_truncate_unsigned                0x08000325   Thumb Code    18  _printf_truncate.o(.text)
    _printf_str                              0x08000337   Thumb Code    82  _printf_str.o(.text)
    _printf_int_dec                          0x08000389   Thumb Code   104  _printf_dec.o(.text)
    _printf_charcount                        0x08000401   Thumb Code    40  _printf_charcount.o(.text)
    _printf_char_common                      0x08000433   Thumb Code    32  _printf_char_common.o(.text)
    _sputc                                   0x08000459   Thumb Code    10  _sputc.o(.text)
    _snputc                                  0x08000463   Thumb Code    16  _snputc.o(.text)
    _printf_wctomb                           0x08000475   Thumb Code   182  _printf_wctomb.o(.text)
    _printf_longlong_dec                     0x08000531   Thumb Code   108  _printf_longlong_dec.o(.text)
    _printf_longlong_oct                     0x080005ad   Thumb Code    66  _printf_oct_int_ll.o(.text)
    _printf_int_oct                          0x080005ef   Thumb Code    24  _printf_oct_int_ll.o(.text)
    _printf_ll_oct                           0x08000607   Thumb Code    12  _printf_oct_int_ll.o(.text)
    _printf_longlong_hex                     0x0800061d   Thumb Code    86  _printf_hex_int_ll_ptr.o(.text)
    _printf_int_hex                          0x08000673   Thumb Code    28  _printf_hex_int_ll_ptr.o(.text)
    _printf_ll_hex                           0x0800068f   Thumb Code    12  _printf_hex_int_ll_ptr.o(.text)
    _printf_hex_ptr                          0x0800069b   Thumb Code    18  _printf_hex_int_ll_ptr.o(.text)
    __printf                                 0x080006b1   Thumb Code   388  __printf_flags_ss_wp.o(.text)
    __aeabi_errno_addr                       0x08000839   Thumb Code     8  rt_errno_addr_intlibspace.o(.text)
    __errno$intlibspace                      0x08000839   Thumb Code     0  rt_errno_addr_intlibspace.o(.text)
    __rt_errno_addr$intlibspace              0x08000839   Thumb Code     0  rt_errno_addr_intlibspace.o(.text)
    _ll_udiv10                               0x08000841   Thumb Code   138  lludiv10.o(.text)
    _printf_int_common                       0x080008cb   Thumb Code   178  _printf_intcommon.o(.text)
    __lib_sel_fp_printf                      0x0800097d   Thumb Code     2  _printf_fp_dec.o(.text)
    _printf_fp_dec_real                      0x08000b2f   Thumb Code   620  _printf_fp_dec.o(.text)
    _printf_fp_hex_real                      0x08000d9d   Thumb Code   756  _printf_fp_hex.o(.text)
    _printf_cs_common                        0x08001099   Thumb Code    20  _printf_char.o(.text)
    _printf_char                             0x080010ad   Thumb Code    16  _printf_char.o(.text)
    _printf_string                           0x080010bd   Thumb Code     8  _printf_char.o(.text)
    _printf_lcs_common                       0x080010c5   Thumb Code    20  _printf_wchar.o(.text)
    _printf_wchar                            0x080010d9   Thumb Code    16  _printf_wchar.o(.text)
    _printf_wstring                          0x080010e9   Thumb Code     8  _printf_wchar.o(.text)
    _wcrtomb                                 0x080010f1   Thumb Code    64  _wcrtomb.o(.text)
    __user_libspace                          0x08001131   Thumb Code     8  libspace.o(.text)
    __user_perproc_libspace                  0x08001131   Thumb Code     0  libspace.o(.text)
    __user_perthread_libspace                0x08001131   Thumb Code     0  libspace.o(.text)
    __user_setup_stackheap                   0x08001139   Thumb Code    74  sys_stackheap_outer.o(.text)
    __rt_ctype_table                         0x08001185   Thumb Code    16  rt_ctype_table.o(.text)
    __rt_locale                              0x08001195   Thumb Code     8  rt_locale_intlibspace.o(.text)
    _printf_fp_infnan                        0x0800119d   Thumb Code   112  _printf_fp_infnan.o(.text)
    _btod_etento                             0x0800121d   Thumb Code   224  bigflt0.o(.text)
    exit                                     0x08001301   Thumb Code    18  exit.o(.text)
    strcmp                                   0x08001315   Thumb Code   128  strcmpv7m.o(.text)
    _sys_exit                                0x08001395   Thumb Code     8  sys_exit.o(.text)
    __I$use$semihosting                      0x080013a1   Thumb Code     0  use_no_semi.o(.text)
    __use_no_semihosting_swi                 0x080013a1   Thumb Code     2  use_no_semi.o(.text)
    __semihosting_library_function           0x080013a3   Thumb Code     0  indicate_semi.o(.text)
    _btod_d2e                                0x080013a3   Thumb Code    62  btod.o(CL$$btod_d2e)
    _d2e_denorm_low                          0x080013e1   Thumb Code    70  btod.o(CL$$btod_d2e_denorm_low)
    _d2e_norm_op1                            0x08001427   Thumb Code    96  btod.o(CL$$btod_d2e_norm_op1)
    __btod_div_common                        0x08001487   Thumb Code   696  btod.o(CL$$btod_div_common)
    _e2e                                     0x080017bf   Thumb Code   220  btod.o(CL$$btod_e2e)
    _btod_ediv                               0x0800189b   Thumb Code    42  btod.o(CL$$btod_ediv)
    _btod_emul                               0x080018c5   Thumb Code    42  btod.o(CL$$btod_emul)
    __btod_mult_common                       0x080018ef   Thumb Code   580  btod.o(CL$$btod_mult_common)
    AS5600_GetAngleDiff                      0x08001b33   Thumb Code    32  as5600.o(i.AS5600_GetAngleDiff)
    AS5600_GetRawAngle                       0x08001b53   Thumb Code    50  as5600.o(i.AS5600_GetRawAngle)
    AS5600_GetStatus                         0x08001b85   Thumb Code    26  as5600.o(i.AS5600_GetStatus)
    AS5600_Init                              0x08001ba1   Thumb Code    58  as5600.o(i.AS5600_Init)
    AS5600_IsConnected                       0x08001be5   Thumb Code    18  as5600.o(i.AS5600_IsConnected)
    BusFault_Handler                         0x08001bf7   Thumb Code     4  stm32f10x_it.o(i.BusFault_Handler)
    DebugMon_Handler                         0x08001bfb   Thumb Code     2  stm32f10x_it.o(i.DebugMon_Handler)
    Delay_GetTick                            0x08001bfd   Thumb Code     6  delay.o(i.Delay_GetTick)
    Delay_Init                               0x08001c09   Thumb Code    84  delay.o(i.Delay_Init)
    FOC_AngleToRadian                        0x08001c69   Thumb Code    44  foc.o(i.FOC_AngleToRadian)
    FOC_Clarke_Transform                     0x08001c99   Thumb Code    48  foc.o(i.FOC_Clarke_Transform)
    FOC_Enable                               0x08001ccd   Thumb Code    16  foc.o(i.FOC_Enable)
    FOC_GetControlStatus                     0x08001ce1   Thumb Code     4  foc.o(i.FOC_GetControlStatus)
    FOC_Init                                 0x08001ce9   Thumb Code    68  foc.o(i.FOC_Init)
    FOC_LimitVoltage                         0x08001d45   Thumb Code    40  foc.o(i.FOC_LimitVoltage)
    FOC_MainLoop                             0x08001d6d   Thumb Code   168  foc.o(i.FOC_MainLoop)
    FOC_PI_Calculate                         0x08001e21   Thumb Code   110  foc.o(i.FOC_PI_Calculate)
    FOC_PI_Init                              0x08001e8f   Thumb Code    20  foc.o(i.FOC_PI_Init)
    FOC_PI_Reset                             0x08001ea3   Thumb Code     8  foc.o(i.FOC_PI_Reset)
    FOC_SVPWM_CalculateTimes                 0x08001ead   Thumb Code   252  foc.o(i.FOC_SVPWM_CalculateTimes)
    FOC_SVPWM_Generate                       0x08001fb5   Thumb Code   102  foc.o(i.FOC_SVPWM_Generate)
    FOC_SVPWM_GeneratePWM                    0x08002021   Thumb Code   454  foc.o(i.FOC_SVPWM_GeneratePWM)
    FOC_SVPWM_GetSector                      0x080021ed   Thumb Code   148  foc.o(i.FOC_SVPWM_GetSector)
    FOC_SetControl                           0x08002289   Thumb Code    22  foc.o(i.FOC_SetControl)
    FOC_SpeedControl                         0x080022a5   Thumb Code    46  foc.o(i.FOC_SpeedControl)
    GPIO_Init                                0x080022dd   Thumb Code   278  stm32f10x_gpio.o(i.GPIO_Init)
    GPIO_ResetBits                           0x080023f3   Thumb Code     4  stm32f10x_gpio.o(i.GPIO_ResetBits)
    GPIO_SetBits                             0x080023f7   Thumb Code     4  stm32f10x_gpio.o(i.GPIO_SetBits)
    HardFault_Handler                        0x080023fb   Thumb Code     4  stm32f10x_it.o(i.HardFault_Handler)
    I2C_Cmd                                  0x080023ff   Thumb Code    24  stm32f10x_i2c.o(i.I2C_Cmd)
    I2C_DeInit                               0x08002419   Thumb Code    50  stm32f10x_i2c.o(i.I2C_DeInit)
    I2C_Init                                 0x08002451   Thumb Code   222  stm32f10x_i2c.o(i.I2C_Init)
    I2C_Read                                 0x0800253d   Thumb Code   188  myi2c.o(i.I2C_Read)
    I2C_ReadByte                             0x080025fd   Thumb Code    22  myi2c.o(i.I2C_ReadByte)
    I2C_ReceiveByte                          0x08002615   Thumb Code    72  myi2c.o(i.I2C_ReceiveByte)
    I2C_SendAddress                          0x08002661   Thumb Code    50  myi2c.o(i.I2C_SendAddress)
    I2C_SendByte                             0x08002699   Thumb Code    38  myi2c.o(i.I2C_SendByte)
    I2C_Start                                0x080026c5   Thumb Code    44  myi2c.o(i.I2C_Start)
    I2C_Stop                                 0x080026f5   Thumb Code    14  myi2c.o(i.I2C_Stop)
    I2C_WaitBTF                              0x08002709   Thumb Code    30  myi2c.o(i.I2C_WaitBTF)
    MS8313_DisableOutput                     0x0800272d   Thumb Code    28  ms8313.o(i.MS8313_DisableOutput)
    MS8313_EnableOutput                      0x08002751   Thumb Code    26  ms8313.o(i.MS8313_EnableOutput)
    MS8313_Init                              0x080027c1   Thumb Code    20  ms8313.o(i.MS8313_Init)
    MS8313_SetDutyCycle                      0x080027d5   Thumb Code    52  ms8313.o(i.MS8313_SetDutyCycle)
    MS8313_SetThreePhaseDuty                 0x08002809   Thumb Code    34  ms8313.o(i.MS8313_SetThreePhaseDuty)
    MS8313_StopAll                           0x0800282b   Thumb Code    14  ms8313.o(i.MS8313_StopAll)
    MYI2C_Init                               0x080028c1   Thumb Code   110  myi2c.o(i.MYI2C_Init)
    MemManage_Handler                        0x0800293d   Thumb Code     4  stm32f10x_it.o(i.MemManage_Handler)
    NMI_Handler                              0x08002941   Thumb Code     2  stm32f10x_it.o(i.NMI_Handler)
    PendSV_Handler                           0x08002943   Thumb Code     2  stm32f10x_it.o(i.PendSV_Handler)
    RCC_APB1PeriphClockCmd                   0x08002945   Thumb Code    26  stm32f10x_rcc.o(i.RCC_APB1PeriphClockCmd)
    RCC_APB1PeriphResetCmd                   0x08002965   Thumb Code    26  stm32f10x_rcc.o(i.RCC_APB1PeriphResetCmd)
    RCC_APB2PeriphClockCmd                   0x08002985   Thumb Code    26  stm32f10x_rcc.o(i.RCC_APB2PeriphClockCmd)
    RCC_GetClocksFreq                        0x080029a5   Thumb Code   192  stm32f10x_rcc.o(i.RCC_GetClocksFreq)
    SVC_Handler                              0x08002a79   Thumb Code     2  stm32f10x_it.o(i.SVC_Handler)
    SysTick_Handler                          0x08002b65   Thumb Code    12  stm32f10x_it.o(i.SysTick_Handler)
    SystemInit                               0x08002b75   Thumb Code    78  system_stm32f10x.o(i.SystemInit)
    TIM_Cmd                                  0x08002bd5   Thumb Code    24  stm32f10x_tim.o(i.TIM_Cmd)
    TIM_OC1Init                              0x08002bed   Thumb Code   132  stm32f10x_tim.o(i.TIM_OC1Init)
    TIM_OC1PreloadConfig                     0x08002c85   Thumb Code    18  stm32f10x_tim.o(i.TIM_OC1PreloadConfig)
    TIM_OC2Init                              0x08002c99   Thumb Code   154  stm32f10x_tim.o(i.TIM_OC2Init)
    TIM_OC2PreloadConfig                     0x08002d3d   Thumb Code    26  stm32f10x_tim.o(i.TIM_OC2PreloadConfig)
    TIM_OC3Init                              0x08002d59   Thumb Code   150  stm32f10x_tim.o(i.TIM_OC3Init)
    TIM_OC3PreloadConfig                     0x08002df9   Thumb Code    18  stm32f10x_tim.o(i.TIM_OC3PreloadConfig)
    TIM_TimeBaseInit                         0x08002e0d   Thumb Code   122  stm32f10x_tim.o(i.TIM_TimeBaseInit)
    USART1_Init                              0x08002eb1   Thumb Code   120  usart.o(i.USART1_Init)
    USART1_Printf                            0x08002f35   Thumb Code    40  usart.o(i.USART1_Printf)
    USART1_SendByte                          0x08002f5d   Thumb Code    42  usart.o(i.USART1_SendByte)
    USART1_SendString                        0x08002f8d   Thumb Code    32  usart.o(i.USART1_SendString)
    USART_Cmd                                0x08002fad   Thumb Code    24  stm32f10x_usart.o(i.USART_Cmd)
    USART_GetFlagStatus                      0x08002fc5   Thumb Code    26  stm32f10x_usart.o(i.USART_GetFlagStatus)
    USART_Init                               0x08002fe1   Thumb Code   210  stm32f10x_usart.o(i.USART_Init)
    USART_SendData                           0x080030b9   Thumb Code     8  stm32f10x_usart.o(i.USART_SendData)
    UsageFault_Handler                       0x080030c1   Thumb Code     4  stm32f10x_it.o(i.UsageFault_Handler)
    __ARM_fpclassify                         0x080030c5   Thumb Code    40  fpclassify.o(i.__ARM_fpclassify)
    __mathlib_flt_infnan                     0x080030ed   Thumb Code     6  funder.o(i.__mathlib_flt_infnan)
    __mathlib_flt_invalid                    0x080030f3   Thumb Code     8  funder.o(i.__mathlib_flt_invalid)
    __mathlib_rredf2                         0x080030fd   Thumb Code   344  rredf.o(i.__mathlib_rredf2)
    _is_digit                                0x08003265   Thumb Code    14  __printf_wp.o(i._is_digit)
    cosf                                     0x08003275   Thumb Code   328  cosf.o(i.cosf)
    main                                     0x080033f1   Thumb Code   228  main.o(i.main)
    _get_lc_numeric                          0x0800353d   Thumb Code    44  lc_numeric_c.o(locale$$code)
    _get_lc_ctype                            0x08003569   Thumb Code    44  lc_ctype_c.o(locale$$code)
    __fpl_dretinf                            0x08003595   Thumb Code    12  dretinf.o(x$fpl$dretinf)
    __aeabi_f2d                              0x080035a1   Thumb Code     0  f2d.o(x$fpl$f2d)
    _f2d                                     0x080035a1   Thumb Code    86  f2d.o(x$fpl$f2d)
    __aeabi_fadd                             0x080035f9   Thumb Code     0  faddsub_clz.o(x$fpl$fadd)
    _fadd                                    0x080035f9   Thumb Code   196  faddsub_clz.o(x$fpl$fadd)
    __fpl_fcheck_NaN1                        0x080036bd   Thumb Code     6  fcheck1.o(x$fpl$fcheck1)
    __fpl_fcmp_Inf                           0x080036c9   Thumb Code    24  fcmpi.o(x$fpl$fcmpinf)
    __aeabi_fdiv                             0x080036e1   Thumb Code     0  fdiv.o(x$fpl$fdiv)
    _fdiv                                    0x080036e1   Thumb Code   384  fdiv.o(x$fpl$fdiv)
    __aeabi_f2iz                             0x08003865   Thumb Code     0  ffix.o(x$fpl$ffix)
    _ffix                                    0x08003865   Thumb Code    54  ffix.o(x$fpl$ffix)
    __aeabi_f2uiz                            0x0800389d   Thumb Code     0  ffixu.o(x$fpl$ffixu)
    _ffixu                                   0x0800389d   Thumb Code    62  ffixu.o(x$fpl$ffixu)
    __aeabi_i2f                              0x080038dd   Thumb Code     0  fflt_clz.o(x$fpl$fflt)
    _fflt                                    0x080038dd   Thumb Code    48  fflt_clz.o(x$fpl$fflt)
    __aeabi_ui2f                             0x0800390d   Thumb Code     0  fflt_clz.o(x$fpl$ffltu)
    _ffltu                                   0x0800390d   Thumb Code    38  fflt_clz.o(x$fpl$ffltu)
    __aeabi_cfcmple                          0x08003935   Thumb Code     0  fleqf.o(x$fpl$fleqf)
    _fcmple                                  0x08003935   Thumb Code   104  fleqf.o(x$fpl$fleqf)
    __fpl_fcmple_InfNaN                      0x08003987   Thumb Code     0  fleqf.o(x$fpl$fleqf)
    __aeabi_fmul                             0x0800399d   Thumb Code     0  fmul.o(x$fpl$fmul)
    _fmul                                    0x0800399d   Thumb Code   258  fmul.o(x$fpl$fmul)
    __fpl_fnaninf                            0x08003a9f   Thumb Code   140  fnaninf.o(x$fpl$fnaninf)
    __fpl_fretinf                            0x08003b2b   Thumb Code    10  fretinf.o(x$fpl$fretinf)
    __aeabi_cfrcmple                         0x08003b35   Thumb Code     0  frleqf.o(x$fpl$frleqf)
    _frcmple                                 0x08003b35   Thumb Code    98  frleqf.o(x$fpl$frleqf)
    _frnd                                    0x08003b99   Thumb Code    96  frnd.o(x$fpl$frnd)
    __aeabi_frsub                            0x08003bf9   Thumb Code     0  faddsub_clz.o(x$fpl$frsb)
    _frsb                                    0x08003bf9   Thumb Code    20  faddsub_clz.o(x$fpl$frsb)
    __aeabi_fsub                             0x08003c0d   Thumb Code     0  faddsub_clz.o(x$fpl$fsub)
    _fsub                                    0x08003c0d   Thumb Code   234  faddsub_clz.o(x$fpl$fsub)
    _printf_fp_dec                           0x08003cf7   Thumb Code     4  printf1.o(x$fpl$printf1)
    _printf_fp_hex                           0x08003cfb   Thumb Code     4  printf2.o(x$fpl$printf2)
    __fpl_return_NaN                         0x08003cff   Thumb Code   100  retnan.o(x$fpl$retnan)
    __ARM_scalbnf                            0x08003d63   Thumb Code    76  scalbnf.o(x$fpl$scalbnf)
    __fpl_cmpreturn                          0x08003daf   Thumb Code    48  trapv.o(x$fpl$trapveneer)
    __I$use$fp                               0x08003dde   Number         0  usenofp.o(x$fpl$usenofp)
    Region$$Table$$Base                      0x08003f00   Number         0  anon$$obj.o(Region$$Table)
    Region$$Table$$Limit                     0x08003f20   Number         0  anon$$obj.o(Region$$Table)
    __ctype                                  0x08003f49   Data           0  lc_ctype_c.o(locale$$data)
    SystemCoreClock                          0x20000000   Data           4  system_stm32f10x.o(.data)
    AHBPrescTable                            0x20000004   Data          16  system_stm32f10x.o(.data)
    systick_count                            0x20000028   Data           4  delay.o(.data)
    __libspace_start                         0x2000008c   Data          96  libspace.o(.bss)
    __temporary_stack_top$libspace           0x200000ec   Data           0  libspace.o(.bss)



==============================================================================

Memory Map of the image

  Image Entry point : 0x080000ed

  Load Region LR_IROM1 (Base: 0x08000000, Size: 0x00004094, Max: 0x00010000, ABSOLUTE)

    Execution Region ER_IROM1 (Exec base: 0x08000000, Load base: 0x08000000, Size: 0x0000404c, Max: 0x00010000, ABSOLUTE)

    Exec Addr    Load Addr    Size         Type   Attr      Idx    E Section Name        Object

    0x08000000   0x08000000   0x000000ec   Data   RO            3    RESET               startup_stm32f10x_md.o
    0x080000ec   0x080000ec   0x00000008   Code   RO         3971  * !!!main             c_w.l(__main.o)
    0x080000f4   0x080000f4   0x00000034   Code   RO         4388    !!!scatter          c_w.l(__scatter.o)
    0x08000128   0x08000128   0x0000001a   Code   RO         4390    !!handler_copy      c_w.l(__scatter_copy.o)
    0x08000142   0x08000142   0x00000002   PAD
    0x08000144   0x08000144   0x0000001c   Code   RO         4392    !!handler_zi        c_w.l(__scatter_zi.o)
    0x08000160   0x08000160   0x00000000   Code   RO         4107    .ARM.Collect$$_printf_percent$$00000000  c_w.l(_printf_percent.o)
    0x08000160   0x08000160   0x00000006   Code   RO         4096    .ARM.Collect$$_printf_percent$$00000001  c_w.l(_printf_n.o)
    0x08000166   0x08000166   0x00000006   Code   RO         4098    .ARM.Collect$$_printf_percent$$00000002  c_w.l(_printf_p.o)
    0x0800016c   0x0800016c   0x00000006   Code   RO         4103    .ARM.Collect$$_printf_percent$$00000003  c_w.l(_printf_f.o)
    0x08000172   0x08000172   0x00000006   Code   RO         4104    .ARM.Collect$$_printf_percent$$00000004  c_w.l(_printf_e.o)
    0x08000178   0x08000178   0x00000006   Code   RO         4105    .ARM.Collect$$_printf_percent$$00000005  c_w.l(_printf_g.o)
    0x0800017e   0x0800017e   0x00000006   Code   RO         4106    .ARM.Collect$$_printf_percent$$00000006  c_w.l(_printf_a.o)
    0x08000184   0x08000184   0x0000000a   Code   RO         4111    .ARM.Collect$$_printf_percent$$00000007  c_w.l(_printf_ll.o)
    0x0800018e   0x0800018e   0x00000006   Code   RO         4100    .ARM.Collect$$_printf_percent$$00000008  c_w.l(_printf_i.o)
    0x08000194   0x08000194   0x00000006   Code   RO         4101    .ARM.Collect$$_printf_percent$$00000009  c_w.l(_printf_d.o)
    0x0800019a   0x0800019a   0x00000006   Code   RO         4102    .ARM.Collect$$_printf_percent$$0000000A  c_w.l(_printf_u.o)
    0x080001a0   0x080001a0   0x00000006   Code   RO         4099    .ARM.Collect$$_printf_percent$$0000000B  c_w.l(_printf_o.o)
    0x080001a6   0x080001a6   0x00000006   Code   RO         4097    .ARM.Collect$$_printf_percent$$0000000C  c_w.l(_printf_x.o)
    0x080001ac   0x080001ac   0x00000006   Code   RO         4108    .ARM.Collect$$_printf_percent$$0000000D  c_w.l(_printf_lli.o)
    0x080001b2   0x080001b2   0x00000006   Code   RO         4109    .ARM.Collect$$_printf_percent$$0000000E  c_w.l(_printf_lld.o)
    0x080001b8   0x080001b8   0x00000006   Code   RO         4110    .ARM.Collect$$_printf_percent$$0000000F  c_w.l(_printf_llu.o)
    0x080001be   0x080001be   0x00000006   Code   RO         4115    .ARM.Collect$$_printf_percent$$00000010  c_w.l(_printf_llo.o)
    0x080001c4   0x080001c4   0x00000006   Code   RO         4116    .ARM.Collect$$_printf_percent$$00000011  c_w.l(_printf_llx.o)
    0x080001ca   0x080001ca   0x0000000a   Code   RO         4112    .ARM.Collect$$_printf_percent$$00000012  c_w.l(_printf_l.o)
    0x080001d4   0x080001d4   0x00000006   Code   RO         4094    .ARM.Collect$$_printf_percent$$00000013  c_w.l(_printf_c.o)
    0x080001da   0x080001da   0x00000006   Code   RO         4095    .ARM.Collect$$_printf_percent$$00000014  c_w.l(_printf_s.o)
    0x080001e0   0x080001e0   0x00000006   Code   RO         4113    .ARM.Collect$$_printf_percent$$00000015  c_w.l(_printf_lc.o)
    0x080001e6   0x080001e6   0x00000006   Code   RO         4114    .ARM.Collect$$_printf_percent$$00000016  c_w.l(_printf_ls.o)
    0x080001ec   0x080001ec   0x00000004   Code   RO         4190    .ARM.Collect$$_printf_percent$$00000017  c_w.l(_printf_percent_end.o)
    0x080001f0   0x080001f0   0x00000002   Code   RO         4244    .ARM.Collect$$libinit$$00000000  c_w.l(libinit.o)
    0x080001f2   0x080001f2   0x00000000   Code   RO         4259    .ARM.Collect$$libinit$$00000002  c_w.l(libinit2.o)
    0x080001f2   0x080001f2   0x00000000   Code   RO         4261    .ARM.Collect$$libinit$$00000004  c_w.l(libinit2.o)
    0x080001f2   0x080001f2   0x00000000   Code   RO         4264    .ARM.Collect$$libinit$$0000000A  c_w.l(libinit2.o)
    0x080001f2   0x080001f2   0x00000000   Code   RO         4266    .ARM.Collect$$libinit$$0000000C  c_w.l(libinit2.o)
    0x080001f2   0x080001f2   0x00000000   Code   RO         4268    .ARM.Collect$$libinit$$0000000E  c_w.l(libinit2.o)
    0x080001f2   0x080001f2   0x00000006   Code   RO         4269    .ARM.Collect$$libinit$$0000000F  c_w.l(libinit2.o)
    0x080001f8   0x080001f8   0x00000000   Code   RO         4271    .ARM.Collect$$libinit$$00000011  c_w.l(libinit2.o)
    0x080001f8   0x080001f8   0x0000000c   Code   RO         4272    .ARM.Collect$$libinit$$00000012  c_w.l(libinit2.o)
    0x08000204   0x08000204   0x00000000   Code   RO         4273    .ARM.Collect$$libinit$$00000013  c_w.l(libinit2.o)
    0x08000204   0x08000204   0x00000000   Code   RO         4275    .ARM.Collect$$libinit$$00000015  c_w.l(libinit2.o)
    0x08000204   0x08000204   0x0000000a   Code   RO         4276    .ARM.Collect$$libinit$$00000016  c_w.l(libinit2.o)
    0x0800020e   0x0800020e   0x00000000   Code   RO         4277    .ARM.Collect$$libinit$$00000017  c_w.l(libinit2.o)
    0x0800020e   0x0800020e   0x00000000   Code   RO         4279    .ARM.Collect$$libinit$$00000019  c_w.l(libinit2.o)
    0x0800020e   0x0800020e   0x00000000   Code   RO         4281    .ARM.Collect$$libinit$$0000001B  c_w.l(libinit2.o)
    0x0800020e   0x0800020e   0x00000000   Code   RO         4283    .ARM.Collect$$libinit$$0000001D  c_w.l(libinit2.o)
    0x0800020e   0x0800020e   0x00000000   Code   RO         4285    .ARM.Collect$$libinit$$0000001F  c_w.l(libinit2.o)
    0x0800020e   0x0800020e   0x00000000   Code   RO         4287    .ARM.Collect$$libinit$$00000021  c_w.l(libinit2.o)
    0x0800020e   0x0800020e   0x00000000   Code   RO         4289    .ARM.Collect$$libinit$$00000023  c_w.l(libinit2.o)
    0x0800020e   0x0800020e   0x00000000   Code   RO         4291    .ARM.Collect$$libinit$$00000025  c_w.l(libinit2.o)
    0x0800020e   0x0800020e   0x00000000   Code   RO         4295    .ARM.Collect$$libinit$$0000002C  c_w.l(libinit2.o)
    0x0800020e   0x0800020e   0x00000000   Code   RO         4297    .ARM.Collect$$libinit$$0000002E  c_w.l(libinit2.o)
    0x0800020e   0x0800020e   0x00000000   Code   RO         4299    .ARM.Collect$$libinit$$00000030  c_w.l(libinit2.o)
    0x0800020e   0x0800020e   0x00000000   Code   RO         4301    .ARM.Collect$$libinit$$00000032  c_w.l(libinit2.o)
    0x0800020e   0x0800020e   0x00000002   Code   RO         4302    .ARM.Collect$$libinit$$00000033  c_w.l(libinit2.o)
    0x08000210   0x08000210   0x00000002   Code   RO         4326    .ARM.Collect$$libshutdown$$00000000  c_w.l(libshutdown.o)
    0x08000212   0x08000212   0x00000000   Code   RO         4339    .ARM.Collect$$libshutdown$$00000002  c_w.l(libshutdown2.o)
    0x08000212   0x08000212   0x00000000   Code   RO         4341    .ARM.Collect$$libshutdown$$00000004  c_w.l(libshutdown2.o)
    0x08000212   0x08000212   0x00000000   Code   RO         4343    .ARM.Collect$$libshutdown$$00000006  c_w.l(libshutdown2.o)
    0x08000212   0x08000212   0x00000000   Code   RO         4346    .ARM.Collect$$libshutdown$$00000009  c_w.l(libshutdown2.o)
    0x08000212   0x08000212   0x00000000   Code   RO         4349    .ARM.Collect$$libshutdown$$0000000C  c_w.l(libshutdown2.o)
    0x08000212   0x08000212   0x00000000   Code   RO         4351    .ARM.Collect$$libshutdown$$0000000E  c_w.l(libshutdown2.o)
    0x08000212   0x08000212   0x00000000   Code   RO         4354    .ARM.Collect$$libshutdown$$00000011  c_w.l(libshutdown2.o)
    0x08000212   0x08000212   0x00000002   Code   RO         4355    .ARM.Collect$$libshutdown$$00000012  c_w.l(libshutdown2.o)
    0x08000214   0x08000214   0x00000000   Code   RO         4021    .ARM.Collect$$rtentry$$00000000  c_w.l(__rtentry.o)
    0x08000214   0x08000214   0x00000000   Code   RO         4156    .ARM.Collect$$rtentry$$00000002  c_w.l(__rtentry2.o)
    0x08000214   0x08000214   0x00000006   Code   RO         4168    .ARM.Collect$$rtentry$$00000004  c_w.l(__rtentry4.o)
    0x0800021a   0x0800021a   0x00000000   Code   RO         4158    .ARM.Collect$$rtentry$$00000009  c_w.l(__rtentry2.o)
    0x0800021a   0x0800021a   0x00000004   Code   RO         4159    .ARM.Collect$$rtentry$$0000000A  c_w.l(__rtentry2.o)
    0x0800021e   0x0800021e   0x00000000   Code   RO         4161    .ARM.Collect$$rtentry$$0000000C  c_w.l(__rtentry2.o)
    0x0800021e   0x0800021e   0x00000008   Code   RO         4162    .ARM.Collect$$rtentry$$0000000D  c_w.l(__rtentry2.o)
    0x08000226   0x08000226   0x00000002   Code   RO         4251    .ARM.Collect$$rtexit$$00000000  c_w.l(rtexit.o)
    0x08000228   0x08000228   0x00000000   Code   RO         4306    .ARM.Collect$$rtexit$$00000002  c_w.l(rtexit2.o)
    0x08000228   0x08000228   0x00000004   Code   RO         4307    .ARM.Collect$$rtexit$$00000003  c_w.l(rtexit2.o)
    0x0800022c   0x0800022c   0x00000006   Code   RO         4308    .ARM.Collect$$rtexit$$00000004  c_w.l(rtexit2.o)
    0x08000232   0x08000232   0x00000002   PAD
    0x08000234   0x08000234   0x00000040   Code   RO            4    .text               startup_stm32f10x_md.o
    0x08000274   0x08000274   0x00000034   Code   RO         3965    .text               c_w.l(vsnprintf.o)
    0x080002a8   0x080002a8   0x00000006   Code   RO         3969    .text               c_w.l(heapauxi.o)
    0x080002ae   0x080002ae   0x00000016   Code   RO         4022    .text               c_w.l(_rserrno.o)
    0x080002c4   0x080002c4   0x0000004e   Code   RO         4026    .text               c_w.l(_printf_pad.o)
    0x08000312   0x08000312   0x00000024   Code   RO         4028    .text               c_w.l(_printf_truncate.o)
    0x08000336   0x08000336   0x00000052   Code   RO         4030    .text               c_w.l(_printf_str.o)
    0x08000388   0x08000388   0x00000078   Code   RO         4032    .text               c_w.l(_printf_dec.o)
    0x08000400   0x08000400   0x00000028   Code   RO         4034    .text               c_w.l(_printf_charcount.o)
    0x08000428   0x08000428   0x00000030   Code   RO         4036    .text               c_w.l(_printf_char_common.o)
    0x08000458   0x08000458   0x0000000a   Code   RO         4038    .text               c_w.l(_sputc.o)
    0x08000462   0x08000462   0x00000010   Code   RO         4040    .text               c_w.l(_snputc.o)
    0x08000472   0x08000472   0x00000002   PAD
    0x08000474   0x08000474   0x000000bc   Code   RO         4042    .text               c_w.l(_printf_wctomb.o)
    0x08000530   0x08000530   0x0000007c   Code   RO         4045    .text               c_w.l(_printf_longlong_dec.o)
    0x080005ac   0x080005ac   0x00000070   Code   RO         4051    .text               c_w.l(_printf_oct_int_ll.o)
    0x0800061c   0x0800061c   0x00000094   Code   RO         4071    .text               c_w.l(_printf_hex_int_ll_ptr.o)
    0x080006b0   0x080006b0   0x00000188   Code   RO         4091    .text               c_w.l(__printf_flags_ss_wp.o)
    0x08000838   0x08000838   0x00000008   Code   RO         4173    .text               c_w.l(rt_errno_addr_intlibspace.o)
    0x08000840   0x08000840   0x0000008a   Code   RO         4175    .text               c_w.l(lludiv10.o)
    0x080008ca   0x080008ca   0x000000b2   Code   RO         4177    .text               c_w.l(_printf_intcommon.o)
    0x0800097c   0x0800097c   0x0000041e   Code   RO         4179    .text               c_w.l(_printf_fp_dec.o)
    0x08000d9a   0x08000d9a   0x00000002   PAD
    0x08000d9c   0x08000d9c   0x000002fc   Code   RO         4181    .text               c_w.l(_printf_fp_hex.o)
    0x08001098   0x08001098   0x0000002c   Code   RO         4186    .text               c_w.l(_printf_char.o)
    0x080010c4   0x080010c4   0x0000002c   Code   RO         4188    .text               c_w.l(_printf_wchar.o)
    0x080010f0   0x080010f0   0x00000040   Code   RO         4191    .text               c_w.l(_wcrtomb.o)
    0x08001130   0x08001130   0x00000008   Code   RO         4195    .text               c_w.l(libspace.o)
    0x08001138   0x08001138   0x0000004a   Code   RO         4198    .text               c_w.l(sys_stackheap_outer.o)
    0x08001182   0x08001182   0x00000002   PAD
    0x08001184   0x08001184   0x00000010   Code   RO         4200    .text               c_w.l(rt_ctype_table.o)
    0x08001194   0x08001194   0x00000008   Code   RO         4205    .text               c_w.l(rt_locale_intlibspace.o)
    0x0800119c   0x0800119c   0x00000080   Code   RO         4207    .text               c_w.l(_printf_fp_infnan.o)
    0x0800121c   0x0800121c   0x000000e4   Code   RO         4209    .text               c_w.l(bigflt0.o)
    0x08001300   0x08001300   0x00000012   Code   RO         4237    .text               c_w.l(exit.o)
    0x08001312   0x08001312   0x00000002   PAD
    0x08001314   0x08001314   0x00000080   Code   RO         4256    .text               c_w.l(strcmpv7m.o)
    0x08001394   0x08001394   0x0000000c   Code   RO         4318    .text               c_w.l(sys_exit.o)
    0x080013a0   0x080013a0   0x00000002   Code   RO         4329    .text               c_w.l(use_no_semi.o)
    0x080013a2   0x080013a2   0x00000000   Code   RO         4331    .text               c_w.l(indicate_semi.o)
    0x080013a2   0x080013a2   0x0000003e   Code   RO         4212    CL$$btod_d2e        c_w.l(btod.o)
    0x080013e0   0x080013e0   0x00000046   Code   RO         4214    CL$$btod_d2e_denorm_low  c_w.l(btod.o)
    0x08001426   0x08001426   0x00000060   Code   RO         4213    CL$$btod_d2e_norm_op1  c_w.l(btod.o)
    0x08001486   0x08001486   0x00000338   Code   RO         4222    CL$$btod_div_common  c_w.l(btod.o)
    0x080017be   0x080017be   0x000000dc   Code   RO         4219    CL$$btod_e2e        c_w.l(btod.o)
    0x0800189a   0x0800189a   0x0000002a   Code   RO         4216    CL$$btod_ediv       c_w.l(btod.o)
    0x080018c4   0x080018c4   0x0000002a   Code   RO         4215    CL$$btod_emul       c_w.l(btod.o)
    0x080018ee   0x080018ee   0x00000244   Code   RO         4221    CL$$btod_mult_common  c_w.l(btod.o)
    0x08001b32   0x08001b32   0x00000020   Code   RO         3539    i.AS5600_GetAngleDiff  as5600.o
    0x08001b52   0x08001b52   0x00000032   Code   RO         3542    i.AS5600_GetRawAngle  as5600.o
    0x08001b84   0x08001b84   0x0000001a   Code   RO         3543    i.AS5600_GetStatus  as5600.o
    0x08001b9e   0x08001b9e   0x00000002   PAD
    0x08001ba0   0x08001ba0   0x00000044   Code   RO         3546    i.AS5600_Init       as5600.o
    0x08001be4   0x08001be4   0x00000012   Code   RO         3547    i.AS5600_IsConnected  as5600.o
    0x08001bf6   0x08001bf6   0x00000004   Code   RO         3899    i.BusFault_Handler  stm32f10x_it.o
    0x08001bfa   0x08001bfa   0x00000002   Code   RO         3900    i.DebugMon_Handler  stm32f10x_it.o
    0x08001bfc   0x08001bfc   0x0000000c   Code   RO         3196    i.Delay_GetTick     delay.o
    0x08001c08   0x08001c08   0x00000060   Code   RO         3197    i.Delay_Init        delay.o
    0x08001c68   0x08001c68   0x00000030   Code   RO         3744    i.FOC_AngleToRadian  foc.o
    0x08001c98   0x08001c98   0x00000034   Code   RO         3745    i.FOC_Clarke_Transform  foc.o
    0x08001ccc   0x08001ccc   0x00000014   Code   RO         3747    i.FOC_Enable        foc.o
    0x08001ce0   0x08001ce0   0x00000008   Code   RO         3748    i.FOC_GetControlStatus  foc.o
    0x08001ce8   0x08001ce8   0x0000005c   Code   RO         3749    i.FOC_Init          foc.o
    0x08001d44   0x08001d44   0x00000028   Code   RO         3751    i.FOC_LimitVoltage  foc.o
    0x08001d6c   0x08001d6c   0x000000b4   Code   RO         3752    i.FOC_MainLoop      foc.o
    0x08001e20   0x08001e20   0x0000006e   Code   RO         3753    i.FOC_PI_Calculate  foc.o
    0x08001e8e   0x08001e8e   0x00000014   Code   RO         3754    i.FOC_PI_Init       foc.o
    0x08001ea2   0x08001ea2   0x00000008   Code   RO         3755    i.FOC_PI_Reset      foc.o
    0x08001eaa   0x08001eaa   0x00000002   PAD
    0x08001eac   0x08001eac   0x00000108   Code   RO         3757    i.FOC_SVPWM_CalculateTimes  foc.o
    0x08001fb4   0x08001fb4   0x0000006c   Code   RO         3758    i.FOC_SVPWM_Generate  foc.o
    0x08002020   0x08002020   0x000001cc   Code   RO         3759    i.FOC_SVPWM_GeneratePWM  foc.o
    0x080021ec   0x080021ec   0x0000009c   Code   RO         3760    i.FOC_SVPWM_GetSector  foc.o
    0x08002288   0x08002288   0x0000001c   Code   RO         3761    i.FOC_SetControl    foc.o
    0x080022a4   0x080022a4   0x00000038   Code   RO         3762    i.FOC_SpeedControl  foc.o
    0x080022dc   0x080022dc   0x00000116   Code   RO         1347    i.GPIO_Init         stm32f10x_gpio.o
    0x080023f2   0x080023f2   0x00000004   Code   RO         1354    i.GPIO_ResetBits    stm32f10x_gpio.o
    0x080023f6   0x080023f6   0x00000004   Code   RO         1355    i.GPIO_SetBits      stm32f10x_gpio.o
    0x080023fa   0x080023fa   0x00000004   Code   RO         3901    i.HardFault_Handler  stm32f10x_it.o
    0x080023fe   0x080023fe   0x00000018   Code   RO         1464    i.I2C_Cmd           stm32f10x_i2c.o
    0x08002416   0x08002416   0x00000002   PAD
    0x08002418   0x08002418   0x00000038   Code   RO         1467    i.I2C_DeInit        stm32f10x_i2c.o
    0x08002450   0x08002450   0x000000ec   Code   RO         1478    i.I2C_Init          stm32f10x_i2c.o
    0x0800253c   0x0800253c   0x000000c0   Code   RO         3321    i.I2C_Read          myi2c.o
    0x080025fc   0x080025fc   0x00000016   Code   RO         3322    i.I2C_ReadByte      myi2c.o
    0x08002612   0x08002612   0x00000002   PAD
    0x08002614   0x08002614   0x0000004c   Code   RO         3323    i.I2C_ReceiveByte   myi2c.o
    0x08002660   0x08002660   0x00000038   Code   RO         3324    i.I2C_SendAddress   myi2c.o
    0x08002698   0x08002698   0x0000002c   Code   RO         3325    i.I2C_SendByte      myi2c.o
    0x080026c4   0x080026c4   0x00000030   Code   RO         3326    i.I2C_Start         myi2c.o
    0x080026f4   0x080026f4   0x00000014   Code   RO         3327    i.I2C_Stop          myi2c.o
    0x08002708   0x08002708   0x00000024   Code   RO         3328    i.I2C_WaitBTF       myi2c.o
    0x0800272c   0x0800272c   0x00000024   Code   RO         3657    i.MS8313_DisableOutput  ms8313.o
    0x08002750   0x08002750   0x00000024   Code   RO         3658    i.MS8313_EnableOutput  ms8313.o
    0x08002774   0x08002774   0x0000004c   Code   RO         3660    i.MS8313_GPIO_Init  ms8313.o
    0x080027c0   0x080027c0   0x00000014   Code   RO         3663    i.MS8313_Init       ms8313.o
    0x080027d4   0x080027d4   0x00000034   Code   RO         3664    i.MS8313_SetDutyCycle  ms8313.o
    0x08002808   0x08002808   0x00000022   Code   RO         3666    i.MS8313_SetThreePhaseDuty  ms8313.o
    0x0800282a   0x0800282a   0x0000000e   Code   RO         3667    i.MS8313_StopAll    ms8313.o
    0x08002838   0x08002838   0x00000086   Code   RO         3668    i.MS8313_TIM2_Init  ms8313.o
    0x080028be   0x080028be   0x00000002   PAD
    0x080028c0   0x080028c0   0x0000007c   Code   RO         3331    i.MYI2C_Init        myi2c.o
    0x0800293c   0x0800293c   0x00000004   Code   RO         3902    i.MemManage_Handler  stm32f10x_it.o
    0x08002940   0x08002940   0x00000002   Code   RO         3903    i.NMI_Handler       stm32f10x_it.o
    0x08002942   0x08002942   0x00000002   Code   RO         3904    i.PendSV_Handler    stm32f10x_it.o
    0x08002944   0x08002944   0x00000020   Code   RO         1775    i.RCC_APB1PeriphClockCmd  stm32f10x_rcc.o
    0x08002964   0x08002964   0x00000020   Code   RO         1776    i.RCC_APB1PeriphResetCmd  stm32f10x_rcc.o
    0x08002984   0x08002984   0x00000020   Code   RO         1777    i.RCC_APB2PeriphClockCmd  stm32f10x_rcc.o
    0x080029a4   0x080029a4   0x000000d4   Code   RO         1785    i.RCC_GetClocksFreq  stm32f10x_rcc.o
    0x08002a78   0x08002a78   0x00000002   Code   RO         3905    i.SVC_Handler       stm32f10x_it.o
    0x08002a7a   0x08002a7a   0x00000008   Code   RO           24    i.SetSysClock       system_stm32f10x.o
    0x08002a82   0x08002a82   0x00000002   PAD
    0x08002a84   0x08002a84   0x000000e0   Code   RO           25    i.SetSysClockTo72   system_stm32f10x.o
    0x08002b64   0x08002b64   0x00000010   Code   RO         3906    i.SysTick_Handler   stm32f10x_it.o
    0x08002b74   0x08002b74   0x00000060   Code   RO           27    i.SystemInit        system_stm32f10x.o
    0x08002bd4   0x08002bd4   0x00000018   Code   RO         2421    i.TIM_Cmd           stm32f10x_tim.o
    0x08002bec   0x08002bec   0x00000098   Code   RO         2450    i.TIM_OC1Init       stm32f10x_tim.o
    0x08002c84   0x08002c84   0x00000012   Code   RO         2453    i.TIM_OC1PreloadConfig  stm32f10x_tim.o
    0x08002c96   0x08002c96   0x00000002   PAD
    0x08002c98   0x08002c98   0x000000a4   Code   RO         2455    i.TIM_OC2Init       stm32f10x_tim.o
    0x08002d3c   0x08002d3c   0x0000001a   Code   RO         2458    i.TIM_OC2PreloadConfig  stm32f10x_tim.o
    0x08002d56   0x08002d56   0x00000002   PAD
    0x08002d58   0x08002d58   0x000000a0   Code   RO         2460    i.TIM_OC3Init       stm32f10x_tim.o
    0x08002df8   0x08002df8   0x00000012   Code   RO         2463    i.TIM_OC3PreloadConfig  stm32f10x_tim.o
    0x08002e0a   0x08002e0a   0x00000002   PAD
    0x08002e0c   0x08002e0c   0x000000a4   Code   RO         2492    i.TIM_TimeBaseInit  stm32f10x_tim.o
    0x08002eb0   0x08002eb0   0x00000084   Code   RO         3409    i.USART1_Init       usart.o
    0x08002f34   0x08002f34   0x00000028   Code   RO         3412    i.USART1_Printf     usart.o
    0x08002f5c   0x08002f5c   0x00000030   Code   RO         3417    i.USART1_SendByte   usart.o
    0x08002f8c   0x08002f8c   0x00000020   Code   RO         3421    i.USART1_SendString  usart.o
    0x08002fac   0x08002fac   0x00000018   Code   RO         2960    i.USART_Cmd         stm32f10x_usart.o
    0x08002fc4   0x08002fc4   0x0000001a   Code   RO         2963    i.USART_GetFlagStatus  stm32f10x_usart.o
    0x08002fde   0x08002fde   0x00000002   PAD
    0x08002fe0   0x08002fe0   0x000000d8   Code   RO         2967    i.USART_Init        stm32f10x_usart.o
    0x080030b8   0x080030b8   0x00000008   Code   RO         2977    i.USART_SendData    stm32f10x_usart.o
    0x080030c0   0x080030c0   0x00000004   Code   RO         3907    i.UsageFault_Handler  stm32f10x_it.o
    0x080030c4   0x080030c4   0x00000028   Code   RO         4249    i.__ARM_fpclassify  m_ws.l(fpclassify.o)
    0x080030ec   0x080030ec   0x00000006   Code   RO         4139    i.__mathlib_flt_infnan  m_ws.l(funder.o)
    0x080030f2   0x080030f2   0x00000008   Code   RO         4141    i.__mathlib_flt_invalid  m_ws.l(funder.o)
    0x080030fa   0x080030fa   0x00000002   PAD
    0x080030fc   0x080030fc   0x00000168   Code   RO         4152    i.__mathlib_rredf2  m_ws.l(rredf.o)
    0x08003264   0x08003264   0x0000000e   Code   RO         4084    i._is_digit         c_w.l(__printf_wp.o)
    0x08003272   0x08003272   0x00000002   PAD
    0x08003274   0x08003274   0x0000017c   Code   RO         4006    i.cosf              m_ws.l(cosf.o)
    0x080033f0   0x080033f0   0x0000014c   Code   RO         3874    i.main              main.o
    0x0800353c   0x0800353c   0x0000002c   Code   RO         4235    locale$$code        c_w.l(lc_numeric_c.o)
    0x08003568   0x08003568   0x0000002c   Code   RO         4254    locale$$code        c_w.l(lc_ctype_c.o)
    0x08003594   0x08003594   0x0000000c   Code   RO         4117    x$fpl$dretinf       fz_ws.l(dretinf.o)
    0x080035a0   0x080035a0   0x00000056   Code   RO         3973    x$fpl$f2d           fz_ws.l(f2d.o)
    0x080035f6   0x080035f6   0x00000002   PAD
    0x080035f8   0x080035f8   0x000000c4   Code   RO         3975    x$fpl$fadd          fz_ws.l(faddsub_clz.o)
    0x080036bc   0x080036bc   0x0000000c   Code   RO         4245    x$fpl$fcheck1       fz_ws.l(fcheck1.o)
    0x080036c8   0x080036c8   0x00000018   Code   RO         4119    x$fpl$fcmpinf       fz_ws.l(fcmpi.o)
    0x080036e0   0x080036e0   0x00000184   Code   RO         3982    x$fpl$fdiv          fz_ws.l(fdiv.o)
    0x08003864   0x08003864   0x00000036   Code   RO         3985    x$fpl$ffix          fz_ws.l(ffix.o)
    0x0800389a   0x0800389a   0x00000002   PAD
    0x0800389c   0x0800389c   0x0000003e   Code   RO         3989    x$fpl$ffixu         fz_ws.l(ffixu.o)
    0x080038da   0x080038da   0x00000002   PAD
    0x080038dc   0x080038dc   0x00000030   Code   RO         3994    x$fpl$fflt          fz_ws.l(fflt_clz.o)
    0x0800390c   0x0800390c   0x00000026   Code   RO         3993    x$fpl$ffltu         fz_ws.l(fflt_clz.o)
    0x08003932   0x08003932   0x00000002   PAD
    0x08003934   0x08003934   0x00000068   Code   RO         3999    x$fpl$fleqf         fz_ws.l(fleqf.o)
    0x0800399c   0x0800399c   0x00000102   Code   RO         4001    x$fpl$fmul          fz_ws.l(fmul.o)
    0x08003a9e   0x08003a9e   0x0000008c   Code   RO         4121    x$fpl$fnaninf       fz_ws.l(fnaninf.o)
    0x08003b2a   0x08003b2a   0x0000000a   Code   RO         4123    x$fpl$fretinf       fz_ws.l(fretinf.o)
    0x08003b34   0x08003b34   0x00000062   Code   RO         4003    x$fpl$frleqf        fz_ws.l(frleqf.o)
    0x08003b96   0x08003b96   0x00000002   PAD
    0x08003b98   0x08003b98   0x00000060   Code   RO         4125    x$fpl$frnd          fz_ws.l(frnd.o)
    0x08003bf8   0x08003bf8   0x00000014   Code   RO         3976    x$fpl$frsb          fz_ws.l(faddsub_clz.o)
    0x08003c0c   0x08003c0c   0x000000ea   Code   RO         3977    x$fpl$fsub          fz_ws.l(faddsub_clz.o)
    0x08003cf6   0x08003cf6   0x00000004   Code   RO         4127    x$fpl$printf1       fz_ws.l(printf1.o)
    0x08003cfa   0x08003cfa   0x00000004   Code   RO         4129    x$fpl$printf2       fz_ws.l(printf2.o)
    0x08003cfe   0x08003cfe   0x00000064   Code   RO         4303    x$fpl$retnan        fz_ws.l(retnan.o)
    0x08003d62   0x08003d62   0x0000004c   Code   RO         4193    x$fpl$scalbnf       fz_ws.l(scalbnf.o)
    0x08003dae   0x08003dae   0x00000030   Code   RO         4316    x$fpl$trapveneer    fz_ws.l(trapv.o)
    0x08003dde   0x08003dde   0x00000000   Code   RO         4135    x$fpl$usenofp       fz_ws.l(usenofp.o)
    0x08003dde   0x08003dde   0x00000002   PAD
    0x08003de0   0x08003de0   0x00000008   Data   RO         4043    .constdata          c_w.l(_printf_wctomb.o)
    0x08003de8   0x08003de8   0x00000028   Data   RO         4072    .constdata          c_w.l(_printf_hex_int_ll_ptr.o)
    0x08003e10   0x08003e10   0x00000011   Data   RO         4092    .constdata          c_w.l(__printf_flags_ss_wp.o)
    0x08003e21   0x08003e21   0x00000003   PAD
    0x08003e24   0x08003e24   0x00000020   Data   RO         4153    .constdata          m_ws.l(rredf.o)
    0x08003e44   0x08003e44   0x00000026   Data   RO         4182    .constdata          c_w.l(_printf_fp_hex.o)
    0x08003e6a   0x08003e6a   0x00000002   PAD
    0x08003e6c   0x08003e6c   0x00000094   Data   RO         4210    .constdata          c_w.l(bigflt0.o)
    0x08003f00   0x08003f00   0x00000020   Data   RO         4386    Region$$Table       anon$$obj.o
    0x08003f20   0x08003f20   0x0000001c   Data   RO         4234    locale$$data        c_w.l(lc_numeric_c.o)
    0x08003f3c   0x08003f3c   0x00000110   Data   RO         4253    locale$$data        c_w.l(lc_ctype_c.o)


    Execution Region RW_IRAM1 (Exec base: 0x20000000, Load base: 0x0800404c, Size: 0x000006f0, Max: 0x00005000, ABSOLUTE)

    Exec Addr    Load Addr    Size         Type   Attr      Idx    E Section Name        Object

    0x20000000   0x0800404c   0x00000014   Data   RW           28    .data               system_stm32f10x.o
    0x20000014   0x08004060   0x00000014   Data   RW         1805    .data               stm32f10x_rcc.o
    0x20000028   0x08004074   0x00000004   Data   RW         3201    .data               delay.o
    0x2000002c   0x08004078   0x00000004   Data   RW         3424    .data               usart.o
    0x20000030   0x0800407c   0x0000000c   Data   RW         3553    .data               as5600.o
    0x2000003c   0x08004088   0x00000001   Data   RW         3670    .data               ms8313.o
    0x2000003d   0x08004089   0x00000001   Data   RW         3764    .data               foc.o
    0x2000003e   0x0800408a   0x00000002   PAD
    0x20000040   0x0800408c   0x00000006   Data   RW         3875    .data               main.o
    0x20000046   0x08004092   0x00000002   PAD
    0x20000048        -       0x00000044   Zero   RW         3763    .bss                foc.o
    0x2000008c        -       0x00000060   Zero   RW         4196    .bss                c_w.l(libspace.o)
    0x200000ec   0x08004092   0x00000004   PAD
    0x200000f0        -       0x00000200   Zero   RW            2    HEAP                startup_stm32f10x_md.o
    0x200002f0        -       0x00000400   Zero   RW            1    STACK               startup_stm32f10x_md.o


==============================================================================

Image component sizes


      Code (inc. data)   RO Data    RW Data    ZI Data      Debug   Object Name

       194         10          0         12          0       4509   as5600.o
         0          0          0          0          0       4508   core_cm3.o
       108         18          0          4          0     260836   delay.o
      1650        116          0          1         68      11582   foc.o
       332        104          0          6          0       2135   main.o
         0          0          0          0          0     201688   misc.o
       402         22          0          1          0       4077   ms8313.o
       618         50          0          0          0       5463   myi2c.o
        64         26        236          0       1536        804   startup_stm32f10x_md.o
       286          0          0          0          0      11216   stm32f10x_gpio.o
       316         20          0          0          0      11306   stm32f10x_i2c.o
        40          4          0          0          0       3658   stm32f10x_it.o
       308         38          0         20          0      13535   stm32f10x_rcc.o
       726         82          0          0          0      25680   stm32f10x_tim.o
       274          6          0          0          0       9852   stm32f10x_usart.o
       328         28          0         20          0      10845   system_stm32f10x.o
       252         18          0          4          0       3068   usart.o

    ----------------------------------------------------------------------
      5918        542        268         72       1604     584762   Object Totals
         0          0         32          0          0          0   (incl. Generated)
        20          0          0          4          0          0   (incl. Padding)

    ----------------------------------------------------------------------

      Code (inc. data)   RO Data    RW Data    ZI Data      Debug   Library Member Name

         8          0          0          0          0         68   __main.o
       392          4         17          0          0         92   __printf_flags_ss_wp.o
        14          0          0          0          0         68   __printf_wp.o
         0          0          0          0          0          0   __rtentry.o
        12          0          0          0          0          0   __rtentry2.o
         6          0          0          0          0          0   __rtentry4.o
        52          8          0          0          0          0   __scatter.o
        26          0          0          0          0          0   __scatter_copy.o
        28          0          0          0          0          0   __scatter_zi.o
         6          0          0          0          0          0   _printf_a.o
         6          0          0          0          0          0   _printf_c.o
        44          0          0          0          0        108   _printf_char.o
        48          6          0          0          0         96   _printf_char_common.o
        40          0          0          0          0         68   _printf_charcount.o
         6          0          0          0          0          0   _printf_d.o
       120         16          0          0          0         92   _printf_dec.o
         6          0          0          0          0          0   _printf_e.o
         6          0          0          0          0          0   _printf_f.o
      1054          0          0          0          0        216   _printf_fp_dec.o
       764          8         38          0          0        100   _printf_fp_hex.o
       128         16          0          0          0         84   _printf_fp_infnan.o
         6          0          0          0          0          0   _printf_g.o
       148          4         40          0          0        160   _printf_hex_int_ll_ptr.o
         6          0          0          0          0          0   _printf_i.o
       178          0          0          0          0         88   _printf_intcommon.o
        10          0          0          0          0          0   _printf_l.o
         6          0          0          0          0          0   _printf_lc.o
        10          0          0          0          0          0   _printf_ll.o
         6          0          0          0          0          0   _printf_lld.o
         6          0          0          0          0          0   _printf_lli.o
         6          0          0          0          0          0   _printf_llo.o
         6          0          0          0          0          0   _printf_llu.o
         6          0          0          0          0          0   _printf_llx.o
       124         16          0          0          0         92   _printf_longlong_dec.o
         6          0          0          0          0          0   _printf_ls.o
         6          0          0          0          0          0   _printf_n.o
         6          0          0          0          0          0   _printf_o.o
       112         10          0          0          0        124   _printf_oct_int_ll.o
         6          0          0          0          0          0   _printf_p.o
        78          0          0          0          0        108   _printf_pad.o
         0          0          0          0          0          0   _printf_percent.o
         4          0          0          0          0          0   _printf_percent_end.o
         6          0          0          0          0          0   _printf_s.o
        82          0          0          0          0         80   _printf_str.o
        36          0          0          0          0         84   _printf_truncate.o
         6          0          0          0          0          0   _printf_u.o
        44          0          0          0          0        108   _printf_wchar.o
       188          6          8          0          0         92   _printf_wctomb.o
         6          0          0          0          0          0   _printf_x.o
        22          0          0          0          0        100   _rserrno.o
        16          0          0          0          0         68   _snputc.o
        10          0          0          0          0         68   _sputc.o
        64          0          0          0          0         92   _wcrtomb.o
       228          4        148          0          0         96   bigflt0.o
      1936        128          0          0          0        672   btod.o
        18          0          0          0          0         80   exit.o
         6          0          0          0          0        152   heapauxi.o
         0          0          0          0          0          0   indicate_semi.o
        44         10        272          0          0         76   lc_ctype_c.o
        44         10         28          0          0         76   lc_numeric_c.o
         2          0          0          0          0          0   libinit.o
        30          0          0          0          0          0   libinit2.o
         2          0          0          0          0          0   libshutdown.o
         2          0          0          0          0          0   libshutdown2.o
         8          4          0          0         96         68   libspace.o
       138          0          0          0          0         80   lludiv10.o
        16          4          0          0          0         76   rt_ctype_table.o
         8          4          0          0          0         68   rt_errno_addr_intlibspace.o
         8          4          0          0          0         68   rt_locale_intlibspace.o
         2          0          0          0          0          0   rtexit.o
        10          0          0          0          0          0   rtexit2.o
       128          0          0          0          0         68   strcmpv7m.o
        12          4          0          0          0         68   sys_exit.o
        74          0          0          0          0         80   sys_stackheap_outer.o
         2          0          0          0          0         68   use_no_semi.o
        52          4          0          0          0         80   vsnprintf.o
        12          0          0          0          0         68   dretinf.o
        86          4          0          0          0         84   f2d.o
       450          8          0          0          0        236   faddsub_clz.o
        12          4          0          0          0         68   fcheck1.o
        24          0          0          0          0         68   fcmpi.o
       388         76          0          0          0         96   fdiv.o
        54          4          0          0          0         84   ffix.o
        62          4          0          0          0         84   ffixu.o
        86          0          0          0          0        136   fflt_clz.o
       104          4          0          0          0         84   fleqf.o
       258          4          0          0          0         84   fmul.o
       140          4          0          0          0         84   fnaninf.o
        10          0          0          0          0         68   fretinf.o
        98          0          0          0          0         68   frleqf.o
        96          4          0          0          0         76   frnd.o
         4          0          0          0          0         68   printf1.o
         4          0          0          0          0         68   printf2.o
       100          0          0          0          0         68   retnan.o
        76          0          0          0          0         68   scalbnf.o
        48          0          0          0          0         68   trapv.o
         0          0          0          0          0          0   usenofp.o
       380         52          0          0          0        124   cosf.o
        40          0          0          0          0         68   fpclassify.o
        14          0          0          0          0        136   funder.o
       360         16         32          0          0         88   rredf.o

    ----------------------------------------------------------------------
      9686        454        588          0        100       6276   Library Totals
        28          0          5          0          4          0   (incl. Padding)

    ----------------------------------------------------------------------

      Code (inc. data)   RO Data    RW Data    ZI Data      Debug   Library Name

      6752        270        551          0         96       4132   c_w.l
      2112        116          0          0          0       1728   fz_ws.l
       794         68         32          0          0        416   m_ws.l

    ----------------------------------------------------------------------
      9686        454        588          0        100       6276   Library Totals

    ----------------------------------------------------------------------

==============================================================================


      Code (inc. data)   RO Data    RW Data    ZI Data      Debug   

     15604        996        856         72       1704     583494   Grand Totals
     15604        996        856         72       1704     583494   ELF Image Totals
     15604        996        856         72          0          0   ROM Totals

==============================================================================

    Total RO  Size (Code + RO Data)                16460 (  16.07kB)
    Total RW  Size (RW Data + ZI Data)              1776 (   1.73kB)
    Total ROM Size (Code + RO Data + RW Data)      16532 (  16.14kB)

==============================================================================

